12-28 00:57:38.277 27344  1139 E libEGL  : eglCreateWindowSurfaceTmpl:697 error 3003 (EGL_BAD_ALLOC)
12-28 00:57:38.293 27344  1139 E BufferQueueProducer: [SurfaceTexture-0-27344-1029](id:6ad00000049c,api:1,p:27344,c:27344) query: BufferQueue has been abandoned
12-28 00:57:38.293 27344  1139 E BufferQueueProducer: [SurfaceTexture-0-27344-1029](id:6ad00000049c,api:1,p:27344,c:27344) connect: BufferQueue has been abandoned
12-28 00:57:38.293 27344  1139 E libEGL  : eglCreateWindowSurface: native_window_api_connect (win=0x75ced83350) failed (0xffffffed) (already connected to another API?)
12-28 00:57:38.293 27344  1139 E libEGL  : eglCreateWindowSurfaceTmpl:697 error 3003 (EGL_BAD_ALLOC)
12-28 00:57:38.309 27344  1139 E BufferQueueProducer: [SurfaceTexture-0-27344-1029](id:6ad00000049c,api:1,p:27344,c:27344) query: BufferQueue has been abandoned
12-28 00:57:38.310 27344  1139 E BufferQueueProducer: [SurfaceTexture-0-27344-1029](id:6ad00000049c,api:1,p:27344,c:27344) connect: BufferQueue has been abandoned
12-28 00:57:38.311 27344  1139 E libEGL  : eglCreateWindowSurface: native_window_api_connect (win=0x75ced83350) failed (0xffffffed) (already connected to another API?)
12-28 00:57:38.311 27344  1139 E libEGL  : eglCreateWindowSurfaceTmpl:697 error 3003 (EGL_BAD_ALLOC)
12-28 00:57:38.326 27344  1139 E BufferQueueProducer: [SurfaceTexture-0-27344-1029](id:6ad00000049c,api:1,p:27344,c:27344) query: BufferQueue has been abandoned
12-28 00:57:38.326 27344  1139 E BufferQueueProducer: [SurfaceTexture-0-27344-1029](id:6ad00000049c,api:1,p:27344,c:27344) connect: BufferQueue has been abandoned
12-28 00:57:38.327 27344  1139 E libEGL  : eglCreateWindowSurface: native_window_api_connect (win=0x75ced83350) failed (0xffffffed) (already connected to another API?)
12-28 00:57:38.327 27344  1139 E libEGL  : eglCreateWindowSurfaceTmpl:697 error 3003 (EGL_BAD_ALLOC)
12-28 00:57:38.343 27344  1139 E BufferQueueProducer: [SurfaceTexture-0-27344-1029](id:6ad00000049c,api:1,p:27344,c:27344) query: BufferQueue has been abandoned
12-28 00:57:38.343 27344  1139 E BufferQueueProducer: [SurfaceTexture-0-27344-1029](id:6ad00000049c,api:1,p:27344,c:27344) connect: BufferQueue has been abandoned
12-28 00:57:38.343 27344  1139 E libEGL  : eglCreateWindowSurface: native_window_api_connect (win=0x75ced83350) failed (0xffffffed) (already connected to another API?)
12-28 00:57:38.344 27344  1139 E libEGL  : eglCreateWindowSurfaceTmpl:697 error 3003 (EGL_BAD_ALLOC)
12-28 00:57:38.360 27344  1139 E BufferQueueProducer: [SurfaceTexture-0-27344-1029](id:6ad00000049c,api:1,p:27344,c:27344) query: BufferQueue has been abandoned
12-28 00:57:38.360 27344  1139 E BufferQueueProducer: [SurfaceTexture-0-27344-1029](id:6ad00000049c,api:1,p:27344,c:27344) connect: BufferQueue has been abandoned
12-28 00:57:38.360 27344  1139 E libEGL  : eglCreateWindowSurface: native_window_api_connect (win=0x75ced83350) failed (0xffffffed) (already connected to another API?)
12-28 00:57:38.360 27344  1139 E libEGL  : eglCreateWindowSurfaceTmpl:697 error 3003 (EGL_BAD_ALLOC)
12-28 00:57:38.376 27344  1139 E BufferQueueProducer: [SurfaceTexture-0-27344-1029](id:6ad00000049c,api:1,p:27344,c:27344) query: BufferQueue has been abandoned
12-28 00:57:38.376 27344  1139 E BufferQueueProducer: [SurfaceTexture-0-27344-1029](id:6ad00000049c,api:1,p:27344,c:27344) connect: BufferQueue has been abandoned
12-28 00:57:38.377 27344  1139 E libEGL  : eglCreateWindowSurface: native_window_api_connect (win=0x75ced83350) failed (0xffffffed) (already connected to another API?)
12-28 00:57:38.377 27344  1139 E libEGL  : eglCreateWindowSurfaceTmpl:697 error 3003 (EGL_BAD_ALLOC)
12-28 00:57:38.388  2896  5167 I MiuiNetworkPolicy: bandwidth: 17 KB/s, Max bandwidth: 1474 KB/s
12-28 00:57:38.393 27344  1139 E BufferQueueProducer: [SurfaceTexture-0-27344-1029](id:6ad00000049c,api:1,p:27344,c:27344) query: BufferQueue has been abandoned
12-28 00:57:38.393 27344  1139 E BufferQueueProducer: [SurfaceTexture-0-27344-1029](id:6ad00000049c,api:1,p:27344,c:27344) connect: BufferQueue has been abandoned
12-28 00:57:38.393 27344  1139 E libEGL  : eglCreateWindowSurface: native_window_api_connect (win=0x75ced83350) failed (0xffffffed) (already connected to another API?)
12-28 00:57:38.393 27344  1139 E libEGL  : eglCreateWindowSurfaceTmpl:697 error 3003 (EGL_BAD_ALLOC)
12-28 00:57:38.409 27344  1139 E BufferQueueProducer: [SurfaceTexture-0-27344-1029](id:6ad00000049c,api:1,p:27344,c:27344) query: BufferQueue has been abandoned
12-28 00:57:38.410 27344  1139 E BufferQueueProducer: [SurfaceTexture-0-27344-1029](id:6ad00000049c,api:1,p:27344,c:27344) connect: BufferQueue has been abandoned
12-28 00:57:38.410 27344  1139 E libEGL  : eglCreateWindowSurface: native_window_api_connect (win=0x75ced83350) failed (0xffffffed) (already connected to another API?)
12-28 00:57:38.410 27344  1139 E libEGL  : eglCreateWindowSurfaceTmpl:697 error 3003 (EGL_BAD_ALLOC)
12-28 00:57:38.426 27344  1139 E BufferQueueProducer: [SurfaceTexture-0-27344-1029](id:6ad00000049c,api:1,p:27344,c:27344) query: BufferQueue has been abandoned
12-28 00:57:38.426 27344  1139 E BufferQueueProducer: [SurfaceTexture-0-27344-1029](id:6ad00000049c,api:1,p:27344,c:27344) connect: BufferQueue has been abandoned
12-28 00:57:38.427 27344  1139 E libEGL  : eglCreateWindowSurface: native_window_api_connect (win=0x75ced83350) failed (0xffffffed) (already connected to another API?)
12-28 00:57:38.427 27344  1139 E libEGL  : eglCreateWindowSurfaceTmpl:697 error 3003 (EGL_BAD_ALLOC)
12-28 00:57:38.443 27344  1139 E BufferQueueProducer: [SurfaceTexture-0-27344-1029](id:6ad00000049c,api:1,p:27344,c:27344) query: BufferQueue has been abandoned
12-28 00:57:38.443 27344  1139 E BufferQueueProducer: [SurfaceTexture-0-27344-1029](id:6ad00000049c,api:1,p:27344,c:27344) connect: BufferQueue has been abandoned
12-28 00:57:38.443 27344  1139 E libEGL  : eglCreateWindowSurface: native_window_api_connect (win=0x75ced83350) failed (0xffffffed) (already connected to another API?)
12-28 00:57:38.443 27344  1139 E libEGL  : eglCreateWindowSurfaceTmpl:697 error 3003 (EGL_BAD_ALLOC)
12-28 00:57:38.459 27344  1139 E BufferQueueProducer: [SurfaceTexture-0-27344-1029](id:6ad00000049c,api:1,p:27344,c:27344) query: BufferQueue has been abandoned
12-28 00:57:38.460 27344  1139 E BufferQueueProducer: [SurfaceTexture-0-27344-1029](id:6ad00000049c,api:1,p:27344,c:27344) connect: BufferQueue has been abandoned
12-28 00:57:38.460 27344  1139 E libEGL  : eglCreateWindowSurface: native_window_api_connect (win=0x75ced83350) failed (0xffffffed) (already connected to another API?)
12-28 00:57:38.460 27344  1139 E libEGL  : eglCreateWindowSurfaceTmpl:697 error 3003 (EGL_BAD_ALLOC)
12-28 00:57:38.476 27344  1139 E BufferQueueProducer: [SurfaceTexture-0-27344-1029](id:6ad00000049c,api:1,p:27344,c:27344) query: BufferQueue has been abandoned
12-28 00:57:38.476 27344  1139 E BufferQueueProducer: [SurfaceTexture-0-27344-1029](id:6ad00000049c,api:1,p:27344,c:27344) connect: BufferQueue has been abandoned
12-28 00:57:38.476 27344  1139 E libEGL  : eglCreateWindowSurface: native_window_api_connect (win=0x75ced83350) failed (0xffffffed) (already connected to another API?)
12-28 00:57:38.476 27344  1139 E libEGL  : eglCreateWindowSurfaceTmpl:697 error 3003 (EGL_BAD_ALLOC)
12-28 00:57:38.493 27344  1139 E BufferQueueProducer: [SurfaceTexture-0-27344-1029](id:6ad00000049c,api:1,p:27344,c:27344) query: BufferQueue has been abandoned
12-28 00:57:38.493 27344  1139 E BufferQueueProducer: [SurfaceTexture-0-27344-1029](id:6ad00000049c,api:1,p:27344,c:27344) connect: BufferQueue has been abandoned
12-28 00:57:38.493 27344  1139 E libEGL  : eglCreateWindowSurface: native_window_api_connect (win=0x75ced83350) failed (0xffffffed) (already connected to another API?)
12-28 00:57:38.493 27344  1139 E libEGL  : eglCreateWindowSurfaceTmpl:697 error 3003 (EGL_BAD_ALLOC)
12-28 00:57:38.509 27344  1139 E BufferQueueProducer: [SurfaceTexture-0-27344-1029](id:6ad00000049c,api:1,p:27344,c:27344) query: BufferQueue has been abandoned
12-28 00:57:38.510 27344  1139 E BufferQueueProducer: [SurfaceTexture-0-27344-1029](id:6ad00000049c,api:1,p:27344,c:27344) connect: BufferQueue has been abandoned
12-28 00:57:38.510 27344  1139 E libEGL  : eglCreateWindowSurface: native_window_api_connect (win=0x75ced83350) failed (0xffffffed) (already connected to another API?)
12-28 00:57:38.510 27344  1139 E libEGL  : eglCreateWindowSurfaceTmpl:697 error 3003 (EGL_BAD_ALLOC)
12-28 00:57:38.526 27344  1139 E BufferQueueProducer: [SurfaceTexture-0-27344-1029](id:6ad00000049c,api:1,p:27344,c:27344) query: BufferQueue has been abandoned
12-28 00:57:38.527 27344  1139 E BufferQueueProducer: [SurfaceTexture-0-27344-1029](id:6ad00000049c,api:1,p:27344,c:27344) connect: BufferQueue has been abandoned
12-28 00:57:38.527 27344  1139 E libEGL  : eglCreateWindowSurface: native_window_api_connect (win=0x75ced83350) failed (0xffffffed) (already connected to another API?)
12-28 00:57:38.527 27344  1139 E libEGL  : eglCreateWindowSurfaceTmpl:697 error 3003 (EGL_BAD_ALLOC)
12-28 00:57:38.527 23476 21051 I AOSP-MdnsDiscoveryManag: (REDACTED) %s
12-28 00:57:38.528 23476 21049 I AOSP-MdnsDiscoveryManag: (REDACTED) %s
12-28 00:57:38.529 23476 21050 W AOSP-MdnsDiscoveryManag: Error while decoding multicast packet (15042): 1 [CONTEXT service_id=168 ]
12-28 00:57:38.529 23476 21051 I AOSP-MdnsDiscoveryManag: (REDACTED) %s
12-28 00:57:38.530 23476 21049 I AOSP-MdnsDiscoveryManag: (REDACTED) %s
12-28 00:57:38.530 23476 24256 I AOSP-MdnsDiscoveryManag: (REDACTED) %s
12-28 00:57:38.530 23476 21050 W AOSP-MdnsDiscoveryManag: Error while decoding multicast packet (15043): 1 [CONTEXT service_id=168 ]
12-28 00:57:38.543 27344  1139 E BufferQueueProducer: [SurfaceTexture-0-27344-1029](id:6ad00000049c,api:1,p:27344,c:27344) query: BufferQueue has been abandoned
12-28 00:57:38.544 27344  1139 E BufferQueueProducer: [SurfaceTexture-0-27344-1029](id:6ad00000049c,api:1,p:27344,c:27344) connect: BufferQueue has been abandoned
12-28 00:57:38.544 27344  1139 E libEGL  : eglCreateWindowSurface: native_window_api_connect (win=0x75ced83350) failed (0xffffffed) (already connected to another API?)
12-28 00:57:38.544 27344  1139 E libEGL  : eglCreateWindowSurfaceTmpl:697 error 3003 (EGL_BAD_ALLOC)
12-28 00:57:38.559 27344  1139 E BufferQueueProducer: [SurfaceTexture-0-27344-1029](id:6ad00000049c,api:1,p:27344,c:27344) query: BufferQueue has been abandoned
12-28 00:57:38.560 27344  1139 E BufferQueueProducer: [SurfaceTexture-0-27344-1029](id:6ad00000049c,api:1,p:27344,c:27344) connect: BufferQueue has been abandoned
12-28 00:57:38.560 27344  1139 E libEGL  : eglCreateWindowSurface: native_window_api_connect (win=0x75ced83350) failed (0xffffffed) (already connected to another API?)
12-28 00:57:38.560 27344  1139 E libEGL  : eglCreateWindowSurfaceTmpl:697 error 3003 (EGL_BAD_ALLOC)
12-28 00:57:38.576 27344  1139 E BufferQueueProducer: [SurfaceTexture-0-27344-1029](id:6ad00000049c,api:1,p:27344,c:27344) query: BufferQueue has been abandoned
12-28 00:57:38.576 27344  1139 E BufferQueueProducer: [SurfaceTexture-0-27344-1029](id:6ad00000049c,api:1,p:27344,c:27344) connect: BufferQueue has been abandoned
12-28 00:57:38.577 27344  1139 E libEGL  : eglCreateWindowSurface: native_window_api_connect (win=0x75ced83350) failed (0xffffffed) (already connected to another API?)
12-28 00:57:38.577 27344  1139 E libEGL  : eglCreateWindowSurfaceTmpl:697 error 3003 (EGL_BAD_ALLOC)
12-28 00:57:38.593 27344  1139 E BufferQueueProducer: [SurfaceTexture-0-27344-1029](id:6ad00000049c,api:1,p:27344,c:27344) query: BufferQueue has been abandoned
12-28 00:57:38.593 27344  1139 E BufferQueueProducer: [SurfaceTexture-0-27344-1029](id:6ad00000049c,api:1,p:27344,c:27344) connect: BufferQueue has been abandoned
12-28 00:57:38.593 27344  1139 E libEGL  : eglCreateWindowSurface: native_window_api_connect (win=0x75ced83350) failed (0xffffffed) (already connected to another API?)
12-28 00:57:38.593 27344  1139 E libEGL  : eglCreateWindowSurfaceTmpl:697 error 3003 (EGL_BAD_ALLOC)
12-28 00:57:38.608  2152  1145 I QC2Comp : [avcD_3650] Stats: Pending(2) i/p-done(2) Works: Q: 684/Done 683|Work-Rate: Q(0.0/s Avg=0.3/s) Done(0.000/s Avg=0.309/s)| Stream: 30.00fps 4.8Mbps
12-28 00:57:38.608  2152  1145 I QC2Comp : [avcD_3650] Mem-usage:  [In-1D: 6 bufs 40.500 MB] [1D-6929: 12 bufs 0.188 MB] [2D-6930: 20 bufs 63.750 MB] | Total: 104.438 MB
12-28 00:57:38.609 27344  1139 E BufferQueueProducer: [SurfaceTexture-0-27344-1029](id:6ad00000049c,api:1,p:27344,c:27344) query: BufferQueue has been abandoned
12-28 00:57:38.610 27344  1139 E BufferQueueProducer: [SurfaceTexture-0-27344-1029](id:6ad00000049c,api:1,p:27344,c:27344) connect: BufferQueue has been abandoned
12-28 00:57:38.610 27344  1139 E libEGL  : eglCreateWindowSurface: native_window_api_connect (win=0x75ced83350) failed (0xffffffed) (already connected to another API?)
12-28 00:57:38.610 27344  1139 E libEGL  : eglCreateWindowSurfaceTmpl:697 error 3003 (EGL_BAD_ALLOC)
12-28 00:57:38.626 32444 32562 D BufferPoolAccessor2.0: bufferpool2 0xb4000077ae571a58 : 5(40960 size) total buffers - 1(8192 size) used buffers - 3307/3312 (recycle/alloc) - 13/3311 (fetch/transfer)
12-28 00:57:38.626 27344  1139 E BufferQueueProducer: [SurfaceTexture-0-27344-1029](id:6ad00000049c,api:1,p:27344,c:27344) query: BufferQueue has been abandoned
12-28 00:57:38.627 27344  1139 E BufferQueueProducer: [SurfaceTexture-0-27344-1029](id:6ad00000049c,api:1,p:27344,c:27344) connect: BufferQueue has been abandoned
12-28 00:57:38.627 27344  1139 E libEGL  : eglCreateWindowSurface: native_window_api_connect (win=0x75ced83350) failed (0xffffffed) (already connected to another API?)
12-28 00:57:38.627 27344  1139 E libEGL  : eglCreateWindowSurfaceTmpl:697 error 3003 (EGL_BAD_ALLOC)
12-28 00:57:38.628 23476 21050 W AOSP-MdnsDiscoveryManag: Error while decoding multicast packet (15044): 1 [CONTEXT service_id=168 ]
12-28 00:57:38.639  3310 32568 D BufferPoolAccessor2.0: bufferpool2 0xb4000071bc8e96b8 : 4(32768 size) total buffers - 1(8192 size) used buffers - 3304/3308 (recycle/alloc) - 8/3307 (fetch/transfer)
12-28 00:57:38.643 27344  1139 E BufferQueueProducer: [SurfaceTexture-0-27344-1029](id:6ad00000049c,api:1,p:27344,c:27344) query: BufferQueue has been abandoned
12-28 00:57:38.643 27344  1139 E BufferQueueProducer: [SurfaceTexture-0-27344-1029](id:6ad00000049c,api:1,p:27344,c:27344) connect: BufferQueue has been abandoned
12-28 00:57:38.643 27344  1139 E libEGL  : eglCreateWindowSurface: native_window_api_connect (win=0x75ced83350) failed (0xffffffed) (already connected to another API?)
12-28 00:57:38.643 27344  1139 E libEGL  : eglCreateWindowSurfaceTmpl:697 error 3003 (EGL_BAD_ALLOC)
12-28 00:57:38.659 27344  1139 E BufferQueueProducer: [SurfaceTexture-0-27344-1029](id:6ad00000049c,api:1,p:27344,c:27344) query: BufferQueue has been abandoned
12-28 00:57:38.660 27344  1139 E BufferQueueProducer: [SurfaceTexture-0-27344-1029](id:6ad00000049c,api:1,p:27344,c:27344) connect: BufferQueue has been abandoned
12-28 00:57:38.660 27344  1139 E libEGL  : eglCreateWindowSurface: native_window_api_connect (win=0x75ced83350) failed (0xffffffed) (already connected to another API?)
12-28 00:57:38.660 27344  1139 E libEGL  : eglCreateWindowSurfaceTmpl:697 error 3003 (EGL_BAD_ALLOC)
12-28 00:57:38.676 27344  1139 E BufferQueueProducer: [SurfaceTexture-0-27344-1029](id:6ad00000049c,api:1,p:27344,c:27344) query: BufferQueue has been abandoned
12-28 00:57:38.677 27344  1139 E BufferQueueProducer: [SurfaceTexture-0-27344-1029](id:6ad00000049c,api:1,p:27344,c:27344) connect: BufferQueue has been abandoned
12-28 00:57:38.677 27344  1139 E libEGL  : eglCreateWindowSurface: native_window_api_connect (win=0x75ced83350) failed (0xffffffed) (already connected to another API?)
12-28 00:57:38.677 27344  1139 E libEGL  : eglCreateWindowSurfaceTmpl:697 error 3003 (EGL_BAD_ALLOC)
12-28 00:57:38.693 27344  1139 E BufferQueueProducer: [SurfaceTexture-0-27344-1029](id:6ad00000049c,api:1,p:27344,c:27344) query: BufferQueue has been abandoned
12-28 00:57:38.693 27344  1139 E BufferQueueProducer: [SurfaceTexture-0-27344-1029](id:6ad00000049c,api:1,p:27344,c:27344) connect: BufferQueue has been abandoned
12-28 00:57:38.694 27344  1139 E libEGL  : eglCreateWindowSurface: native_window_api_connect (win=0x75ced83350) failed (0xffffffed) (already connected to another API?)
12-28 00:57:38.694 27344  1139 E libEGL  : eglCreateWindowSurfaceTmpl:697 error 3003 (EGL_BAD_ALLOC)
12-28 00:57:38.709 27344  1139 E BufferQueueProducer: [SurfaceTexture-0-27344-1029](id:6ad00000049c,api:1,p:27344,c:27344) query: BufferQueue has been abandoned
12-28 00:57:38.710 27344  1139 E BufferQueueProducer: [SurfaceTexture-0-27344-1029](id:6ad00000049c,api:1,p:27344,c:27344) connect: BufferQueue has been abandoned
12-28 00:57:38.710 27344  1139 E libEGL  : eglCreateWindowSurface: native_window_api_connect (win=0x75ced83350) failed (0xffffffed) (already connected to another API?)
12-28 00:57:38.710 27344  1139 E libEGL  : eglCreateWindowSurfaceTmpl:697 error 3003 (EGL_BAD_ALLOC)
12-28 00:57:38.726 27344  1139 E BufferQueueProducer: [SurfaceTexture-0-27344-1029](id:6ad00000049c,api:1,p:27344,c:27344) query: BufferQueue has been abandoned
12-28 00:57:38.727 27344  1139 E BufferQueueProducer: [SurfaceTexture-0-27344-1029](id:6ad00000049c,api:1,p:27344,c:27344) connect: BufferQueue has been abandoned
12-28 00:57:38.727 27344  1139 E libEGL  : eglCreateWindowSurface: native_window_api_connect (win=0x75ced83350) failed (0xffffffed) (already connected to another API?)
12-28 00:57:38.727 27344  1139 E libEGL  : eglCreateWindowSurfaceTmpl:697 error 3003 (EGL_BAD_ALLOC)
12-28 00:57:38.743 27344  1139 E BufferQueueProducer: [SurfaceTexture-0-27344-1029](id:6ad00000049c,api:1,p:27344,c:27344) query: BufferQueue has been abandoned
12-28 00:57:38.743 27344  1139 E BufferQueueProducer: [SurfaceTexture-0-27344-1029](id:6ad00000049c,api:1,p:27344,c:27344) connect: BufferQueue has been abandoned
12-28 00:57:38.744 27344  1139 E libEGL  : eglCreateWindowSurface: native_window_api_connect (win=0x75ced83350) failed (0xffffffed) (already connected to another API?)
12-28 00:57:38.744 27344  1139 E libEGL  : eglCreateWindowSurfaceTmpl:697 error 3003 (EGL_BAD_ALLOC)
12-28 00:57:38.759 27344  1139 E BufferQueueProducer: [SurfaceTexture-0-27344-1029](id:6ad00000049c,api:1,p:27344,c:27344) query: BufferQueue has been abandoned
12-28 00:57:38.760 27344  1139 E BufferQueueProducer: [SurfaceTexture-0-27344-1029](id:6ad00000049c,api:1,p:27344,c:27344) connect: BufferQueue has been abandoned
12-28 00:57:38.761 27344  1139 E libEGL  : eglCreateWindowSurface: native_window_api_connect (win=0x75ced83350) failed (0xffffffed) (already connected to another API?)
12-28 00:57:38.761 27344  1139 E libEGL  : eglCreateWindowSurfaceTmpl:697 error 3003 (EGL_BAD_ALLOC)
12-28 00:57:38.776 27344  1139 E BufferQueueProducer: [SurfaceTexture-0-27344-1029](id:6ad00000049c,api:1,p:27344,c:27344) query: BufferQueue has been abandoned
12-28 00:57:38.776 27344  1139 E BufferQueueProducer: [SurfaceTexture-0-27344-1029](id:6ad00000049c,api:1,p:27344,c:27344) connect: BufferQueue has been abandoned
12-28 00:57:38.777 27344  1139 E libEGL  : eglCreateWindowSurface: native_window_api_connect (win=0x75ced83350) failed (0xffffffed) (already connected to another API?)
12-28 00:57:38.777 27344  1139 E libEGL  : eglCreateWindowSurfaceTmpl:697 error 3003 (EGL_BAD_ALLOC)
12-28 00:57:38.793 27344  1139 E BufferQueueProducer: [SurfaceTexture-0-27344-1029](id:6ad00000049c,api:1,p:27344,c:27344) query: BufferQueue has been abandoned
12-28 00:57:38.793 27344  1139 E BufferQueueProducer: [SurfaceTexture-0-27344-1029](id:6ad00000049c,api:1,p:27344,c:27344) connect: BufferQueue has been abandoned
12-28 00:57:38.793 27344  1139 E libEGL  : eglCreateWindowSurface: native_window_api_connect (win=0x75ced83350) failed (0xffffffed) (already connected to another API?)
12-28 00:57:38.793 27344  1139 E libEGL  : eglCreateWindowSurfaceTmpl:697 error 3003 (EGL_BAD_ALLOC)
12-28 00:57:38.809 27344  1139 E BufferQueueProducer: [SurfaceTexture-0-27344-1029](id:6ad00000049c,api:1,p:27344,c:27344) query: BufferQueue has been abandoned
12-28 00:57:38.810 27344  1139 E BufferQueueProducer: [SurfaceTexture-0-27344-1029](id:6ad00000049c,api:1,p:27344,c:27344) connect: BufferQueue has been abandoned
12-28 00:57:38.810 27344  1139 E libEGL  : eglCreateWindowSurface: native_window_api_connect (win=0x75ced83350) failed (0xffffffed) (already connected to another API?)
12-28 00:57:38.810 27344  1139 E libEGL  : eglCreateWindowSurfaceTmpl:697 error 3003 (EGL_BAD_ALLOC)
12-28 00:57:38.823 12395 12699 D MilletPolicy: uid =10366 ret =false contains:true
12-28 00:57:38.823 12395 12699 D MilletPolicy: active audio uid=10366
12-28 00:57:38.826 27344  1139 E BufferQueueProducer: [SurfaceTexture-0-27344-1029](id:6ad00000049c,api:1,p:27344,c:27344) query: BufferQueue has been abandoned
12-28 00:57:38.826 27344  1139 E BufferQueueProducer: [SurfaceTexture-0-27344-1029](id:6ad00000049c,api:1,p:27344,c:27344) connect: BufferQueue has been abandoned
12-28 00:57:38.827 27344  1139 E libEGL  : eglCreateWindowSurface: native_window_api_connect (win=0x75ced83350) failed (0xffffffed) (already connected to another API?)
12-28 00:57:38.827 27344  1139 E libEGL  : eglCreateWindowSurfaceTmpl:697 error 3003 (EGL_BAD_ALLOC)
12-28 00:57:38.843 27344  1139 E BufferQueueProducer: [SurfaceTexture-0-27344-1029](id:6ad00000049c,api:1,p:27344,c:27344) query: BufferQueue has been abandoned
12-28 00:57:38.843 27344  1139 E BufferQueueProducer: [SurfaceTexture-0-27344-1029](id:6ad00000049c,api:1,p:27344,c:27344) connect: BufferQueue has been abandoned
12-28 00:57:38.843 27344  1139 E libEGL  : eglCreateWindowSurface: native_window_api_connect (win=0x75ced83350) failed (0xffffffed) (already connected to another API?)
12-28 00:57:38.843 27344  1139 E libEGL  : eglCreateWindowSurfaceTmpl:697 error 3003 (EGL_BAD_ALLOC)
12-28 00:57:38.850  3219  3219 I wificond: station_bandwidth: P
12-28 00:57:38.852  2896 23446 D WifiScoreReportInjector: mCcaBusyRate change to 0; mBeaconLostRate change to 0
12-28 00:57:38.859 27344  1139 E BufferQueueProducer: [SurfaceTexture-0-27344-1029](id:6ad00000049c,api:1,p:27344,c:27344) query: BufferQueue has been abandoned
12-28 00:57:38.860 27344  1139 E BufferQueueProducer: [SurfaceTexture-0-27344-1029](id:6ad00000049c,api:1,p:27344,c:27344) connect: BufferQueue has been abandoned
12-28 00:57:38.860 27344  1139 E libEGL  : eglCreateWindowSurface: native_window_api_connect (win=0x75ced83350) failed (0xffffffed) (already connected to another API?)
12-28 00:57:38.860 27344  1139 E libEGL  : eglCreateWindowSurfaceTmpl:697 error 3003 (EGL_BAD_ALLOC)
12-28 00:57:38.876 27344  1139 E BufferQueueProducer: [SurfaceTexture-0-27344-1029](id:6ad00000049c,api:1,p:27344,c:27344) query: BufferQueue has been abandoned
12-28 00:57:38.876 27344  1139 E BufferQueueProducer: [SurfaceTexture-0-27344-1029](id:6ad00000049c,api:1,p:27344,c:27344) connect: BufferQueue has been abandoned
12-28 00:57:38.876 27344  1139 E libEGL  : eglCreateWindowSurface: native_window_api_connect (win=0x75ced83350) failed (0xffffffed) (already connected to another API?)
12-28 00:57:38.876 27344  1139 E libEGL  : eglCreateWindowSurfaceTmpl:697 error 3003 (EGL_BAD_ALLOC)
12-28 00:57:38.893 27344  1139 E BufferQueueProducer: [SurfaceTexture-0-27344-1029](id:6ad00000049c,api:1,p:27344,c:27344) query: BufferQueue has been abandoned
12-28 00:57:38.893 27344  1139 E BufferQueueProducer: [SurfaceTexture-0-27344-1029](id:6ad00000049c,api:1,p:27344,c:27344) connect: BufferQueue has been abandoned
12-28 00:57:38.893 27344  1139 E libEGL  : eglCreateWindowSurface: native_window_api_connect (win=0x75ced83350) failed (0xffffffed) (already connected to another API?)
12-28 00:57:38.893 27344  1139 E libEGL  : eglCreateWindowSurfaceTmpl:697 error 3003 (EGL_BAD_ALLOC)
12-28 00:57:38.909 27344  1139 E BufferQueueProducer: [SurfaceTexture-0-27344-1029](id:6ad00000049c,api:1,p:27344,c:27344) query: BufferQueue has been abandoned
12-28 00:57:38.910 27344  1139 E BufferQueueProducer: [SurfaceTexture-0-27344-1029](id:6ad00000049c,api:1,p:27344,c:27344) connect: BufferQueue has been abandoned
12-28 00:57:38.910 27344  1139 E libEGL  : eglCreateWindowSurface: native_window_api_connect (win=0x75ced83350) failed (0xffffffed) (already connected to another API?)
12-28 00:57:38.910 27344  1139 E libEGL  : eglCreateWindowSurfaceTmpl:697 error 3003 (EGL_BAD_ALLOC)
12-28 00:57:38.926 27344  1139 E BufferQueueProducer: [SurfaceTexture-0-27344-1029](id:6ad00000049c,api:1,p:27344,c:27344) query: BufferQueue has been abandoned
12-28 00:57:38.926 27344  1139 E BufferQueueProducer: [SurfaceTexture-0-27344-1029](id:6ad00000049c,api:1,p:27344,c:27344) connect: BufferQueue has been abandoned
12-28 00:57:38.926 27344  1139 E libEGL  : eglCreateWindowSurface: native_window_api_connect (win=0x75ced83350) failed (0xffffffed) (already connected to another API?)
12-28 00:57:38.927 27344  1139 E libEGL  : eglCreateWindowSurfaceTmpl:697 error 3003 (EGL_BAD_ALLOC)
12-28 00:57:38.938  2152 27145 I QC2Comp : [avcD_3607] Stats: Pending(2) i/p-done(2) Works: Q: 44/Done 43|Work-Rate: Q(0.0/s Avg=0.0/s) Done(0.000/s Avg=0.011/s)| Stream: 16.00fps 17.8Kbps
12-28 00:57:38.938  2152 27145 I QC2Comp : [avcD_3607] Mem-usage:  [In-1D: 5 bufs 33.750 MB] [1D-6849: 24 bufs 0.375 MB] [2D-6850: 27 bufs 1.688 MB] | Total: 35.812 MB
12-28 00:57:38.943 27344  1139 E BufferQueueProducer: [SurfaceTexture-0-27344-1029](id:6ad00000049c,api:1,p:27344,c:27344) query: BufferQueue has been abandoned
12-28 00:57:38.943 27344  1139 E BufferQueueProducer: [SurfaceTexture-0-27344-1029](id:6ad00000049c,api:1,p:27344,c:27344) connect: BufferQueue has been abandoned
12-28 00:57:38.943 27344  1139 E libEGL  : eglCreateWindowSurface: native_window_api_connect (win=0x75ced83350) failed (0xffffffed) (already connected to another API?)
12-28 00:57:38.943 27344  1139 E libEGL  : eglCreateWindowSurfaceTmpl:697 error 3003 (EGL_BAD_ALLOC)
12-28 00:57:38.959 27344  1139 E BufferQueueProducer: [SurfaceTexture-0-27344-1029](id:6ad00000049c,api:1,p:27344,c:27344) query: BufferQueue has been abandoned
12-28 00:57:38.961 27344  1139 E BufferQueueProducer: [SurfaceTexture-0-27344-1029](id:6ad00000049c,api:1,p:27344,c:27344) connect: BufferQueue has been abandoned
12-28 00:57:38.962 27344  1139 E libEGL  : eglCreateWindowSurface: native_window_api_connect (win=0x75ced83350) failed (0xffffffed) (already connected to another API?)
12-28 00:57:38.962 27344  1139 E libEGL  : eglCreateWindowSurfaceTmpl:697 error 3003 (EGL_BAD_ALLOC)
12-28 00:57:38.976 27344  1139 E BufferQueueProducer: [SurfaceTexture-0-27344-1029](id:6ad00000049c,api:1,p:27344,c:27344) query: BufferQueue has been abandoned
12-28 00:57:38.976 27344  1139 E BufferQueueProducer: [SurfaceTexture-0-27344-1029](id:6ad00000049c,api:1,p:27344,c:27344) connect: BufferQueue has been abandoned
12-28 00:57:38.976 27344  1139 E libEGL  : eglCreateWindowSurface: native_window_api_connect (win=0x75ced83350) failed (0xffffffed) (already connected to another API?)
12-28 00:57:38.976 27344  1139 E libEGL  : eglCreateWindowSurfaceTmpl:697 error 3003 (EGL_BAD_ALLOC)
12-28 00:57:38.993 27344  1139 E BufferQueueProducer: [SurfaceTexture-0-27344-1029](id:6ad00000049c,api:1,p:27344,c:27344) query: BufferQueue has been abandoned
12-28 00:57:38.993 27344  1139 E BufferQueueProducer: [SurfaceTexture-0-27344-1029](id:6ad00000049c,api:1,p:27344,c:27344) connect: BufferQueue has been abandoned
12-28 00:57:38.993 27344  1139 E libEGL  : eglCreateWindowSurface: native_window_api_connect (win=0x75ced83350) failed (0xffffffed) (already connected to another API?)
12-28 00:57:38.993 27344  1139 E libEGL  : eglCreateWindowSurfaceTmpl:697 error 3003 (EGL_BAD_ALLOC)
12-28 00:57:39.009 27344  1139 E BufferQueueProducer: [SurfaceTexture-0-27344-1029](id:6ad00000049c,api:1,p:27344,c:27344) query: BufferQueue has been abandoned
12-28 00:57:39.010 27344  1139 E BufferQueueProducer: [SurfaceTexture-0-27344-1029](id:6ad00000049c,api:1,p:27344,c:27344) connect: BufferQueue has been abandoned
12-28 00:57:39.010 27344  1139 E libEGL  : eglCreateWindowSurface: native_window_api_connect (win=0x75ced83350) failed (0xffffffed) (already connected to another API?)
12-28 00:57:39.010 27344  1139 E libEGL  : eglCreateWindowSurfaceTmpl:697 error 3003 (EGL_BAD_ALLOC)
12-28 00:57:39.018  6431 32599 I SafeBinderCall: onPositionChange binder cost:0
12-28 00:57:39.018  6431  6431 D MiPlayDetailViewModel: onPositionChangeSelf position = 141012
12-28 00:57:39.026 27344  1139 E BufferQueueProducer: [SurfaceTexture-0-27344-1029](id:6ad00000049c,api:1,p:27344,c:27344) query: BufferQueue has been abandoned
12-28 00:57:39.027 27344  1139 E BufferQueueProducer: [SurfaceTexture-0-27344-1029](id:6ad00000049c,api:1,p:27344,c:27344) connect: BufferQueue has been abandoned
12-28 00:57:39.027 27344  1139 E libEGL  : eglCreateWindowSurface: native_window_api_connect (win=0x75ced83350) failed (0xffffffed) (already connected to another API?)
12-28 00:57:39.027 27344  1139 E libEGL  : eglCreateWindowSurfaceTmpl:697 error 3003 (EGL_BAD_ALLOC)
12-28 00:57:39.043 27344  1139 E BufferQueueProducer: [SurfaceTexture-0-27344-1029](id:6ad00000049c,api:1,p:27344,c:27344) query: BufferQueue has been abandoned
12-28 00:57:39.044 27344  1139 E BufferQueueProducer: [SurfaceTexture-0-27344-1029](id:6ad00000049c,api:1,p:27344,c:27344) connect: BufferQueue has been abandoned
12-28 00:57:39.044 27344  1139 E libEGL  : eglCreateWindowSurface: native_window_api_connect (win=0x75ced83350) failed (0xffffffed) (already connected to another API?)
12-28 00:57:39.044 27344  1139 E libEGL  : eglCreateWindowSurfaceTmpl:697 error 3003 (EGL_BAD_ALLOC)
12-28 00:57:39.059 27344  1139 E BufferQueueProducer: [SurfaceTexture-0-27344-1029](id:6ad00000049c,api:1,p:27344,c:27344) query: BufferQueue has been abandoned
12-28 00:57:39.060 27344  1139 E BufferQueueProducer: [SurfaceTexture-0-27344-1029](id:6ad00000049c,api:1,p:27344,c:27344) connect: BufferQueue has been abandoned
12-28 00:57:39.060 27344  1139 E libEGL  : eglCreateWindowSurface: native_window_api_connect (win=0x75ced83350) failed (0xffffffed) (already connected to another API?)
12-28 00:57:39.060 27344  1139 E libEGL  : eglCreateWindowSurfaceTmpl:697 error 3003 (EGL_BAD_ALLOC)
12-28 00:57:39.076 27344  1139 E BufferQueueProducer: [SurfaceTexture-0-27344-1029](id:6ad00000049c,api:1,p:27344,c:27344) query: BufferQueue has been abandoned
12-28 00:57:39.076 27344  1139 E BufferQueueProducer: [SurfaceTexture-0-27344-1029](id:6ad00000049c,api:1,p:27344,c:27344) connect: BufferQueue has been abandoned
12-28 00:57:39.076 27344  1139 E libEGL  : eglCreateWindowSurface: native_window_api_connect (win=0x75ced83350) failed (0xffffffed) (already connected to another API?)
12-28 00:57:39.076 27344  1139 E libEGL  : eglCreateWindowSurfaceTmpl:697 error 3003 (EGL_BAD_ALLOC)
12-28 00:57:39.093 27344  1139 E BufferQueueProducer: [SurfaceTexture-0-27344-1029](id:6ad00000049c,api:1,p:27344,c:27344) query: BufferQueue has been abandoned
12-28 00:57:39.093 27344  1139 E BufferQueueProducer: [SurfaceTexture-0-27344-1029](id:6ad00000049c,api:1,p:27344,c:27344) connect: BufferQueue has been abandoned
12-28 00:57:39.093 27344  1139 E libEGL  : eglCreateWindowSurface: native_window_api_connect (win=0x75ced83350) failed (0xffffffed) (already connected to another API?)
12-28 00:57:39.093 27344  1139 E libEGL  : eglCreateWindowSurfaceTmpl:697 error 3003 (EGL_BAD_ALLOC)
12-28 00:57:39.109 27344  1139 E BufferQueueProducer: [SurfaceTexture-0-27344-1029](id:6ad00000049c,api:1,p:27344,c:27344) query: BufferQueue has been abandoned
12-28 00:57:39.110 27344  1139 E BufferQueueProducer: [SurfaceTexture-0-27344-1029](id:6ad00000049c,api:1,p:27344,c:27344) connect: BufferQueue has been abandoned
12-28 00:57:39.112 27344  1139 E libEGL  : eglCreateWindowSurface: native_window_api_connect (win=0x75ced83350) failed (0xffffffed) (already connected to another API?)
12-28 00:57:39.112 27344  1139 E libEGL  : eglCreateWindowSurfaceTmpl:697 error 3003 (EGL_BAD_ALLOC)
12-28 00:57:39.126 27344  1139 E BufferQueueProducer: [SurfaceTexture-0-27344-1029](id:6ad00000049c,api:1,p:27344,c:27344) query: BufferQueue has been abandoned
12-28 00:57:39.126 27344  1139 E BufferQueueProducer: [SurfaceTexture-0-27344-1029](id:6ad00000049c,api:1,p:27344,c:27344) connect: BufferQueue has been abandoned
12-28 00:57:39.126 27344  1139 E libEGL  : eglCreateWindowSurface: native_window_api_connect (win=0x75ced83350) failed (0xffffffed) (already connected to another API?)
12-28 00:57:39.126 27344  1139 E libEGL  : eglCreateWindowSurfaceTmpl:697 error 3003 (EGL_BAD_ALLOC)
12-28 00:57:39.143 27344  1139 E BufferQueueProducer: [SurfaceTexture-0-27344-1029](id:6ad00000049c,api:1,p:27344,c:27344) query: BufferQueue has been abandoned
12-28 00:57:39.143 27344  1139 E BufferQueueProducer: [SurfaceTexture-0-27344-1029](id:6ad00000049c,api:1,p:27344,c:27344) connect: BufferQueue has been abandoned
12-28 00:57:39.143 27344  1139 E libEGL  : eglCreateWindowSurface: native_window_api_connect (win=0x75ced83350) failed (0xffffffed) (already connected to another API?)
12-28 00:57:39.144 27344  1139 E libEGL  : eglCreateWindowSurfaceTmpl:697 error 3003 (EGL_BAD_ALLOC)
12-28 00:57:39.159 27344  1139 E BufferQueueProducer: [SurfaceTexture-0-27344-1029](id:6ad00000049c,api:1,p:27344,c:27344) query: BufferQueue has been abandoned
12-28 00:57:39.160 27344  1139 E BufferQueueProducer: [SurfaceTexture-0-27344-1029](id:6ad00000049c,api:1,p:27344,c:27344) connect: BufferQueue has been abandoned
12-28 00:57:39.160 27344  1139 E libEGL  : eglCreateWindowSurface: native_window_api_connect (win=0x75ced83350) failed (0xffffffed) (already connected to another API?)
12-28 00:57:39.160 27344  1139 E libEGL  : eglCreateWindowSurfaceTmpl:697 error 3003 (EGL_BAD_ALLOC)
12-28 00:57:39.176 27344  1139 E BufferQueueProducer: [SurfaceTexture-0-27344-1029](id:6ad00000049c,api:1,p:27344,c:27344) query: BufferQueue has been abandoned
12-28 00:57:39.176 27344  1139 E BufferQueueProducer: [SurfaceTexture-0-27344-1029](id:6ad00000049c,api:1,p:27344,c:27344) connect: BufferQueue has been abandoned
12-28 00:57:39.177 27344  1139 E libEGL  : eglCreateWindowSurface: native_window_api_connect (win=0x75ced83350) failed (0xffffffed) (already connected to another API?)
12-28 00:57:39.177 27344  1139 E libEGL  : eglCreateWindowSurfaceTmpl:697 error 3003 (EGL_BAD_ALLOC)
12-28 00:57:39.193 27344  1139 E BufferQueueProducer: [SurfaceTexture-0-27344-1029](id:6ad00000049c,api:1,p:27344,c:27344) query: BufferQueue has been abandoned
12-28 00:57:39.193 27344  1139 E BufferQueueProducer: [SurfaceTexture-0-27344-1029](id:6ad00000049c,api:1,p:27344,c:27344) connect: BufferQueue has been abandoned
12-28 00:57:39.193 27344  1139 E libEGL  : eglCreateWindowSurface: native_window_api_connect (win=0x75ced83350) failed (0xffffffed) (already connected to another API?)
12-28 00:57:39.193 27344  1139 E libEGL  : eglCreateWindowSurfaceTmpl:697 error 3003 (EGL_BAD_ALLOC)
12-28 00:57:39.209 27344  1139 E BufferQueueProducer: [SurfaceTexture-0-27344-1029](id:6ad00000049c,api:1,p:27344,c:27344) query: BufferQueue has been abandoned
12-28 00:57:39.210 27344  1139 E BufferQueueProducer: [SurfaceTexture-0-27344-1029](id:6ad00000049c,api:1,p:27344,c:27344) connect: BufferQueue has been abandoned
12-28 00:57:39.210 27344  1139 E libEGL  : eglCreateWindowSurface: native_window_api_connect (win=0x75ced83350) failed (0xffffffed) (already connected to another API?)
12-28 00:57:39.210 27344  1139 E libEGL  : eglCreateWindowSurfaceTmpl:697 error 3003 (EGL_BAD_ALLOC)
12-28 00:57:39.226 27344  1139 E BufferQueueProducer: [SurfaceTexture-0-27344-1029](id:6ad00000049c,api:1,p:27344,c:27344) query: BufferQueue has been abandoned
12-28 00:57:39.226 27344  1139 E BufferQueueProducer: [SurfaceTexture-0-27344-1029](id:6ad00000049c,api:1,p:27344,c:27344) connect: BufferQueue has been abandoned
12-28 00:57:39.227 27344  1139 E libEGL  : eglCreateWindowSurface: native_window_api_connect (win=0x75ced83350) failed (0xffffffed) (already connected to another API?)
12-28 00:57:39.227 27344  1139 E libEGL  : eglCreateWindowSurfaceTmpl:697 error 3003 (EGL_BAD_ALLOC)
12-28 00:57:39.243 27344  1139 E BufferQueueProducer: [SurfaceTexture-0-27344-1029](id:6ad00000049c,api:1,p:27344,c:27344) query: BufferQueue has been abandoned
12-28 00:57:39.244 27344  1139 E BufferQueueProducer: [SurfaceTexture-0-27344-1029](id:6ad00000049c,api:1,p:27344,c:27344) connect: BufferQueue has been abandoned
12-28 00:57:39.244 27344  1139 E libEGL  : eglCreateWindowSurface: native_window_api_connect (win=0x75ced83350) failed (0xffffffed) (already connected to another API?)
12-28 00:57:39.245 27344  1139 E libEGL  : eglCreateWindowSurfaceTmpl:697 error 3003 (EGL_BAD_ALLOC)
12-28 00:57:39.259 27344  1139 E BufferQueueProducer: [SurfaceTexture-0-27344-1029](id:6ad00000049c,api:1,p:27344,c:27344) query: BufferQueue has been abandoned
12-28 00:57:39.260 27344  1139 E BufferQueueProducer: [SurfaceTexture-0-27344-1029](id:6ad00000049c,api:1,p:27344,c:27344) connect: BufferQueue has been abandoned
12-28 00:57:39.260 27344  1139 E libEGL  : eglCreateWindowSurface: native_window_api_connect (win=0x75ced83350) failed (0xffffffed) (already connected to another API?)
12-28 00:57:39.260 27344  1139 E libEGL  : eglCreateWindowSurfaceTmpl:697 error 3003 (EGL_BAD_ALLOC)
12-28 00:57:39.276 27344  1139 E BufferQueueProducer: [SurfaceTexture-0-27344-1029](id:6ad00000049c,api:1,p:27344,c:27344) query: BufferQueue has been abandoned
12-28 00:57:39.276 27344  1139 E BufferQueueProducer: [SurfaceTexture-0-27344-1029](id:6ad00000049c,api:1,p:27344,c:27344) connect: BufferQueue has been abandoned
12-28 00:57:39.276 27344  1139 E libEGL  : eglCreateWindowSurface: native_window_api_connect (win=0x75ced83350) failed (0xffffffed) (already connected to another API?)
12-28 00:57:39.276 27344  1139 E libEGL  : eglCreateWindowSurfaceTmpl:697 error 3003 (EGL_BAD_ALLOC)
12-28 00:57:39.293 27344  1139 E BufferQueueProducer: [SurfaceTexture-0-27344-1029](id:6ad00000049c,api:1,p:27344,c:27344) query: BufferQueue has been abandoned
12-28 00:57:39.293 27344  1139 E BufferQueueProducer: [SurfaceTexture-0-27344-1029](id:6ad00000049c,api:1,p:27344,c:27344) connect: BufferQueue has been abandoned
12-28 00:57:39.293 27344  1139 E libEGL  : eglCreateWindowSurface: native_window_api_connect (win=0x75ced83350) failed (0xffffffed) (already connected to another API?)
12-28 00:57:39.293 27344  1139 E libEGL  : eglCreateWindowSurfaceTmpl:697 error 3003 (EGL_BAD_ALLOC)
12-28 00:57:39.309 27344  1139 E BufferQueueProducer: [SurfaceTexture-0-27344-1029](id:6ad00000049c,api:1,p:27344,c:27344) query: BufferQueue has been abandoned
12-28 00:57:39.310 27344  1139 E BufferQueueProducer: [SurfaceTexture-0-27344-1029](id:6ad00000049c,api:1,p:27344,c:27344) connect: BufferQueue has been abandoned
12-28 00:57:39.310 27344  1139 E libEGL  : eglCreateWindowSurface: native_window_api_connect (win=0x75ced83350) failed (0xffffffed) (already connected to another API?)
12-28 00:57:39.310 27344  1139 E libEGL  : eglCreateWindowSurfaceTmpl:697 error 3003 (EGL_BAD_ALLOC)
12-28 00:57:39.326 27344  1139 E BufferQueueProducer: [SurfaceTexture-0-27344-1029](id:6ad00000049c,api:1,p:27344,c:27344) query: BufferQueue has been abandoned
12-28 00:57:39.327 27344  1139 E BufferQueueProducer: [SurfaceTexture-0-27344-1029](id:6ad00000049c,api:1,p:27344,c:27344) connect: BufferQueue has been abandoned
12-28 00:57:39.327 27344  1139 E libEGL  : eglCreateWindowSurface: native_window_api_connect (win=0x75ced83350) failed (0xffffffed) (already connected to another API?)
12-28 00:57:39.327 27344  1139 E libEGL  : eglCreateWindowSurfaceTmpl:697 error 3003 (EGL_BAD_ALLOC)
12-28 00:57:39.343 27344  1139 E BufferQueueProducer: [SurfaceTexture-0-27344-1029](id:6ad00000049c,api:1,p:27344,c:27344) query: BufferQueue has been abandoned
12-28 00:57:39.344 27344  1139 E BufferQueueProducer: [SurfaceTexture-0-27344-1029](id:6ad00000049c,api:1,p:27344,c:27344) connect: BufferQueue has been abandoned
12-28 00:57:39.344 27344  1139 E libEGL  : eglCreateWindowSurface: native_window_api_connect (win=0x75ced83350) failed (0xffffffed) (already connected to another API?)
12-28 00:57:39.344 27344  1139 E libEGL  : eglCreateWindowSurfaceTmpl:697 error 3003 (EGL_BAD_ALLOC)
12-28 00:57:39.359 27344  1139 E BufferQueueProducer: [SurfaceTexture-0-27344-1029](id:6ad00000049c,api:1,p:27344,c:27344) query: BufferQueue has been abandoned
12-28 00:57:39.360 27344  1139 E BufferQueueProducer: [SurfaceTexture-0-27344-1029](id:6ad00000049c,api:1,p:27344,c:27344) connect: BufferQueue has been abandoned
12-28 00:57:39.360 27344  1139 E libEGL  : eglCreateWindowSurface: native_window_api_connect (win=0x75ced83350) failed (0xffffffed) (already connected to another API?)
12-28 00:57:39.360 27344  1139 E libEGL  : eglCreateWindowSurfaceTmpl:697 error 3003 (EGL_BAD_ALLOC)
12-28 00:57:39.376 27344  1139 E BufferQueueProducer: [SurfaceTexture-0-27344-1029](id:6ad00000049c,api:1,p:27344,c:27344) query: BufferQueue has been abandoned
12-28 00:57:39.376 27344  1139 E BufferQueueProducer: [SurfaceTexture-0-27344-1029](id:6ad00000049c,api:1,p:27344,c:27344) connect: BufferQueue has been abandoned
12-28 00:57:39.376 27344  1139 E libEGL  : eglCreateWindowSurface: native_window_api_connect (win=0x75ced83350) failed (0xffffffed) (already connected to another API?)
12-28 00:57:39.376 27344  1139 E libEGL  : eglCreateWindowSurfaceTmpl:697 error 3003 (EGL_BAD_ALLOC)
12-28 00:57:39.393 27344  1139 E BufferQueueProducer: [SurfaceTexture-0-27344-1029](id:6ad00000049c,api:1,p:27344,c:27344) query: BufferQueue has been abandoned
12-28 00:57:39.393 27344  1139 E BufferQueueProducer: [SurfaceTexture-0-27344-1029](id:6ad00000049c,api:1,p:27344,c:27344) connect: BufferQueue has been abandoned
12-28 00:57:39.394 27344  1139 E libEGL  : eglCreateWindowSurface: native_window_api_connect (win=0x75ced83350) failed (0xffffffed) (already connected to another API?)
12-28 00:57:39.394 27344  1139 E libEGL  : eglCreateWindowSurfaceTmpl:697 error 3003 (EGL_BAD_ALLOC)
12-28 00:57:39.410 27344  1139 E BufferQueueProducer: [SurfaceTexture-0-27344-1029](id:6ad00000049c,api:1,p:27344,c:27344) query: BufferQueue has been abandoned
12-28 00:57:39.410 27344  1139 E BufferQueueProducer: [SurfaceTexture-0-27344-1029](id:6ad00000049c,api:1,p:27344,c:27344) connect: BufferQueue has been abandoned
12-28 00:57:39.410 27344  1139 E libEGL  : eglCreateWindowSurface: native_window_api_connect (win=0x75ced83350) failed (0xffffffed) (already connected to another API?)
12-28 00:57:39.410 27344  1139 E libEGL  : eglCreateWindowSurfaceTmpl:697 error 3003 (EGL_BAD_ALLOC)
12-28 00:57:39.426 27344  1139 E BufferQueueProducer: [SurfaceTexture-0-27344-1029](id:6ad00000049c,api:1,p:27344,c:27344) query: BufferQueue has been abandoned
12-28 00:57:39.426 27344  1139 E BufferQueueProducer: [SurfaceTexture-0-27344-1029](id:6ad00000049c,api:1,p:27344,c:27344) connect: BufferQueue has been abandoned
12-28 00:57:39.427 27344  1139 E libEGL  : eglCreateWindowSurface: native_window_api_connect (win=0x75ced83350) failed (0xffffffed) (already connected to another API?)
12-28 00:57:39.427 27344  1139 E libEGL  : eglCreateWindowSurfaceTmpl:697 error 3003 (EGL_BAD_ALLOC)
12-28 00:57:39.443 27344  1139 E BufferQueueProducer: [SurfaceTexture-0-27344-1029](id:6ad00000049c,api:1,p:27344,c:27344) query: BufferQueue has been abandoned
12-28 00:57:39.443 27344  1139 E BufferQueueProducer: [SurfaceTexture-0-27344-1029](id:6ad00000049c,api:1,p:27344,c:27344) connect: BufferQueue has been abandoned
12-28 00:57:39.444 27344  1139 E libEGL  : eglCreateWindowSurface: native_window_api_connect (win=0x75ced83350) failed (0xffffffed) (already connected to another API?)
12-28 00:57:39.444 27344  1139 E libEGL  : eglCreateWindowSurfaceTmpl:697 error 3003 (EGL_BAD_ALLOC)
12-28 00:57:39.460 27344  1139 E BufferQueueProducer: [SurfaceTexture-0-27344-1029](id:6ad00000049c,api:1,p:27344,c:27344) query: BufferQueue has been abandoned
12-28 00:57:39.461 27344  1139 E BufferQueueProducer: [SurfaceTexture-0-27344-1029](id:6ad00000049c,api:1,p:27344,c:27344) connect: BufferQueue has been abandoned
12-28 00:57:39.461 27344  1139 E libEGL  : eglCreateWindowSurface: native_window_api_connect (win=0x75ced83350) failed (0xffffffed) (already connected to another API?)
12-28 00:57:39.462 27344  1139 E libEGL  : eglCreateWindowSurfaceTmpl:697 error 3003 (EGL_BAD_ALLOC)
12-28 00:57:39.476 27344  1139 E BufferQueueProducer: [SurfaceTexture-0-27344-1029](id:6ad00000049c,api:1,p:27344,c:27344) query: BufferQueue has been abandoned
12-28 00:57:39.476 27344  1139 E BufferQueueProducer: [SurfaceTexture-0-27344-1029](id:6ad00000049c,api:1,p:27344,c:27344) connect: BufferQueue has been abandoned
12-28 00:57:39.476 27344  1139 E libEGL  : eglCreateWindowSurface: native_window_api_connect (win=0x75ced83350) failed (0xffffffed) (already connected to another API?)
12-28 00:57:39.476 27344  1139 E libEGL  : eglCreateWindowSurfaceTmpl:697 error 3003 (EGL_BAD_ALLOC)
12-28 00:57:39.493 27344  1139 E BufferQueueProducer: [SurfaceTexture-0-27344-1029](id:6ad00000049c,api:1,p:27344,c:27344) query: BufferQueue has been abandoned
12-28 00:57:39.493 27344  1139 E BufferQueueProducer: [SurfaceTexture-0-27344-1029](id:6ad00000049c,api:1,p:27344,c:27344) connect: BufferQueue has been abandoned
12-28 00:57:39.493 27344  1139 E libEGL  : eglCreateWindowSurface: native_window_api_connect (win=0x75ced83350) failed (0xffffffed) (already connected to another API?)
12-28 00:57:39.493 27344  1139 E libEGL  : eglCreateWindowSurfaceTmpl:697 error 3003 (EGL_BAD_ALLOC)
12-28 00:57:39.509 27344  1139 E BufferQueueProducer: [SurfaceTexture-0-27344-1029](id:6ad00000049c,api:1,p:27344,c:27344) query: BufferQueue has been abandoned
12-28 00:57:39.510 27344  1139 E BufferQueueProducer: [SurfaceTexture-0-27344-1029](id:6ad00000049c,api:1,p:27344,c:27344) connect: BufferQueue has been abandoned
12-28 00:57:39.510 27344  1139 E libEGL  : eglCreateWindowSurface: native_window_api_connect (win=0x75ced83350) failed (0xffffffed) (already connected to another API?)
12-28 00:57:39.511 27344  1139 E libEGL  : eglCreateWindowSurfaceTmpl:697 error 3003 (EGL_BAD_ALLOC)
12-28 00:57:39.526 27344  1139 E BufferQueueProducer: [SurfaceTexture-0-27344-1029](id:6ad00000049c,api:1,p:27344,c:27344) query: BufferQueue has been abandoned
12-28 00:57:39.526 27344  1139 E BufferQueueProducer: [SurfaceTexture-0-27344-1029](id:6ad00000049c,api:1,p:27344,c:27344) connect: BufferQueue has been abandoned
12-28 00:57:39.527 27344  1139 E libEGL  : eglCreateWindowSurface: native_window_api_connect (win=0x75ced83350) failed (0xffffffed) (already connected to another API?)
12-28 00:57:39.527 27344  1139 E libEGL  : eglCreateWindowSurfaceTmpl:697 error 3003 (EGL_BAD_ALLOC)
12-28 00:57:39.531  2896  6253 V ActivityManager: Register receiver android.content.IntentFilter@559e0a7: Intent { act=android.intent.action.BATTERY_CHANGED flg=0x60000010 (has extras) }
12-28 00:57:39.543 27344  1139 E BufferQueueProducer: [SurfaceTexture-0-27344-1029](id:6ad00000049c,api:1,p:27344,c:27344) query: BufferQueue has been abandoned
12-28 00:57:39.543 27344  1139 E BufferQueueProducer: [SurfaceTexture-0-27344-1029](id:6ad00000049c,api:1,p:27344,c:27344) connect: BufferQueue has been abandoned
12-28 00:57:39.543 27344  1139 E libEGL  : eglCreateWindowSurface: native_window_api_connect (win=0x75ced83350) failed (0xffffffed) (already connected to another API?)
12-28 00:57:39.543 27344  1139 E libEGL  : eglCreateWindowSurfaceTmpl:697 error 3003 (EGL_BAD_ALLOC)
12-28 00:57:39.561 27344  1139 E BufferQueueProducer: [SurfaceTexture-0-27344-1029](id:6ad00000049c,api:1,p:27344,c:27344) query: BufferQueue has been abandoned
12-28 00:57:39.561 27344  1139 E BufferQueueProducer: [SurfaceTexture-0-27344-1029](id:6ad00000049c,api:1,p:27344,c:27344) connect: BufferQueue has been abandoned
12-28 00:57:39.562 27344  1139 E libEGL  : eglCreateWindowSurface: native_window_api_connect (win=0x75ced83350) failed (0xffffffed) (already connected to another API?)
12-28 00:57:39.562 27344  1139 E libEGL  : eglCreateWindowSurfaceTmpl:697 error 3003 (EGL_BAD_ALLOC)
12-28 00:57:39.576 27344  1139 E BufferQueueProducer: [SurfaceTexture-0-27344-1029](id:6ad00000049c,api:1,p:27344,c:27344) query: BufferQueue has been abandoned
12-28 00:57:39.576 27344  1139 E BufferQueueProducer: [SurfaceTexture-0-27344-1029](id:6ad00000049c,api:1,p:27344,c:27344) connect: BufferQueue has been abandoned
12-28 00:57:39.577 27344  1139 E libEGL  : eglCreateWindowSurface: native_window_api_connect (win=0x75ced83350) failed (0xffffffed) (already connected to another API?)
12-28 00:57:39.577 27344  1139 E libEGL  : eglCreateWindowSurfaceTmpl:697 error 3003 (EGL_BAD_ALLOC)
12-28 00:57:39.593 27344  1139 E BufferQueueProducer: [SurfaceTexture-0-27344-1029](id:6ad00000049c,api:1,p:27344,c:27344) query: BufferQueue has been abandoned
12-28 00:57:39.593 27344  1139 E BufferQueueProducer: [SurfaceTexture-0-27344-1029](id:6ad00000049c,api:1,p:27344,c:27344) connect: BufferQueue has been abandoned
12-28 00:57:39.593 27344  1139 E libEGL  : eglCreateWindowSurface: native_window_api_connect (win=0x75ced83350) failed (0xffffffed) (already connected to another API?)
12-28 00:57:39.593 27344  1139 E libEGL  : eglCreateWindowSurfaceTmpl:697 error 3003 (EGL_BAD_ALLOC)
12-28 00:57:39.609 27344  1139 E BufferQueueProducer: [SurfaceTexture-0-27344-1029](id:6ad00000049c,api:1,p:27344,c:27344) query: BufferQueue has been abandoned
12-28 00:57:39.610 27344  1139 E BufferQueueProducer: [SurfaceTexture-0-27344-1029](id:6ad00000049c,api:1,p:27344,c:27344) connect: BufferQueue has been abandoned
