12-28 00:57:40.976 27344  1139 E BufferQueueProducer: [SurfaceTexture-0-27344-1029](id:6ad00000049c,api:1,p:27344,c:27344) connect: BufferQueue has been abandoned
12-28 00:57:40.976 27344  1139 E libEGL  : eglCreateWindowSurface: native_window_api_connect (win=0x75ced83350) failed (0xffffffed) (already connected to another API?)
12-28 00:57:40.976 27344  1139 E libEGL  : eglCreateWindowSurfaceTmpl:697 error 3003 (EGL_BAD_ALLOC)
12-28 00:57:40.993 27344  1139 E BufferQueueProducer: [SurfaceTexture-0-27344-1029](id:6ad00000049c,api:1,p:27344,c:27344) query: BufferQueue has been abandoned
12-28 00:57:40.993 27344  1139 E BufferQueueProducer: [SurfaceTexture-0-27344-1029](id:6ad00000049c,api:1,p:27344,c:27344) connect: BufferQueue has been abandoned
12-28 00:57:40.993 27344  1139 E libEGL  : eglCreateWindowSurface: native_window_api_connect (win=0x75ced83350) failed (0xffffffed) (already connected to another API?)
12-28 00:57:40.993 27344  1139 E libEGL  : eglCreateWindowSurfaceTmpl:697 error 3003 (EGL_BAD_ALLOC)
12-28 00:57:41.009 27344  1139 E BufferQueueProducer: [SurfaceTexture-0-27344-1029](id:6ad00000049c,api:1,p:27344,c:27344) query: BufferQueue has been abandoned
12-28 00:57:41.010 27344  1139 E BufferQueueProducer: [SurfaceTexture-0-27344-1029](id:6ad00000049c,api:1,p:27344,c:27344) connect: BufferQueue has been abandoned
12-28 00:57:41.010 27344  1139 E libEGL  : eglCreateWindowSurface: native_window_api_connect (win=0x75ced83350) failed (0xffffffed) (already connected to another API?)
12-28 00:57:41.010 27344  1139 E libEGL  : eglCreateWindowSurfaceTmpl:697 error 3003 (EGL_BAD_ALLOC)
12-28 00:57:41.018  6431 32599 I SafeBinderCall: onPositionChange binder cost:0
12-28 00:57:41.018  6431  6431 D MiPlayDetailViewModel: onPositionChangeSelf position = 143012
12-28 00:57:41.026 27344  1139 E BufferQueueProducer: [SurfaceTexture-0-27344-1029](id:6ad00000049c,api:1,p:27344,c:27344) query: BufferQueue has been abandoned
12-28 00:57:41.026 27344  1139 E BufferQueueProducer: [SurfaceTexture-0-27344-1029](id:6ad00000049c,api:1,p:27344,c:27344) connect: BufferQueue has been abandoned
12-28 00:57:41.026 27344  1139 E libEGL  : eglCreateWindowSurface: native_window_api_connect (win=0x75ced83350) failed (0xffffffed) (already connected to another API?)
12-28 00:57:41.027 27344  1139 E libEGL  : eglCreateWindowSurfaceTmpl:697 error 3003 (EGL_BAD_ALLOC)
12-28 00:57:41.042 27344  1139 E BufferQueueProducer: [SurfaceTexture-0-27344-1029](id:6ad00000049c,api:1,p:27344,c:27344) query: BufferQueue has been abandoned
12-28 00:57:41.043 27344  1139 E BufferQueueProducer: [SurfaceTexture-0-27344-1029](id:6ad00000049c,api:1,p:27344,c:27344) connect: BufferQueue has been abandoned
12-28 00:57:41.043 27344  1139 E libEGL  : eglCreateWindowSurface: native_window_api_connect (win=0x75ced83350) failed (0xffffffed) (already connected to another API?)
12-28 00:57:41.044 27344  1139 E libEGL  : eglCreateWindowSurfaceTmpl:697 error 3003 (EGL_BAD_ALLOC)
12-28 00:57:41.059 27344  1139 E BufferQueueProducer: [SurfaceTexture-0-27344-1029](id:6ad00000049c,api:1,p:27344,c:27344) query: BufferQueue has been abandoned
12-28 00:57:41.061 27344  1139 E BufferQueueProducer: [SurfaceTexture-0-27344-1029](id:6ad00000049c,api:1,p:27344,c:27344) connect: BufferQueue has been abandoned
12-28 00:57:41.061 27344  1139 E libEGL  : eglCreateWindowSurface: native_window_api_connect (win=0x75ced83350) failed (0xffffffed) (already connected to another API?)
12-28 00:57:41.061 27344  1139 E libEGL  : eglCreateWindowSurfaceTmpl:697 error 3003 (EGL_BAD_ALLOC)
12-28 00:57:41.076 27344  1139 E BufferQueueProducer: [SurfaceTexture-0-27344-1029](id:6ad00000049c,api:1,p:27344,c:27344) query: BufferQueue has been abandoned
12-28 00:57:41.076 27344  1139 E BufferQueueProducer: [SurfaceTexture-0-27344-1029](id:6ad00000049c,api:1,p:27344,c:27344) connect: BufferQueue has been abandoned
12-28 00:57:41.076 27344  1139 E libEGL  : eglCreateWindowSurface: native_window_api_connect (win=0x75ced83350) failed (0xffffffed) (already connected to another API?)
12-28 00:57:41.077 27344  1139 E libEGL  : eglCreateWindowSurfaceTmpl:697 error 3003 (EGL_BAD_ALLOC)
12-28 00:57:41.092 27344  1139 E BufferQueueProducer: [SurfaceTexture-0-27344-1029](id:6ad00000049c,api:1,p:27344,c:27344) query: BufferQueue has been abandoned
12-28 00:57:41.093 27344  1139 E BufferQueueProducer: [SurfaceTexture-0-27344-1029](id:6ad00000049c,api:1,p:27344,c:27344) connect: BufferQueue has been abandoned
12-28 00:57:41.093 27344  1139 E libEGL  : eglCreateWindowSurface: native_window_api_connect (win=0x75ced83350) failed (0xffffffed) (already connected to another API?)
12-28 00:57:41.093 27344  1139 E libEGL  : eglCreateWindowSurfaceTmpl:697 error 3003 (EGL_BAD_ALLOC)
12-28 00:57:41.109 27344  1139 E BufferQueueProducer: [SurfaceTexture-0-27344-1029](id:6ad00000049c,api:1,p:27344,c:27344) query: BufferQueue has been abandoned
12-28 00:57:41.110 27344  1139 E BufferQueueProducer: [SurfaceTexture-0-27344-1029](id:6ad00000049c,api:1,p:27344,c:27344) connect: BufferQueue has been abandoned
12-28 00:57:41.110 27344  1139 E libEGL  : eglCreateWindowSurface: native_window_api_connect (win=0x75ced83350) failed (0xffffffed) (already connected to another API?)
12-28 00:57:41.110 27344  1139 E libEGL  : eglCreateWindowSurfaceTmpl:697 error 3003 (EGL_BAD_ALLOC)
12-28 00:57:41.126 27344  1139 E BufferQueueProducer: [SurfaceTexture-0-27344-1029](id:6ad00000049c,api:1,p:27344,c:27344) query: BufferQueue has been abandoned
12-28 00:57:41.126 27344  1139 E BufferQueueProducer: [SurfaceTexture-0-27344-1029](id:6ad00000049c,api:1,p:27344,c:27344) connect: BufferQueue has been abandoned
12-28 00:57:41.126 27344  1139 E libEGL  : eglCreateWindowSurface: native_window_api_connect (win=0x75ced83350) failed (0xffffffed) (already connected to another API?)
12-28 00:57:41.126 27344  1139 E libEGL  : eglCreateWindowSurfaceTmpl:697 error 3003 (EGL_BAD_ALLOC)
12-28 00:57:41.143 27344  1139 E BufferQueueProducer: [SurfaceTexture-0-27344-1029](id:6ad00000049c,api:1,p:27344,c:27344) query: BufferQueue has been abandoned
12-28 00:57:41.143 27344  1139 E BufferQueueProducer: [SurfaceTexture-0-27344-1029](id:6ad00000049c,api:1,p:27344,c:27344) connect: BufferQueue has been abandoned
12-28 00:57:41.143 27344  1139 E libEGL  : eglCreateWindowSurface: native_window_api_connect (win=0x75ced83350) failed (0xffffffed) (already connected to another API?)
12-28 00:57:41.144 27344  1139 E libEGL  : eglCreateWindowSurfaceTmpl:697 error 3003 (EGL_BAD_ALLOC)
12-28 00:57:41.160 27344  1139 E BufferQueueProducer: [SurfaceTexture-0-27344-1029](id:6ad00000049c,api:1,p:27344,c:27344) query: BufferQueue has been abandoned
12-28 00:57:41.161 27344  1139 E BufferQueueProducer: [SurfaceTexture-0-27344-1029](id:6ad00000049c,api:1,p:27344,c:27344) connect: BufferQueue has been abandoned
12-28 00:57:41.161 27344  1139 E libEGL  : eglCreateWindowSurface: native_window_api_connect (win=0x75ced83350) failed (0xffffffed) (already connected to another API?)
12-28 00:57:41.161 27344  1139 E libEGL  : eglCreateWindowSurfaceTmpl:697 error 3003 (EGL_BAD_ALLOC)
12-28 00:57:41.176 27344  1139 E BufferQueueProducer: [SurfaceTexture-0-27344-1029](id:6ad00000049c,api:1,p:27344,c:27344) query: BufferQueue has been abandoned
12-28 00:57:41.177 27344  1139 E BufferQueueProducer: [SurfaceTexture-0-27344-1029](id:6ad00000049c,api:1,p:27344,c:27344) connect: BufferQueue has been abandoned
12-28 00:57:41.177 27344  1139 E libEGL  : eglCreateWindowSurface: native_window_api_connect (win=0x75ced83350) failed (0xffffffed) (already connected to another API?)
12-28 00:57:41.177 27344  1139 E libEGL  : eglCreateWindowSurfaceTmpl:697 error 3003 (EGL_BAD_ALLOC)
12-28 00:57:41.193 27344  1139 E BufferQueueProducer: [SurfaceTexture-0-27344-1029](id:6ad00000049c,api:1,p:27344,c:27344) query: BufferQueue has been abandoned
12-28 00:57:41.193 27344  1139 E BufferQueueProducer: [SurfaceTexture-0-27344-1029](id:6ad00000049c,api:1,p:27344,c:27344) connect: BufferQueue has been abandoned
12-28 00:57:41.193 27344  1139 E libEGL  : eglCreateWindowSurface: native_window_api_connect (win=0x75ced83350) failed (0xffffffed) (already connected to another API?)
12-28 00:57:41.193 27344  1139 E libEGL  : eglCreateWindowSurfaceTmpl:697 error 3003 (EGL_BAD_ALLOC)
12-28 00:57:41.209 27344  1139 E BufferQueueProducer: [SurfaceTexture-0-27344-1029](id:6ad00000049c,api:1,p:27344,c:27344) query: BufferQueue has been abandoned
12-28 00:57:41.210 27344  1139 E BufferQueueProducer: [SurfaceTexture-0-27344-1029](id:6ad00000049c,api:1,p:27344,c:27344) connect: BufferQueue has been abandoned
12-28 00:57:41.210 27344  1139 E libEGL  : eglCreateWindowSurface: native_window_api_connect (win=0x75ced83350) failed (0xffffffed) (already connected to another API?)
12-28 00:57:41.210 27344  1139 E libEGL  : eglCreateWindowSurfaceTmpl:697 error 3003 (EGL_BAD_ALLOC)
12-28 00:57:41.226 27344  1139 E BufferQueueProducer: [SurfaceTexture-0-27344-1029](id:6ad00000049c,api:1,p:27344,c:27344) query: BufferQueue has been abandoned
12-28 00:57:41.226 27344  1139 E BufferQueueProducer: [SurfaceTexture-0-27344-1029](id:6ad00000049c,api:1,p:27344,c:27344) connect: BufferQueue has been abandoned
12-28 00:57:41.227 27344  1139 E libEGL  : eglCreateWindowSurface: native_window_api_connect (win=0x75ced83350) failed (0xffffffed) (already connected to another API?)
12-28 00:57:41.227 27344  1139 E libEGL  : eglCreateWindowSurfaceTmpl:697 error 3003 (EGL_BAD_ALLOC)
12-28 00:57:41.243 27344  1139 E BufferQueueProducer: [SurfaceTexture-0-27344-1029](id:6ad00000049c,api:1,p:27344,c:27344) query: BufferQueue has been abandoned
12-28 00:57:41.243 27344  1139 E BufferQueueProducer: [SurfaceTexture-0-27344-1029](id:6ad00000049c,api:1,p:27344,c:27344) connect: BufferQueue has been abandoned
12-28 00:57:41.244 27344  1139 E libEGL  : eglCreateWindowSurface: native_window_api_connect (win=0x75ced83350) failed (0xffffffed) (already connected to another API?)
12-28 00:57:41.244 27344  1139 E libEGL  : eglCreateWindowSurfaceTmpl:697 error 3003 (EGL_BAD_ALLOC)
12-28 00:57:41.259 27344  1139 E BufferQueueProducer: [SurfaceTexture-0-27344-1029](id:6ad00000049c,api:1,p:27344,c:27344) query: BufferQueue has been abandoned
12-28 00:57:41.260 27344  1139 E BufferQueueProducer: [SurfaceTexture-0-27344-1029](id:6ad00000049c,api:1,p:27344,c:27344) connect: BufferQueue has been abandoned
12-28 00:57:41.260 27344  1139 E libEGL  : eglCreateWindowSurface: native_window_api_connect (win=0x75ced83350) failed (0xffffffed) (already connected to another API?)
12-28 00:57:41.260 27344  1139 E libEGL  : eglCreateWindowSurfaceTmpl:697 error 3003 (EGL_BAD_ALLOC)
12-28 00:57:41.263  1677  2619 I keystore2: system/security/keystore2/watchdog/src/lib.rs:319 - Watchdog thread idle -> terminating. Have a great day.
12-28 00:57:41.276 27344  1139 E BufferQueueProducer: [SurfaceTexture-0-27344-1029](id:6ad00000049c,api:1,p:27344,c:27344) query: BufferQueue has been abandoned
12-28 00:57:41.276 27344  1139 E BufferQueueProducer: [SurfaceTexture-0-27344-1029](id:6ad00000049c,api:1,p:27344,c:27344) connect: BufferQueue has been abandoned
12-28 00:57:41.276 27344  1139 E libEGL  : eglCreateWindowSurface: native_window_api_connect (win=0x75ced83350) failed (0xffffffed) (already connected to another API?)
12-28 00:57:41.276 27344  1139 E libEGL  : eglCreateWindowSurfaceTmpl:697 error 3003 (EGL_BAD_ALLOC)
12-28 00:57:41.292 27344  1139 E BufferQueueProducer: [SurfaceTexture-0-27344-1029](id:6ad00000049c,api:1,p:27344,c:27344) query: BufferQueue has been abandoned
12-28 00:57:41.293 27344  1139 E BufferQueueProducer: [SurfaceTexture-0-27344-1029](id:6ad00000049c,api:1,p:27344,c:27344) connect: BufferQueue has been abandoned
12-28 00:57:41.293 27344  1139 E libEGL  : eglCreateWindowSurface: native_window_api_connect (win=0x75ced83350) failed (0xffffffed) (already connected to another API?)
12-28 00:57:41.293 27344  1139 E libEGL  : eglCreateWindowSurfaceTmpl:697 error 3003 (EGL_BAD_ALLOC)
12-28 00:57:41.310 27344  1139 E BufferQueueProducer: [SurfaceTexture-0-27344-1029](id:6ad00000049c,api:1,p:27344,c:27344) query: BufferQueue has been abandoned
12-28 00:57:41.310 27344  1139 E BufferQueueProducer: [SurfaceTexture-0-27344-1029](id:6ad00000049c,api:1,p:27344,c:27344) connect: BufferQueue has been abandoned
12-28 00:57:41.310 27344  1139 E libEGL  : eglCreateWindowSurface: native_window_api_connect (win=0x75ced83350) failed (0xffffffed) (already connected to another API?)
12-28 00:57:41.311 27344  1139 E libEGL  : eglCreateWindowSurfaceTmpl:697 error 3003 (EGL_BAD_ALLOC)
12-28 00:57:41.326 27344  1139 E BufferQueueProducer: [SurfaceTexture-0-27344-1029](id:6ad00000049c,api:1,p:27344,c:27344) query: BufferQueue has been abandoned
12-28 00:57:41.326 27344  1139 E BufferQueueProducer: [SurfaceTexture-0-27344-1029](id:6ad00000049c,api:1,p:27344,c:27344) connect: BufferQueue has been abandoned
12-28 00:57:41.327 27344  1139 E libEGL  : eglCreateWindowSurface: native_window_api_connect (win=0x75ced83350) failed (0xffffffed) (already connected to another API?)
12-28 00:57:41.327 27344  1139 E libEGL  : eglCreateWindowSurfaceTmpl:697 error 3003 (EGL_BAD_ALLOC)
12-28 00:57:41.343 27344  1139 E BufferQueueProducer: [SurfaceTexture-0-27344-1029](id:6ad00000049c,api:1,p:27344,c:27344) query: BufferQueue has been abandoned
12-28 00:57:41.343 27344  1139 E BufferQueueProducer: [SurfaceTexture-0-27344-1029](id:6ad00000049c,api:1,p:27344,c:27344) connect: BufferQueue has been abandoned
12-28 00:57:41.343 27344  1139 E libEGL  : eglCreateWindowSurface: native_window_api_connect (win=0x75ced83350) failed (0xffffffed) (already connected to another API?)
12-28 00:57:41.343 27344  1139 E libEGL  : eglCreateWindowSurfaceTmpl:697 error 3003 (EGL_BAD_ALLOC)
12-28 00:57:41.359 27344  1139 E BufferQueueProducer: [SurfaceTexture-0-27344-1029](id:6ad00000049c,api:1,p:27344,c:27344) query: BufferQueue has been abandoned
12-28 00:57:41.360 27344  1139 E BufferQueueProducer: [SurfaceTexture-0-27344-1029](id:6ad00000049c,api:1,p:27344,c:27344) connect: BufferQueue has been abandoned
12-28 00:57:41.360 27344  1139 E libEGL  : eglCreateWindowSurface: native_window_api_connect (win=0x75ced83350) failed (0xffffffed) (already connected to another API?)
12-28 00:57:41.360 27344  1139 E libEGL  : eglCreateWindowSurfaceTmpl:697 error 3003 (EGL_BAD_ALLOC)
12-28 00:57:41.376 27344  1139 E BufferQueueProducer: [SurfaceTexture-0-27344-1029](id:6ad00000049c,api:1,p:27344,c:27344) query: BufferQueue has been abandoned
12-28 00:57:41.376 27344  1139 E BufferQueueProducer: [SurfaceTexture-0-27344-1029](id:6ad00000049c,api:1,p:27344,c:27344) connect: BufferQueue has been abandoned
12-28 00:57:41.377 27344  1139 E libEGL  : eglCreateWindowSurface: native_window_api_connect (win=0x75ced83350) failed (0xffffffed) (already connected to another API?)
12-28 00:57:41.377 27344  1139 E libEGL  : eglCreateWindowSurfaceTmpl:697 error 3003 (EGL_BAD_ALLOC)
12-28 00:57:41.392  2896  5167 I MiuiNetworkPolicy: bandwidth: 18 KB/s, Max bandwidth: 1474 KB/s
12-28 00:57:41.392 27344  1139 E BufferQueueProducer: [SurfaceTexture-0-27344-1029](id:6ad00000049c,api:1,p:27344,c:27344) query: BufferQueue has been abandoned
12-28 00:57:41.393 27344  1139 E BufferQueueProducer: [SurfaceTexture-0-27344-1029](id:6ad00000049c,api:1,p:27344,c:27344) connect: BufferQueue has been abandoned
12-28 00:57:41.393 27344  1139 E libEGL  : eglCreateWindowSurface: native_window_api_connect (win=0x75ced83350) failed (0xffffffed) (already connected to another API?)
12-28 00:57:41.393 27344  1139 E libEGL  : eglCreateWindowSurfaceTmpl:697 error 3003 (EGL_BAD_ALLOC)
12-28 00:57:41.406 32689 22625 D TrafficStats: tagSocket(143) with statsTag=0x8003, statsUid=-1
12-28 00:57:41.410 27344  1139 E BufferQueueProducer: [SurfaceTexture-0-27344-1029](id:6ad00000049c,api:1,p:27344,c:27344) query: BufferQueue has been abandoned
12-28 00:57:41.410 27344  1139 E BufferQueueProducer: [SurfaceTexture-0-27344-1029](id:6ad00000049c,api:1,p:27344,c:27344) connect: BufferQueue has been abandoned
12-28 00:57:41.410 27344  1139 E libEGL  : eglCreateWindowSurface: native_window_api_connect (win=0x75ced83350) failed (0xffffffed) (already connected to another API?)
12-28 00:57:41.410 27344  1139 E libEGL  : eglCreateWindowSurfaceTmpl:697 error 3003 (EGL_BAD_ALLOC)
12-28 00:57:41.426 27344  1139 E BufferQueueProducer: [SurfaceTexture-0-27344-1029](id:6ad00000049c,api:1,p:27344,c:27344) query: BufferQueue has been abandoned
12-28 00:57:41.426 27344  1139 E BufferQueueProducer: [SurfaceTexture-0-27344-1029](id:6ad00000049c,api:1,p:27344,c:27344) connect: BufferQueue has been abandoned
12-28 00:57:41.427 27344  1139 E libEGL  : eglCreateWindowSurface: native_window_api_connect (win=0x75ced83350) failed (0xffffffed) (already connected to another API?)
12-28 00:57:41.427 27344  1139 E libEGL  : eglCreateWindowSurfaceTmpl:697 error 3003 (EGL_BAD_ALLOC)
12-28 00:57:41.443 27344  1139 E BufferQueueProducer: [SurfaceTexture-0-27344-1029](id:6ad00000049c,api:1,p:27344,c:27344) query: BufferQueue has been abandoned
12-28 00:57:41.443 27344  1139 E BufferQueueProducer: [SurfaceTexture-0-27344-1029](id:6ad00000049c,api:1,p:27344,c:27344) connect: BufferQueue has been abandoned
12-28 00:57:41.443 27344  1139 E libEGL  : eglCreateWindowSurface: native_window_api_connect (win=0x75ced83350) failed (0xffffffed) (already connected to another API?)
12-28 00:57:41.444 27344  1139 E libEGL  : eglCreateWindowSurfaceTmpl:697 error 3003 (EGL_BAD_ALLOC)
12-28 00:57:41.459 27344  1139 E BufferQueueProducer: [SurfaceTexture-0-27344-1029](id:6ad00000049c,api:1,p:27344,c:27344) query: BufferQueue has been abandoned
12-28 00:57:41.460 27344  1139 E BufferQueueProducer: [SurfaceTexture-0-27344-1029](id:6ad00000049c,api:1,p:27344,c:27344) connect: BufferQueue has been abandoned
12-28 00:57:41.460 27344  1139 E libEGL  : eglCreateWindowSurface: native_window_api_connect (win=0x75ced83350) failed (0xffffffed) (already connected to another API?)
12-28 00:57:41.460 27344  1139 E libEGL  : eglCreateWindowSurfaceTmpl:697 error 3003 (EGL_BAD_ALLOC)
12-28 00:57:41.476 27344  1139 E BufferQueueProducer: [SurfaceTexture-0-27344-1029](id:6ad00000049c,api:1,p:27344,c:27344) query: BufferQueue has been abandoned
12-28 00:57:41.476 27344  1139 E BufferQueueProducer: [SurfaceTexture-0-27344-1029](id:6ad00000049c,api:1,p:27344,c:27344) connect: BufferQueue has been abandoned
12-28 00:57:41.477 27344  1139 E libEGL  : eglCreateWindowSurface: native_window_api_connect (win=0x75ced83350) failed (0xffffffed) (already connected to another API?)
12-28 00:57:41.477 27344  1139 E libEGL  : eglCreateWindowSurfaceTmpl:697 error 3003 (EGL_BAD_ALLOC)
12-28 00:57:41.493 27344  1139 E BufferQueueProducer: [SurfaceTexture-0-27344-1029](id:6ad00000049c,api:1,p:27344,c:27344) query: BufferQueue has been abandoned
12-28 00:57:41.493 27344  1139 E BufferQueueProducer: [SurfaceTexture-0-27344-1029](id:6ad00000049c,api:1,p:27344,c:27344) connect: BufferQueue has been abandoned
12-28 00:57:41.493 27344  1139 E libEGL  : eglCreateWindowSurface: native_window_api_connect (win=0x75ced83350) failed (0xffffffed) (already connected to another API?)
12-28 00:57:41.493 27344  1139 E libEGL  : eglCreateWindowSurfaceTmpl:697 error 3003 (EGL_BAD_ALLOC)
12-28 00:57:41.509 27344  1139 E BufferQueueProducer: [SurfaceTexture-0-27344-1029](id:6ad00000049c,api:1,p:27344,c:27344) query: BufferQueue has been abandoned
12-28 00:57:41.510 27344  1139 E BufferQueueProducer: [SurfaceTexture-0-27344-1029](id:6ad00000049c,api:1,p:27344,c:27344) connect: BufferQueue has been abandoned
12-28 00:57:41.510 27344  1139 E libEGL  : eglCreateWindowSurface: native_window_api_connect (win=0x75ced83350) failed (0xffffffed) (already connected to another API?)
12-28 00:57:41.510 27344  1139 E libEGL  : eglCreateWindowSurfaceTmpl:697 error 3003 (EGL_BAD_ALLOC)
12-28 00:57:41.526 27344  1139 E BufferQueueProducer: [SurfaceTexture-0-27344-1029](id:6ad00000049c,api:1,p:27344,c:27344) query: BufferQueue has been abandoned
12-28 00:57:41.527 27344  1139 E BufferQueueProducer: [SurfaceTexture-0-27344-1029](id:6ad00000049c,api:1,p:27344,c:27344) connect: BufferQueue has been abandoned
12-28 00:57:41.527 27344  1139 E libEGL  : eglCreateWindowSurface: native_window_api_connect (win=0x75ced83350) failed (0xffffffed) (already connected to another API?)
12-28 00:57:41.527 27344  1139 E libEGL  : eglCreateWindowSurfaceTmpl:697 error 3003 (EGL_BAD_ALLOC)
12-28 00:57:41.543 27344  1139 E BufferQueueProducer: [SurfaceTexture-0-27344-1029](id:6ad00000049c,api:1,p:27344,c:27344) query: BufferQueue has been abandoned
12-28 00:57:41.543 27344  1139 E BufferQueueProducer: [SurfaceTexture-0-27344-1029](id:6ad00000049c,api:1,p:27344,c:27344) connect: BufferQueue has been abandoned
12-28 00:57:41.544 27344  1139 E libEGL  : eglCreateWindowSurface: native_window_api_connect (win=0x75ced83350) failed (0xffffffed) (already connected to another API?)
12-28 00:57:41.544 27344  1139 E libEGL  : eglCreateWindowSurfaceTmpl:697 error 3003 (EGL_BAD_ALLOC)
12-28 00:57:41.559 27344  1139 E BufferQueueProducer: [SurfaceTexture-0-27344-1029](id:6ad00000049c,api:1,p:27344,c:27344) query: BufferQueue has been abandoned
12-28 00:57:41.560 27344  1139 E BufferQueueProducer: [SurfaceTexture-0-27344-1029](id:6ad00000049c,api:1,p:27344,c:27344) connect: BufferQueue has been abandoned
12-28 00:57:41.560 27344  1139 E libEGL  : eglCreateWindowSurface: native_window_api_connect (win=0x75ced83350) failed (0xffffffed) (already connected to another API?)
12-28 00:57:41.560 27344  1139 E libEGL  : eglCreateWindowSurfaceTmpl:697 error 3003 (EGL_BAD_ALLOC)
12-28 00:57:41.576 27344  1139 E BufferQueueProducer: [SurfaceTexture-0-27344-1029](id:6ad00000049c,api:1,p:27344,c:27344) query: BufferQueue has been abandoned
12-28 00:57:41.576 27344  1139 E BufferQueueProducer: [SurfaceTexture-0-27344-1029](id:6ad00000049c,api:1,p:27344,c:27344) connect: BufferQueue has been abandoned
12-28 00:57:41.576 27344  1139 E libEGL  : eglCreateWindowSurface: native_window_api_connect (win=0x75ced83350) failed (0xffffffed) (already connected to another API?)
12-28 00:57:41.576 27344  1139 E libEGL  : eglCreateWindowSurfaceTmpl:697 error 3003 (EGL_BAD_ALLOC)
12-28 00:57:41.592 27344  1139 E BufferQueueProducer: [SurfaceTexture-0-27344-1029](id:6ad00000049c,api:1,p:27344,c:27344) query: BufferQueue has been abandoned
12-28 00:57:41.593 27344  1139 E BufferQueueProducer: [SurfaceTexture-0-27344-1029](id:6ad00000049c,api:1,p:27344,c:27344) connect: BufferQueue has been abandoned
12-28 00:57:41.593 27344  1139 E libEGL  : eglCreateWindowSurface: native_window_api_connect (win=0x75ced83350) failed (0xffffffed) (already connected to another API?)
12-28 00:57:41.593 27344  1139 E libEGL  : eglCreateWindowSurfaceTmpl:697 error 3003 (EGL_BAD_ALLOC)
12-28 00:57:41.609 27344  1139 E BufferQueueProducer: [SurfaceTexture-0-27344-1029](id:6ad00000049c,api:1,p:27344,c:27344) query: BufferQueue has been abandoned
12-28 00:57:41.609 27344  1139 E BufferQueueProducer: [SurfaceTexture-0-27344-1029](id:6ad00000049c,api:1,p:27344,c:27344) connect: BufferQueue has been abandoned
12-28 00:57:41.609 27344  1139 E libEGL  : eglCreateWindowSurface: native_window_api_connect (win=0x75ced83350) failed (0xffffffed) (already connected to another API?)
12-28 00:57:41.609 27344  1139 E libEGL  : eglCreateWindowSurfaceTmpl:697 error 3003 (EGL_BAD_ALLOC)
12-28 00:57:41.626 27344  1139 E BufferQueueProducer: [SurfaceTexture-0-27344-1029](id:6ad00000049c,api:1,p:27344,c:27344) query: BufferQueue has been abandoned
12-28 00:57:41.626 27344  1139 E BufferQueueProducer: [SurfaceTexture-0-27344-1029](id:6ad00000049c,api:1,p:27344,c:27344) connect: BufferQueue has been abandoned
12-28 00:57:41.627 27344  1139 E libEGL  : eglCreateWindowSurface: native_window_api_connect (win=0x75ced83350) failed (0xffffffed) (already connected to another API?)
12-28 00:57:41.627 27344  1139 E libEGL  : eglCreateWindowSurfaceTmpl:697 error 3003 (EGL_BAD_ALLOC)
12-28 00:57:41.643 27344  1139 E BufferQueueProducer: [SurfaceTexture-0-27344-1029](id:6ad00000049c,api:1,p:27344,c:27344) query: BufferQueue has been abandoned
12-28 00:57:41.643 27344  1139 E BufferQueueProducer: [SurfaceTexture-0-27344-1029](id:6ad00000049c,api:1,p:27344,c:27344) connect: BufferQueue has been abandoned
12-28 00:57:41.643 27344  1139 E libEGL  : eglCreateWindowSurface: native_window_api_connect (win=0x75ced83350) failed (0xffffffed) (already connected to another API?)
12-28 00:57:41.644 27344  1139 E libEGL  : eglCreateWindowSurfaceTmpl:697 error 3003 (EGL_BAD_ALLOC)
12-28 00:57:41.659 27344  1139 E BufferQueueProducer: [SurfaceTexture-0-27344-1029](id:6ad00000049c,api:1,p:27344,c:27344) query: BufferQueue has been abandoned
12-28 00:57:41.660 27344  1139 E BufferQueueProducer: [SurfaceTexture-0-27344-1029](id:6ad00000049c,api:1,p:27344,c:27344) connect: BufferQueue has been abandoned
12-28 00:57:41.660 27344  1139 E libEGL  : eglCreateWindowSurface: native_window_api_connect (win=0x75ced83350) failed (0xffffffed) (already connected to another API?)
12-28 00:57:41.660 27344  1139 E libEGL  : eglCreateWindowSurfaceTmpl:697 error 3003 (EGL_BAD_ALLOC)
12-28 00:57:41.676 27344  1139 E BufferQueueProducer: [SurfaceTexture-0-27344-1029](id:6ad00000049c,api:1,p:27344,c:27344) query: BufferQueue has been abandoned
12-28 00:57:41.677 27344  1139 E BufferQueueProducer: [SurfaceTexture-0-27344-1029](id:6ad00000049c,api:1,p:27344,c:27344) connect: BufferQueue has been abandoned
12-28 00:57:41.677 27344  1139 E libEGL  : eglCreateWindowSurface: native_window_api_connect (win=0x75ced83350) failed (0xffffffed) (already connected to another API?)
12-28 00:57:41.677 27344  1139 E libEGL  : eglCreateWindowSurfaceTmpl:697 error 3003 (EGL_BAD_ALLOC)
12-28 00:57:41.693 27344  1139 E BufferQueueProducer: [SurfaceTexture-0-27344-1029](id:6ad00000049c,api:1,p:27344,c:27344) query: BufferQueue has been abandoned
12-28 00:57:41.693 27344  1139 E BufferQueueProducer: [SurfaceTexture-0-27344-1029](id:6ad00000049c,api:1,p:27344,c:27344) connect: BufferQueue has been abandoned
12-28 00:57:41.693 27344  1139 E libEGL  : eglCreateWindowSurface: native_window_api_connect (win=0x75ced83350) failed (0xffffffed) (already connected to another API?)
12-28 00:57:41.694 27344  1139 E libEGL  : eglCreateWindowSurfaceTmpl:697 error 3003 (EGL_BAD_ALLOC)
12-28 00:57:41.709 27344  1139 E BufferQueueProducer: [SurfaceTexture-0-27344-1029](id:6ad00000049c,api:1,p:27344,c:27344) query: BufferQueue has been abandoned
12-28 00:57:41.710 27344  1139 E BufferQueueProducer: [SurfaceTexture-0-27344-1029](id:6ad00000049c,api:1,p:27344,c:27344) connect: BufferQueue has been abandoned
12-28 00:57:41.710 27344  1139 E libEGL  : eglCreateWindowSurface: native_window_api_connect (win=0x75ced83350) failed (0xffffffed) (already connected to another API?)
12-28 00:57:41.710 27344  1139 E libEGL  : eglCreateWindowSurfaceTmpl:697 error 3003 (EGL_BAD_ALLOC)
12-28 00:57:41.726 27344  1139 E BufferQueueProducer: [SurfaceTexture-0-27344-1029](id:6ad00000049c,api:1,p:27344,c:27344) query: BufferQueue has been abandoned
12-28 00:57:41.727 27344  1139 E BufferQueueProducer: [SurfaceTexture-0-27344-1029](id:6ad00000049c,api:1,p:27344,c:27344) connect: BufferQueue has been abandoned
12-28 00:57:41.727 27344  1139 E libEGL  : eglCreateWindowSurface: native_window_api_connect (win=0x75ced83350) failed (0xffffffed) (already connected to another API?)
12-28 00:57:41.727 27344  1139 E libEGL  : eglCreateWindowSurfaceTmpl:697 error 3003 (EGL_BAD_ALLOC)
12-28 00:57:41.742 27344  1139 E BufferQueueProducer: [SurfaceTexture-0-27344-1029](id:6ad00000049c,api:1,p:27344,c:27344) query: BufferQueue has been abandoned
12-28 00:57:41.743 27344  1139 E BufferQueueProducer: [SurfaceTexture-0-27344-1029](id:6ad00000049c,api:1,p:27344,c:27344) connect: BufferQueue has been abandoned
12-28 00:57:41.743 27344  1139 E libEGL  : eglCreateWindowSurface: native_window_api_connect (win=0x75ced83350) failed (0xffffffed) (already connected to another API?)
12-28 00:57:41.743 27344  1139 E libEGL  : eglCreateWindowSurfaceTmpl:697 error 3003 (EGL_BAD_ALLOC)
12-28 00:57:41.759 27344  1139 E BufferQueueProducer: [SurfaceTexture-0-27344-1029](id:6ad00000049c,api:1,p:27344,c:27344) query: BufferQueue has been abandoned
12-28 00:57:41.760 27344  1139 E BufferQueueProducer: [SurfaceTexture-0-27344-1029](id:6ad00000049c,api:1,p:27344,c:27344) connect: BufferQueue has been abandoned
12-28 00:57:41.761 27344  1139 E libEGL  : eglCreateWindowSurface: native_window_api_connect (win=0x75ced83350) failed (0xffffffed) (already connected to another API?)
12-28 00:57:41.761 27344  1139 E libEGL  : eglCreateWindowSurfaceTmpl:697 error 3003 (EGL_BAD_ALLOC)
12-28 00:57:41.776 27344  1139 E BufferQueueProducer: [SurfaceTexture-0-27344-1029](id:6ad00000049c,api:1,p:27344,c:27344) query: BufferQueue has been abandoned
12-28 00:57:41.776 27344  1139 E BufferQueueProducer: [SurfaceTexture-0-27344-1029](id:6ad00000049c,api:1,p:27344,c:27344) connect: BufferQueue has been abandoned
12-28 00:57:41.777 27344  1139 E libEGL  : eglCreateWindowSurface: native_window_api_connect (win=0x75ced83350) failed (0xffffffed) (already connected to another API?)
12-28 00:57:41.777 27344  1139 E libEGL  : eglCreateWindowSurfaceTmpl:697 error 3003 (EGL_BAD_ALLOC)
12-28 00:57:41.793 27344  1139 E BufferQueueProducer: [SurfaceTexture-0-27344-1029](id:6ad00000049c,api:1,p:27344,c:27344) query: BufferQueue has been abandoned
12-28 00:57:41.793 27344  1139 E BufferQueueProducer: [SurfaceTexture-0-27344-1029](id:6ad00000049c,api:1,p:27344,c:27344) connect: BufferQueue has been abandoned
12-28 00:57:41.794 27344  1139 E libEGL  : eglCreateWindowSurface: native_window_api_connect (win=0x75ced83350) failed (0xffffffed) (already connected to another API?)
12-28 00:57:41.794 27344  1139 E libEGL  : eglCreateWindowSurfaceTmpl:697 error 3003 (EGL_BAD_ALLOC)
12-28 00:57:41.809 27344  1139 E BufferQueueProducer: [SurfaceTexture-0-27344-1029](id:6ad00000049c,api:1,p:27344,c:27344) query: BufferQueue has been abandoned
12-28 00:57:41.810 27344  1139 E BufferQueueProducer: [SurfaceTexture-0-27344-1029](id:6ad00000049c,api:1,p:27344,c:27344) connect: BufferQueue has been abandoned
12-28 00:57:41.810 27344  1139 E libEGL  : eglCreateWindowSurface: native_window_api_connect (win=0x75ced83350) failed (0xffffffed) (already connected to another API?)
12-28 00:57:41.810 27344  1139 E libEGL  : eglCreateWindowSurfaceTmpl:697 error 3003 (EGL_BAD_ALLOC)
12-28 00:57:41.826 27344  1139 E BufferQueueProducer: [SurfaceTexture-0-27344-1029](id:6ad00000049c,api:1,p:27344,c:27344) query: BufferQueue has been abandoned
12-28 00:57:41.826 27344  1139 E BufferQueueProducer: [SurfaceTexture-0-27344-1029](id:6ad00000049c,api:1,p:27344,c:27344) connect: BufferQueue has been abandoned
12-28 00:57:41.827 27344  1139 E libEGL  : eglCreateWindowSurface: native_window_api_connect (win=0x75ced83350) failed (0xffffffed) (already connected to another API?)
12-28 00:57:41.827 27344  1139 E libEGL  : eglCreateWindowSurfaceTmpl:697 error 3003 (EGL_BAD_ALLOC)
12-28 00:57:41.843 27344  1139 E BufferQueueProducer: [SurfaceTexture-0-27344-1029](id:6ad00000049c,api:1,p:27344,c:27344) query: BufferQueue has been abandoned
12-28 00:57:41.843 27344  1139 E BufferQueueProducer: [SurfaceTexture-0-27344-1029](id:6ad00000049c,api:1,p:27344,c:27344) connect: BufferQueue has been abandoned
12-28 00:57:41.843 27344  1139 E libEGL  : eglCreateWindowSurface: native_window_api_connect (win=0x75ced83350) failed (0xffffffed) (already connected to another API?)
12-28 00:57:41.843 27344  1139 E libEGL  : eglCreateWindowSurfaceTmpl:697 error 3003 (EGL_BAD_ALLOC)
12-28 00:57:41.859 27344  1139 E BufferQueueProducer: [SurfaceTexture-0-27344-1029](id:6ad00000049c,api:1,p:27344,c:27344) query: BufferQueue has been abandoned
12-28 00:57:41.860 27344  1139 E BufferQueueProducer: [SurfaceTexture-0-27344-1029](id:6ad00000049c,api:1,p:27344,c:27344) connect: BufferQueue has been abandoned
12-28 00:57:41.861 27344  1139 E libEGL  : eglCreateWindowSurface: native_window_api_connect (win=0x75ced83350) failed (0xffffffed) (already connected to another API?)
12-28 00:57:41.861 27344  1139 E libEGL  : eglCreateWindowSurfaceTmpl:697 error 3003 (EGL_BAD_ALLOC)
12-28 00:57:41.866  3219  3219 I wificond: station_bandwidth: P
12-28 00:57:41.868  2896 23446 D WifiScoreReportInjector: mCcaBusyRate change to 0; mBeaconLostRate change to 0
12-28 00:57:41.876 27344  1139 E BufferQueueProducer: [SurfaceTexture-0-27344-1029](id:6ad00000049c,api:1,p:27344,c:27344) query: BufferQueue has been abandoned
12-28 00:57:41.876 27344  1139 E BufferQueueProducer: [SurfaceTexture-0-27344-1029](id:6ad00000049c,api:1,p:27344,c:27344) connect: BufferQueue has been abandoned
12-28 00:57:41.876 27344  1139 E libEGL  : eglCreateWindowSurface: native_window_api_connect (win=0x75ced83350) failed (0xffffffed) (already connected to another API?)
12-28 00:57:41.876 27344  1139 E libEGL  : eglCreateWindowSurfaceTmpl:697 error 3003 (EGL_BAD_ALLOC)
12-28 00:57:41.892 27344  1139 E BufferQueueProducer: [SurfaceTexture-0-27344-1029](id:6ad00000049c,api:1,p:27344,c:27344) query: BufferQueue has been abandoned
12-28 00:57:41.893 27344  1139 E BufferQueueProducer: [SurfaceTexture-0-27344-1029](id:6ad00000049c,api:1,p:27344,c:27344) connect: BufferQueue has been abandoned
12-28 00:57:41.893 27344  1139 E libEGL  : eglCreateWindowSurface: native_window_api_connect (win=0x75ced83350) failed (0xffffffed) (already connected to another API?)
12-28 00:57:41.893 27344  1139 E libEGL  : eglCreateWindowSurfaceTmpl:697 error 3003 (EGL_BAD_ALLOC)
12-28 00:57:41.909 27344  1139 E BufferQueueProducer: [SurfaceTexture-0-27344-1029](id:6ad00000049c,api:1,p:27344,c:27344) query: BufferQueue has been abandoned
12-28 00:57:41.910 27344  1139 E BufferQueueProducer: [SurfaceTexture-0-27344-1029](id:6ad00000049c,api:1,p:27344,c:27344) connect: BufferQueue has been abandoned
12-28 00:57:41.910 27344  1139 E libEGL  : eglCreateWindowSurface: native_window_api_connect (win=0x75ced83350) failed (0xffffffed) (already connected to another API?)
12-28 00:57:41.910 27344  1139 E libEGL  : eglCreateWindowSurfaceTmpl:697 error 3003 (EGL_BAD_ALLOC)
12-28 00:57:41.926 27344  1139 E BufferQueueProducer: [SurfaceTexture-0-27344-1029](id:6ad00000049c,api:1,p:27344,c:27344) query: BufferQueue has been abandoned
12-28 00:57:41.926 27344  1139 E BufferQueueProducer: [SurfaceTexture-0-27344-1029](id:6ad00000049c,api:1,p:27344,c:27344) connect: BufferQueue has been abandoned
12-28 00:57:41.926 27344  1139 E libEGL  : eglCreateWindowSurface: native_window_api_connect (win=0x75ced83350) failed (0xffffffed) (already connected to another API?)
12-28 00:57:41.927 27344  1139 E libEGL  : eglCreateWindowSurfaceTmpl:697 error 3003 (EGL_BAD_ALLOC)
12-28 00:57:41.943 27344  1139 E BufferQueueProducer: [SurfaceTexture-0-27344-1029](id:6ad00000049c,api:1,p:27344,c:27344) query: BufferQueue has been abandoned
12-28 00:57:41.943 27344  1139 E BufferQueueProducer: [SurfaceTexture-0-27344-1029](id:6ad00000049c,api:1,p:27344,c:27344) connect: BufferQueue has been abandoned
12-28 00:57:41.943 27344  1139 E libEGL  : eglCreateWindowSurface: native_window_api_connect (win=0x75ced83350) failed (0xffffffed) (already connected to another API?)
12-28 00:57:41.944 27344  1139 E libEGL  : eglCreateWindowSurfaceTmpl:697 error 3003 (EGL_BAD_ALLOC)
12-28 00:57:41.959 27344  1139 E BufferQueueProducer: [SurfaceTexture-0-27344-1029](id:6ad00000049c,api:1,p:27344,c:27344) query: BufferQueue has been abandoned
12-28 00:57:41.960 27344  1139 E BufferQueueProducer: [SurfaceTexture-0-27344-1029](id:6ad00000049c,api:1,p:27344,c:27344) connect: BufferQueue has been abandoned
12-28 00:57:41.960 27344  1139 E libEGL  : eglCreateWindowSurface: native_window_api_connect (win=0x75ced83350) failed (0xffffffed) (already connected to another API?)
12-28 00:57:41.960 27344  1139 E libEGL  : eglCreateWindowSurfaceTmpl:697 error 3003 (EGL_BAD_ALLOC)
12-28 00:57:41.976 27344  1139 E BufferQueueProducer: [SurfaceTexture-0-27344-1029](id:6ad00000049c,api:1,p:27344,c:27344) query: BufferQueue has been abandoned
12-28 00:57:41.976 27344  1139 E BufferQueueProducer: [SurfaceTexture-0-27344-1029](id:6ad00000049c,api:1,p:27344,c:27344) connect: BufferQueue has been abandoned
12-28 00:57:41.977 27344  1139 E libEGL  : eglCreateWindowSurface: native_window_api_connect (win=0x75ced83350) failed (0xffffffed) (already connected to another API?)
12-28 00:57:41.977 27344  1139 E libEGL  : eglCreateWindowSurfaceTmpl:697 error 3003 (EGL_BAD_ALLOC)
12-28 00:57:41.992 27344  1139 E BufferQueueProducer: [SurfaceTexture-0-27344-1029](id:6ad00000049c,api:1,p:27344,c:27344) query: BufferQueue has been abandoned
12-28 00:57:41.993 27344  1139 E BufferQueueProducer: [SurfaceTexture-0-27344-1029](id:6ad00000049c,api:1,p:27344,c:27344) connect: BufferQueue has been abandoned
12-28 00:57:41.993 27344  1139 E libEGL  : eglCreateWindowSurface: native_window_api_connect (win=0x75ced83350) failed (0xffffffed) (already connected to another API?)
12-28 00:57:41.994 27344  1139 E libEGL  : eglCreateWindowSurfaceTmpl:697 error 3003 (EGL_BAD_ALLOC)
12-28 00:57:42.009 27344  1139 E BufferQueueProducer: [SurfaceTexture-0-27344-1029](id:6ad00000049c,api:1,p:27344,c:27344) query: BufferQueue has been abandoned
12-28 00:57:42.010 27344  1139 E BufferQueueProducer: [SurfaceTexture-0-27344-1029](id:6ad00000049c,api:1,p:27344,c:27344) connect: BufferQueue has been abandoned
12-28 00:57:42.010 27344  1139 E libEGL  : eglCreateWindowSurface: native_window_api_connect (win=0x75ced83350) failed (0xffffffed) (already connected to another API?)
12-28 00:57:42.010 27344  1139 E libEGL  : eglCreateWindowSurfaceTmpl:697 error 3003 (EGL_BAD_ALLOC)
12-28 00:57:42.018  6431 32599 I SafeBinderCall: onPositionChange binder cost:0
12-28 00:57:42.018  6431  6431 D MiPlayDetailViewModel: onPositionChangeSelf position = 144012
12-28 00:57:42.026 27344  1139 E BufferQueueProducer: [SurfaceTexture-0-27344-1029](id:6ad00000049c,api:1,p:27344,c:27344) query: BufferQueue has been abandoned
12-28 00:57:42.027 27344  1139 E BufferQueueProducer: [SurfaceTexture-0-27344-1029](id:6ad00000049c,api:1,p:27344,c:27344) connect: BufferQueue has been abandoned
12-28 00:57:42.027 27344  1139 E libEGL  : eglCreateWindowSurface: native_window_api_connect (win=0x75ced83350) failed (0xffffffed) (already connected to another API?)
12-28 00:57:42.027 27344  1139 E libEGL  : eglCreateWindowSurfaceTmpl:697 error 3003 (EGL_BAD_ALLOC)
12-28 00:57:42.043 27344  1139 E BufferQueueProducer: [SurfaceTexture-0-27344-1029](id:6ad00000049c,api:1,p:27344,c:27344) query: BufferQueue has been abandoned
12-28 00:57:42.043 27344  1139 E BufferQueueProducer: [SurfaceTexture-0-27344-1029](id:6ad00000049c,api:1,p:27344,c:27344) connect: BufferQueue has been abandoned
12-28 00:57:42.043 27344  1139 E libEGL  : eglCreateWindowSurface: native_window_api_connect (win=0x75ced83350) failed (0xffffffed) (already connected to another API?)
12-28 00:57:42.043 27344  1139 E libEGL  : eglCreateWindowSurfaceTmpl:697 error 3003 (EGL_BAD_ALLOC)
12-28 00:57:42.059 27344  1139 E BufferQueueProducer: [SurfaceTexture-0-27344-1029](id:6ad00000049c,api:1,p:27344,c:27344) query: BufferQueue has been abandoned
12-28 00:57:42.060 27344  1139 E BufferQueueProducer: [SurfaceTexture-0-27344-1029](id:6ad00000049c,api:1,p:27344,c:27344) connect: BufferQueue has been abandoned
12-28 00:57:42.060 27344  1139 E libEGL  : eglCreateWindowSurface: native_window_api_connect (win=0x75ced83350) failed (0xffffffed) (already connected to another API?)
12-28 00:57:42.060 27344  1139 E libEGL  : eglCreateWindowSurfaceTmpl:697 error 3003 (EGL_BAD_ALLOC)
12-28 00:57:42.064 32444 32552 D AudioTrackImpl: [audioTrackData][fine] 25s(f:25006 m:0 s:0 k:0 z:0) : pid 32444 uid 10632 sessionId 50993 sr 48000 ch 2 fmt 1 maxAmplitude 255
12-28 00:57:42.076 27344  1139 E BufferQueueProducer: [SurfaceTexture-0-27344-1029](id:6ad00000049c,api:1,p:27344,c:27344) query: BufferQueue has been abandoned
12-28 00:57:42.076 27344  1139 E BufferQueueProducer: [SurfaceTexture-0-27344-1029](id:6ad00000049c,api:1,p:27344,c:27344) connect: BufferQueue has been abandoned
12-28 00:57:42.076 27344  1139 E libEGL  : eglCreateWindowSurface: native_window_api_connect (win=0x75ced83350) failed (0xffffffed) (already connected to another API?)
12-28 00:57:42.076 27344  1139 E libEGL  : eglCreateWindowSurfaceTmpl:697 error 3003 (EGL_BAD_ALLOC)
12-28 00:57:42.092 27344  1139 E BufferQueueProducer: [SurfaceTexture-0-27344-1029](id:6ad00000049c,api:1,p:27344,c:27344) query: BufferQueue has been abandoned
12-28 00:57:42.093 27344  1139 E BufferQueueProducer: [SurfaceTexture-0-27344-1029](id:6ad00000049c,api:1,p:27344,c:27344) connect: BufferQueue has been abandoned
12-28 00:57:42.093 27344  1139 E libEGL  : eglCreateWindowSurface: native_window_api_connect (win=0x75ced83350) failed (0xffffffed) (already connected to another API?)
12-28 00:57:42.093 27344  1139 E libEGL  : eglCreateWindowSurfaceTmpl:697 error 3003 (EGL_BAD_ALLOC)
12-28 00:57:42.109 27344  1139 E BufferQueueProducer: [SurfaceTexture-0-27344-1029](id:6ad00000049c,api:1,p:27344,c:27344) query: BufferQueue has been abandoned
12-28 00:57:42.110 27344  1139 E BufferQueueProducer: [SurfaceTexture-0-27344-1029](id:6ad00000049c,api:1,p:27344,c:27344) connect: BufferQueue has been abandoned
12-28 00:57:42.110 27344  1139 E libEGL  : eglCreateWindowSurface: native_window_api_connect (win=0x75ced83350) failed (0xffffffed) (already connected to another API?)
12-28 00:57:42.110 27344  1139 E libEGL  : eglCreateWindowSurfaceTmpl:697 error 3003 (EGL_BAD_ALLOC)
12-28 00:57:42.126 27344  1139 E BufferQueueProducer: [SurfaceTexture-0-27344-1029](id:6ad00000049c,api:1,p:27344,c:27344) query: BufferQueue has been abandoned
12-28 00:57:42.126 27344  1139 E BufferQueueProducer: [SurfaceTexture-0-27344-1029](id:6ad00000049c,api:1,p:27344,c:27344) connect: BufferQueue has been abandoned
12-28 00:57:42.126 27344  1139 E libEGL  : eglCreateWindowSurface: native_window_api_connect (win=0x75ced83350) failed (0xffffffed) (already connected to another API?)
12-28 00:57:42.127 27344  1139 E libEGL  : eglCreateWindowSurfaceTmpl:697 error 3003 (EGL_BAD_ALLOC)
12-28 00:57:42.142 27344  1139 E BufferQueueProducer: [SurfaceTexture-0-27344-1029](id:6ad00000049c,api:1,p:27344,c:27344) query: BufferQueue has been abandoned
12-28 00:57:42.143 27344  1139 E BufferQueueProducer: [SurfaceTexture-0-27344-1029](id:6ad00000049c,api:1,p:27344,c:27344) connect: BufferQueue has been abandoned
12-28 00:57:42.143 27344  1139 E libEGL  : eglCreateWindowSurface: native_window_api_connect (win=0x75ced83350) failed (0xffffffed) (already connected to another API?)
12-28 00:57:42.143 27344  1139 E libEGL  : eglCreateWindowSurfaceTmpl:697 error 3003 (EGL_BAD_ALLOC)
12-28 00:57:42.146 32444 32444 D RadioPlayer: buffered 5330 ms.
12-28 00:57:42.159 27344  1139 E BufferQueueProducer: [SurfaceTexture-0-27344-1029](id:6ad00000049c,api:1,p:27344,c:27344) query: BufferQueue has been abandoned
12-28 00:57:42.160 27344  1139 E BufferQueueProducer: [SurfaceTexture-0-27344-1029](id:6ad00000049c,api:1,p:27344,c:27344) connect: BufferQueue has been abandoned
12-28 00:57:42.161 27344  1139 E libEGL  : eglCreateWindowSurface: native_window_api_connect (win=0x75ced83350) failed (0xffffffed) (already connected to another API?)
12-28 00:57:42.161 27344  1139 E libEGL  : eglCreateWindowSurfaceTmpl:697 error 3003 (EGL_BAD_ALLOC)
12-28 00:57:42.176 27344  1139 E BufferQueueProducer: [SurfaceTexture-0-27344-1029](id:6ad00000049c,api:1,p:27344,c:27344) query: BufferQueue has been abandoned
12-28 00:57:42.176 27344  1139 E BufferQueueProducer: [SurfaceTexture-0-27344-1029](id:6ad00000049c,api:1,p:27344,c:27344) connect: BufferQueue has been abandoned
12-28 00:57:42.177 27344  1139 E libEGL  : eglCreateWindowSurface: native_window_api_connect (win=0x75ced83350) failed (0xffffffed) (already connected to another API?)
12-28 00:57:42.177 27344  1139 E libEGL  : eglCreateWindowSurfaceTmpl:697 error 3003 (EGL_BAD_ALLOC)
12-28 00:57:42.193 27344  1139 E BufferQueueProducer: [SurfaceTexture-0-27344-1029](id:6ad00000049c,api:1,p:27344,c:27344) query: BufferQueue has been abandoned
12-28 00:57:42.193 27344  1139 E BufferQueueProducer: [SurfaceTexture-0-27344-1029](id:6ad00000049c,api:1,p:27344,c:27344) connect: BufferQueue has been abandoned
12-28 00:57:42.193 27344  1139 E libEGL  : eglCreateWindowSurface: native_window_api_connect (win=0x75ced83350) failed (0xffffffed) (already connected to another API?)
12-28 00:57:42.194 27344  1139 E libEGL  : eglCreateWindowSurfaceTmpl:697 error 3003 (EGL_BAD_ALLOC)
12-28 00:57:42.209 27344  1139 E BufferQueueProducer: [SurfaceTexture-0-27344-1029](id:6ad00000049c,api:1,p:27344,c:27344) query: BufferQueue has been abandoned
12-28 00:57:42.210 27344  1139 E BufferQueueProducer: [SurfaceTexture-0-27344-1029](id:6ad00000049c,api:1,p:27344,c:27344) connect: BufferQueue has been abandoned
12-28 00:57:42.211 27344  1139 E libEGL  : eglCreateWindowSurface: native_window_api_connect (win=0x75ced83350) failed (0xffffffed) (already connected to another API?)
12-28 00:57:42.211 27344  1139 E libEGL  : eglCreateWindowSurfaceTmpl:697 error 3003 (EGL_BAD_ALLOC)
12-28 00:57:42.226 27344  1139 E BufferQueueProducer: [SurfaceTexture-0-27344-1029](id:6ad00000049c,api:1,p:27344,c:27344) query: BufferQueue has been abandoned
12-28 00:57:42.227 27344  1139 E BufferQueueProducer: [SurfaceTexture-0-27344-1029](id:6ad00000049c,api:1,p:27344,c:27344) connect: BufferQueue has been abandoned
12-28 00:57:42.227 27344  1139 E libEGL  : eglCreateWindowSurface: native_window_api_connect (win=0x75ced83350) failed (0xffffffed) (already connected to another API?)
12-28 00:57:42.227 27344  1139 E libEGL  : eglCreateWindowSurfaceTmpl:697 error 3003 (EGL_BAD_ALLOC)
12-28 00:57:42.243 27344  1139 E BufferQueueProducer: [SurfaceTexture-0-27344-1029](id:6ad00000049c,api:1,p:27344,c:27344) query: BufferQueue has been abandoned
12-28 00:57:42.243 27344  1139 E BufferQueueProducer: [SurfaceTexture-0-27344-1029](id:6ad00000049c,api:1,p:27344,c:27344) connect: BufferQueue has been abandoned
12-28 00:57:42.243 27344  1139 E libEGL  : eglCreateWindowSurface: native_window_api_connect (win=0x75ced83350) failed (0xffffffed) (already connected to another API?)
12-28 00:57:42.244 27344  1139 E libEGL  : eglCreateWindowSurfaceTmpl:697 error 3003 (EGL_BAD_ALLOC)
12-28 00:57:42.260 27344  1139 E BufferQueueProducer: [SurfaceTexture-0-27344-1029](id:6ad00000049c,api:1,p:27344,c:27344) query: BufferQueue has been abandoned
12-28 00:57:42.261 27344  1139 E BufferQueueProducer: [SurfaceTexture-0-27344-1029](id:6ad00000049c,api:1,p:27344,c:27344) connect: BufferQueue has been abandoned
12-28 00:57:42.261 27344  1139 E libEGL  : eglCreateWindowSurface: native_window_api_connect (win=0x75ced83350) failed (0xffffffed) (already connected to another API?)
12-28 00:57:42.261 27344  1139 E libEGL  : eglCreateWindowSurfaceTmpl:697 error 3003 (EGL_BAD_ALLOC)
12-28 00:57:42.276 27344  1139 E BufferQueueProducer: [SurfaceTexture-0-27344-1029](id:6ad00000049c,api:1,p:27344,c:27344) query: BufferQueue has been abandoned
12-28 00:57:42.276 27344  1139 E BufferQueueProducer: [SurfaceTexture-0-27344-1029](id:6ad00000049c,api:1,p:27344,c:27344) connect: BufferQueue has been abandoned
12-28 00:57:42.276 27344  1139 E libEGL  : eglCreateWindowSurface: native_window_api_connect (win=0x75ced83350) failed (0xffffffed) (already connected to another API?)
12-28 00:57:42.276 27344  1139 E libEGL  : eglCreateWindowSurfaceTmpl:697 error 3003 (EGL_BAD_ALLOC)
12-28 00:57:42.292 27344  1139 E BufferQueueProducer: [SurfaceTexture-0-27344-1029](id:6ad00000049c,api:1,p:27344,c:27344) query: BufferQueue has been abandoned
12-28 00:57:42.293 27344  1139 E BufferQueueProducer: [SurfaceTexture-0-27344-1029](id:6ad00000049c,api:1,p:27344,c:27344) connect: BufferQueue has been abandoned
12-28 00:57:42.293 27344  1139 E libEGL  : eglCreateWindowSurface: native_window_api_connect (win=0x75ced83350) failed (0xffffffed) (already connected to another API?)
12-28 00:57:42.293 27344  1139 E libEGL  : eglCreateWindowSurfaceTmpl:697 error 3003 (EGL_BAD_ALLOC)
12-28 00:57:42.310 27344  1139 E BufferQueueProducer: [SurfaceTexture-0-27344-1029](id:6ad00000049c,api:1,p:27344,c:27344) query: BufferQueue has been abandoned
12-28 00:57:42.310 27344  1139 E BufferQueueProducer: [SurfaceTexture-0-27344-1029](id:6ad00000049c,api:1,p:27344,c:27344) connect: BufferQueue has been abandoned
12-28 00:57:42.310 27344  1139 E libEGL  : eglCreateWindowSurface: native_window_api_connect (win=0x75ced83350) failed (0xffffffed) (already connected to another API?)
12-28 00:57:42.310 27344  1139 E libEGL  : eglCreateWindowSurfaceTmpl:697 error 3003 (EGL_BAD_ALLOC)
12-28 00:57:42.326 27344  1139 E BufferQueueProducer: [SurfaceTexture-0-27344-1029](id:6ad00000049c,api:1,p:27344,c:27344) query: BufferQueue has been abandoned
12-28 00:57:42.326 27344  1139 E BufferQueueProducer: [SurfaceTexture-0-27344-1029](id:6ad00000049c,api:1,p:27344,c:27344) connect: BufferQueue has been abandoned
12-28 00:57:42.327 27344  1139 E libEGL  : eglCreateWindowSurface: native_window_api_connect (win=0x75ced83350) failed (0xffffffed) (already connected to another API?)
12-28 00:57:42.327 27344  1139 E libEGL  : eglCreateWindowSurfaceTmpl:697 error 3003 (EGL_BAD_ALLOC)
12-28 00:57:42.342 27344  1139 E BufferQueueProducer: [SurfaceTexture-0-27344-1029](id:6ad00000049c,api:1,p:27344,c:27344) query: BufferQueue has been abandoned
12-28 00:57:42.343 27344  1139 E BufferQueueProducer: [SurfaceTexture-0-27344-1029](id:6ad00000049c,api:1,p:27344,c:27344) connect: BufferQueue has been abandoned
