12-28 00:57:31.827 27344  1139 E libEGL  : eglCreateWindowSurface: native_window_api_connect (win=0x75ced83350) failed (0xffffffed) (already connected to another API?)
12-28 00:57:31.827 27344  1139 E libEGL  : eglCreateWindowSurfaceTmpl:697 error 3003 (EGL_BAD_ALLOC)
12-28 00:57:31.843 27344  1139 E BufferQueueProducer: [SurfaceTexture-0-27344-1029](id:6ad00000049c,api:1,p:27344,c:27344) query: BufferQueue has been abandoned
12-28 00:57:31.843 27344  1139 E BufferQueueProducer: [SurfaceTexture-0-27344-1029](id:6ad00000049c,api:1,p:27344,c:27344) connect: BufferQueue has been abandoned
12-28 00:57:31.843 27344  1139 E libEGL  : eglCreateWindowSurface: native_window_api_connect (win=0x75ced83350) failed (0xffffffed) (already connected to another API?)
12-28 00:57:31.843 27344  1139 E libEGL  : eglCreateWindowSurfaceTmpl:697 error 3003 (EGL_BAD_ALLOC)
12-28 00:57:31.860 27344  1139 E BufferQueueProducer: [SurfaceTexture-0-27344-1029](id:6ad00000049c,api:1,p:27344,c:27344) query: BufferQueue has been abandoned
12-28 00:57:31.860 27344  1139 E BufferQueueProducer: [SurfaceTexture-0-27344-1029](id:6ad00000049c,api:1,p:27344,c:27344) connect: BufferQueue has been abandoned
12-28 00:57:31.860 27344  1139 E libEGL  : eglCreateWindowSurface: native_window_api_connect (win=0x75ced83350) failed (0xffffffed) (already connected to another API?)
12-28 00:57:31.860 27344  1139 E libEGL  : eglCreateWindowSurfaceTmpl:697 error 3003 (EGL_BAD_ALLOC)
12-28 00:57:31.870  2896  5174 D MiuiNM  : tcp fail rate reach: 100
12-28 00:57:31.870  2896  5174 W ContextImpl: Calling a method in the system process without a qualified user: android.app.ContextImpl.sendBroadcast:1260 android.content.ContextWrapper.sendBroadcast:522 com.android.server.wifi.MiuiNetworkMonitor.sendBroadcastForNetwork:700 com.android.server.wifi.MiuiNetworkMonitor.notifyNetworkWarning:647 com.android.server.wifi.MiuiNetworkMonitor.evaluateNetworkQoE:578 
12-28 00:57:31.871  2896  5174 V ActivityManager: Broadcast: Intent { act=android.server.wifi.NETWORK_ABNORMAL flg=0x10 pkg=android (has extras) } ordered=false userid=0 options=null
12-28 00:57:31.871  2896  5174 V ActivityManager: Enqueueing broadcast: android.server.wifi.NETWORK_ABNORMAL replacePending=false
12-28 00:57:31.871  2896  5174 V ActivityManager: Enqueueing ordered broadcast BroadcastRecord{9522990 android.server.wifi.NETWORK_ABNORMAL/u0}
12-28 00:57:31.871  2896  5174 V BroadcastQueue: Enqueuing BroadcastRecord{9522990 android.server.wifi.NETWORK_ABNORMAL/u0} for 1 receivers
12-28 00:57:31.872  2896  5174 D MiuiNM  : tcp fail rate reach: 100
12-28 00:57:31.872  2896  5174 D MiuiNM  : tcp fail rate reach: 100
12-28 00:57:31.872  2896  5174 D MiuiNM  : tcp fail rate reach: 100
12-28 00:57:31.872  2896  5174 D MiuiNM  : tcp fail rate reach: 100
12-28 00:57:31.872  2896  5174 D MiuiNM  : tcp fail rate reach: 100
12-28 00:57:31.872  2896  5174 D MiuiNM  : tcp fail rate reach: 100
12-28 00:57:31.872  2896  5174 D MiuiNM  : tcp fail rate reach: 100
12-28 00:57:31.872  2896  5174 D MiuiNM  : tcp fail rate reach: 100
12-28 00:57:31.872  2896  5174 D MiuiNM  : tcp fail rate reach: 100
12-28 00:57:31.872  2896  5174 D MiuiNM  : tcp fail rate reach: 100
12-28 00:57:31.872  2896  5174 D MiuiNM  : tcp fail rate reach: 100
12-28 00:57:31.872  2896  5174 D MiuiNM  : tcp fail rate reach: 100
12-28 00:57:31.872  2896  5174 D MiuiNM  : tcp fail rate reach: 100
12-28 00:57:31.872  2896  5174 D MiuiNM  : tcp fail rate reach: 100
12-28 00:57:31.873  2896  5174 D MiuiNM  : tcp fail rate reach: 100
12-28 00:57:31.873  2896  2939 V BroadcastQueue: Promoting BroadcastProcessQueue{9920d39 2896:system/1000} from runnable to running; process is ProcessRecord{7d353c5 2896:system/1000}
12-28 00:57:31.873  2896  5174 D MiuiNM  : tcp fail rate reach: 100
12-28 00:57:31.873  2896  5174 D MiuiNM  : tcp fail rate reach: 100
12-28 00:57:31.873  2896  5174 D MiuiNM  : tcp fail rate reach: 100
12-28 00:57:31.873  2896  2939 V BroadcastQueue: Scheduling BroadcastRecord{9522990 android.server.wifi.NETWORK_ABNORMAL/u0} to warm ProcessRecord{7d353c5 2896:system/1000}
12-28 00:57:31.876 27344  1139 E BufferQueueProducer: [SurfaceTexture-0-27344-1029](id:6ad00000049c,api:1,p:27344,c:27344) query: BufferQueue has been abandoned
12-28 00:57:31.877 27344  1139 E BufferQueueProducer: [SurfaceTexture-0-27344-1029](id:6ad00000049c,api:1,p:27344,c:27344) connect: BufferQueue has been abandoned
12-28 00:57:31.877 27344  1139 E libEGL  : eglCreateWindowSurface: native_window_api_connect (win=0x75ced83350) failed (0xffffffed) (already connected to another API?)
12-28 00:57:31.877 27344  1139 E libEGL  : eglCreateWindowSurfaceTmpl:697 error 3003 (EGL_BAD_ALLOC)
12-28 00:57:31.893 27344  1139 E BufferQueueProducer: [SurfaceTexture-0-27344-1029](id:6ad00000049c,api:1,p:27344,c:27344) query: BufferQueue has been abandoned
12-28 00:57:31.893 27344  1139 E BufferQueueProducer: [SurfaceTexture-0-27344-1029](id:6ad00000049c,api:1,p:27344,c:27344) connect: BufferQueue has been abandoned
12-28 00:57:31.893 27344  1139 E libEGL  : eglCreateWindowSurface: native_window_api_connect (win=0x75ced83350) failed (0xffffffed) (already connected to another API?)
12-28 00:57:31.894 27344  1139 E libEGL  : eglCreateWindowSurfaceTmpl:697 error 3003 (EGL_BAD_ALLOC)
12-28 00:57:31.910 27344  1139 E BufferQueueProducer: [SurfaceTexture-0-27344-1029](id:6ad00000049c,api:1,p:27344,c:27344) query: BufferQueue has been abandoned
12-28 00:57:31.910 27344  1139 E BufferQueueProducer: [SurfaceTexture-0-27344-1029](id:6ad00000049c,api:1,p:27344,c:27344) connect: BufferQueue has been abandoned
12-28 00:57:31.910 27344  1139 E libEGL  : eglCreateWindowSurface: native_window_api_connect (win=0x75ced83350) failed (0xffffffed) (already connected to another API?)
12-28 00:57:31.910 27344  1139 E libEGL  : eglCreateWindowSurfaceTmpl:697 error 3003 (EGL_BAD_ALLOC)
12-28 00:57:31.926 27344  1139 E BufferQueueProducer: [SurfaceTexture-0-27344-1029](id:6ad00000049c,api:1,p:27344,c:27344) query: BufferQueue has been abandoned
12-28 00:57:31.927 27344  1139 E BufferQueueProducer: [SurfaceTexture-0-27344-1029](id:6ad00000049c,api:1,p:27344,c:27344) connect: BufferQueue has been abandoned
12-28 00:57:31.927 27344  1139 E libEGL  : eglCreateWindowSurface: native_window_api_connect (win=0x75ced83350) failed (0xffffffed) (already connected to another API?)
12-28 00:57:31.927 27344  1139 E libEGL  : eglCreateWindowSurfaceTmpl:697 error 3003 (EGL_BAD_ALLOC)
12-28 00:57:31.943 27344  1139 E BufferQueueProducer: [SurfaceTexture-0-27344-1029](id:6ad00000049c,api:1,p:27344,c:27344) query: BufferQueue has been abandoned
12-28 00:57:31.944 27344  1139 E BufferQueueProducer: [SurfaceTexture-0-27344-1029](id:6ad00000049c,api:1,p:27344,c:27344) connect: BufferQueue has been abandoned
12-28 00:57:31.944 27344  1139 E libEGL  : eglCreateWindowSurface: native_window_api_connect (win=0x75ced83350) failed (0xffffffed) (already connected to another API?)
12-28 00:57:31.944 27344  1139 E libEGL  : eglCreateWindowSurfaceTmpl:697 error 3003 (EGL_BAD_ALLOC)
12-28 00:57:31.960 27344  1139 E BufferQueueProducer: [SurfaceTexture-0-27344-1029](id:6ad00000049c,api:1,p:27344,c:27344) query: BufferQueue has been abandoned
12-28 00:57:31.961 27344  1139 E BufferQueueProducer: [SurfaceTexture-0-27344-1029](id:6ad00000049c,api:1,p:27344,c:27344) connect: BufferQueue has been abandoned
12-28 00:57:31.961 27344  1139 E libEGL  : eglCreateWindowSurface: native_window_api_connect (win=0x75ced83350) failed (0xffffffed) (already connected to another API?)
12-28 00:57:31.961 27344  1139 E libEGL  : eglCreateWindowSurfaceTmpl:697 error 3003 (EGL_BAD_ALLOC)
12-28 00:57:31.976 27344  1139 E BufferQueueProducer: [SurfaceTexture-0-27344-1029](id:6ad00000049c,api:1,p:27344,c:27344) query: BufferQueue has been abandoned
12-28 00:57:31.977 27344  1139 E BufferQueueProducer: [SurfaceTexture-0-27344-1029](id:6ad00000049c,api:1,p:27344,c:27344) connect: BufferQueue has been abandoned
12-28 00:57:31.978 27344  1139 E libEGL  : eglCreateWindowSurface: native_window_api_connect (win=0x75ced83350) failed (0xffffffed) (already connected to another API?)
12-28 00:57:31.978 27344  1139 E libEGL  : eglCreateWindowSurfaceTmpl:697 error 3003 (EGL_BAD_ALLOC)
12-28 00:57:31.993 27344  1139 E BufferQueueProducer: [SurfaceTexture-0-27344-1029](id:6ad00000049c,api:1,p:27344,c:27344) query: BufferQueue has been abandoned
12-28 00:57:31.993 27344  1139 E BufferQueueProducer: [SurfaceTexture-0-27344-1029](id:6ad00000049c,api:1,p:27344,c:27344) connect: BufferQueue has been abandoned
12-28 00:57:31.994 27344  1139 E libEGL  : eglCreateWindowSurface: native_window_api_connect (win=0x75ced83350) failed (0xffffffed) (already connected to another API?)
12-28 00:57:31.994 27344  1139 E libEGL  : eglCreateWindowSurfaceTmpl:697 error 3003 (EGL_BAD_ALLOC)
12-28 00:57:32.010 27344  1139 E BufferQueueProducer: [SurfaceTexture-0-27344-1029](id:6ad00000049c,api:1,p:27344,c:27344) query: BufferQueue has been abandoned
12-28 00:57:32.010 27344  1139 E BufferQueueProducer: [SurfaceTexture-0-27344-1029](id:6ad00000049c,api:1,p:27344,c:27344) connect: BufferQueue has been abandoned
12-28 00:57:32.010 27344  1139 E libEGL  : eglCreateWindowSurface: native_window_api_connect (win=0x75ced83350) failed (0xffffffed) (already connected to another API?)
12-28 00:57:32.010 27344  1139 E libEGL  : eglCreateWindowSurfaceTmpl:697 error 3003 (EGL_BAD_ALLOC)
12-28 00:57:32.018  6431 32599 I SafeBinderCall: onPositionChange binder cost:0
12-28 00:57:32.018  6431  6431 D MiPlayDetailViewModel: onPositionChangeSelf position = 134012
12-28 00:57:32.026 27344  1139 E BufferQueueProducer: [SurfaceTexture-0-27344-1029](id:6ad00000049c,api:1,p:27344,c:27344) query: BufferQueue has been abandoned
12-28 00:57:32.027 27344  1139 E BufferQueueProducer: [SurfaceTexture-0-27344-1029](id:6ad00000049c,api:1,p:27344,c:27344) connect: BufferQueue has been abandoned
12-28 00:57:32.027 27344  1139 E libEGL  : eglCreateWindowSurface: native_window_api_connect (win=0x75ced83350) failed (0xffffffed) (already connected to another API?)
12-28 00:57:32.027 27344  1139 E libEGL  : eglCreateWindowSurfaceTmpl:697 error 3003 (EGL_BAD_ALLOC)
12-28 00:57:32.043 27344  1139 E BufferQueueProducer: [SurfaceTexture-0-27344-1029](id:6ad00000049c,api:1,p:27344,c:27344) query: BufferQueue has been abandoned
12-28 00:57:32.044 27344  1139 E BufferQueueProducer: [SurfaceTexture-0-27344-1029](id:6ad00000049c,api:1,p:27344,c:27344) connect: BufferQueue has been abandoned
12-28 00:57:32.044 27344  1139 E libEGL  : eglCreateWindowSurface: native_window_api_connect (win=0x75ced83350) failed (0xffffffed) (already connected to another API?)
12-28 00:57:32.044 27344  1139 E libEGL  : eglCreateWindowSurfaceTmpl:697 error 3003 (EGL_BAD_ALLOC)
12-28 00:57:32.060 27344  1139 E BufferQueueProducer: [SurfaceTexture-0-27344-1029](id:6ad00000049c,api:1,p:27344,c:27344) query: BufferQueue has been abandoned
12-28 00:57:32.060 27344  1139 E BufferQueueProducer: [SurfaceTexture-0-27344-1029](id:6ad00000049c,api:1,p:27344,c:27344) connect: BufferQueue has been abandoned
12-28 00:57:32.061 27344  1139 E libEGL  : eglCreateWindowSurface: native_window_api_connect (win=0x75ced83350) failed (0xffffffed) (already connected to another API?)
12-28 00:57:32.061 27344  1139 E libEGL  : eglCreateWindowSurfaceTmpl:697 error 3003 (EGL_BAD_ALLOC)
12-28 00:57:32.062 32444 32552 D AudioTrackImpl: [audioTrackData][fine] 15s(f:15003 m:0 s:0 k:0 z:0) : pid 32444 uid 10632 sessionId 50993 sr 48000 ch 2 fmt 1 maxAmplitude 255
12-28 00:57:32.076 27344  1139 E BufferQueueProducer: [SurfaceTexture-0-27344-1029](id:6ad00000049c,api:1,p:27344,c:27344) query: BufferQueue has been abandoned
12-28 00:57:32.076 27344  1139 E BufferQueueProducer: [SurfaceTexture-0-27344-1029](id:6ad00000049c,api:1,p:27344,c:27344) connect: BufferQueue has been abandoned
12-28 00:57:32.077 27344  1139 E libEGL  : eglCreateWindowSurface: native_window_api_connect (win=0x75ced83350) failed (0xffffffed) (already connected to another API?)
12-28 00:57:32.077 27344  1139 E libEGL  : eglCreateWindowSurfaceTmpl:697 error 3003 (EGL_BAD_ALLOC)
12-28 00:57:32.093 27344  1139 E BufferQueueProducer: [SurfaceTexture-0-27344-1029](id:6ad00000049c,api:1,p:27344,c:27344) query: BufferQueue has been abandoned
12-28 00:57:32.094 27344  1139 E BufferQueueProducer: [SurfaceTexture-0-27344-1029](id:6ad00000049c,api:1,p:27344,c:27344) connect: BufferQueue has been abandoned
12-28 00:57:32.094 27344  1139 E libEGL  : eglCreateWindowSurface: native_window_api_connect (win=0x75ced83350) failed (0xffffffed) (already connected to another API?)
12-28 00:57:32.094 27344  1139 E libEGL  : eglCreateWindowSurfaceTmpl:697 error 3003 (EGL_BAD_ALLOC)
12-28 00:57:32.110 27344  1139 E BufferQueueProducer: [SurfaceTexture-0-27344-1029](id:6ad00000049c,api:1,p:27344,c:27344) query: BufferQueue has been abandoned
12-28 00:57:32.110 27344  1139 E BufferQueueProducer: [SurfaceTexture-0-27344-1029](id:6ad00000049c,api:1,p:27344,c:27344) connect: BufferQueue has been abandoned
12-28 00:57:32.110 27344  1139 E libEGL  : eglCreateWindowSurface: native_window_api_connect (win=0x75ced83350) failed (0xffffffed) (already connected to another API?)
12-28 00:57:32.110 27344  1139 E libEGL  : eglCreateWindowSurfaceTmpl:697 error 3003 (EGL_BAD_ALLOC)
12-28 00:57:32.126 27344  1139 E BufferQueueProducer: [SurfaceTexture-0-27344-1029](id:6ad00000049c,api:1,p:27344,c:27344) query: BufferQueue has been abandoned
12-28 00:57:32.127 27344  1139 E BufferQueueProducer: [SurfaceTexture-0-27344-1029](id:6ad00000049c,api:1,p:27344,c:27344) connect: BufferQueue has been abandoned
12-28 00:57:32.127 27344  1139 E libEGL  : eglCreateWindowSurface: native_window_api_connect (win=0x75ced83350) failed (0xffffffed) (already connected to another API?)
12-28 00:57:32.127 27344  1139 E libEGL  : eglCreateWindowSurfaceTmpl:697 error 3003 (EGL_BAD_ALLOC)
12-28 00:57:32.134 32444 32444 D RadioPlayer: buffered 5359 ms.
12-28 00:57:32.143 27344  1139 E BufferQueueProducer: [SurfaceTexture-0-27344-1029](id:6ad00000049c,api:1,p:27344,c:27344) query: BufferQueue has been abandoned
12-28 00:57:32.144 27344  1139 E BufferQueueProducer: [SurfaceTexture-0-27344-1029](id:6ad00000049c,api:1,p:27344,c:27344) connect: BufferQueue has been abandoned
12-28 00:57:32.144 27344  1139 E libEGL  : eglCreateWindowSurface: native_window_api_connect (win=0x75ced83350) failed (0xffffffed) (already connected to another API?)
12-28 00:57:32.144 27344  1139 E libEGL  : eglCreateWindowSurfaceTmpl:697 error 3003 (EGL_BAD_ALLOC)
12-28 00:57:32.160 27344  1139 E BufferQueueProducer: [SurfaceTexture-0-27344-1029](id:6ad00000049c,api:1,p:27344,c:27344) query: BufferQueue has been abandoned
12-28 00:57:32.160 27344  1139 E BufferQueueProducer: [SurfaceTexture-0-27344-1029](id:6ad00000049c,api:1,p:27344,c:27344) connect: BufferQueue has been abandoned
12-28 00:57:32.160 27344  1139 E libEGL  : eglCreateWindowSurface: native_window_api_connect (win=0x75ced83350) failed (0xffffffed) (already connected to another API?)
12-28 00:57:32.160 27344  1139 E libEGL  : eglCreateWindowSurfaceTmpl:697 error 3003 (EGL_BAD_ALLOC)
12-28 00:57:32.176 27344  1139 E BufferQueueProducer: [SurfaceTexture-0-27344-1029](id:6ad00000049c,api:1,p:27344,c:27344) query: BufferQueue has been abandoned
12-28 00:57:32.176 27344  1139 E BufferQueueProducer: [SurfaceTexture-0-27344-1029](id:6ad00000049c,api:1,p:27344,c:27344) connect: BufferQueue has been abandoned
12-28 00:57:32.176 27344  1139 E libEGL  : eglCreateWindowSurface: native_window_api_connect (win=0x75ced83350) failed (0xffffffed) (already connected to another API?)
12-28 00:57:32.176 27344  1139 E libEGL  : eglCreateWindowSurfaceTmpl:697 error 3003 (EGL_BAD_ALLOC)
12-28 00:57:32.193 27344  1139 E BufferQueueProducer: [SurfaceTexture-0-27344-1029](id:6ad00000049c,api:1,p:27344,c:27344) query: BufferQueue has been abandoned
12-28 00:57:32.193 27344  1139 E BufferQueueProducer: [SurfaceTexture-0-27344-1029](id:6ad00000049c,api:1,p:27344,c:27344) connect: BufferQueue has been abandoned
12-28 00:57:32.194 27344  1139 E libEGL  : eglCreateWindowSurface: native_window_api_connect (win=0x75ced83350) failed (0xffffffed) (already connected to another API?)
12-28 00:57:32.194 27344  1139 E libEGL  : eglCreateWindowSurfaceTmpl:697 error 3003 (EGL_BAD_ALLOC)
12-28 00:57:32.210 27344  1139 E BufferQueueProducer: [SurfaceTexture-0-27344-1029](id:6ad00000049c,api:1,p:27344,c:27344) query: BufferQueue has been abandoned
12-28 00:57:32.210 27344  1139 E BufferQueueProducer: [SurfaceTexture-0-27344-1029](id:6ad00000049c,api:1,p:27344,c:27344) connect: BufferQueue has been abandoned
12-28 00:57:32.210 27344  1139 E libEGL  : eglCreateWindowSurface: native_window_api_connect (win=0x75ced83350) failed (0xffffffed) (already connected to another API?)
12-28 00:57:32.210 27344  1139 E libEGL  : eglCreateWindowSurfaceTmpl:697 error 3003 (EGL_BAD_ALLOC)
12-28 00:57:32.226 27344  1139 E BufferQueueProducer: [SurfaceTexture-0-27344-1029](id:6ad00000049c,api:1,p:27344,c:27344) query: BufferQueue has been abandoned
12-28 00:57:32.227 27344  1139 E BufferQueueProducer: [SurfaceTexture-0-27344-1029](id:6ad00000049c,api:1,p:27344,c:27344) connect: BufferQueue has been abandoned
12-28 00:57:32.227 27344  1139 E libEGL  : eglCreateWindowSurface: native_window_api_connect (win=0x75ced83350) failed (0xffffffed) (already connected to another API?)
12-28 00:57:32.227 27344  1139 E libEGL  : eglCreateWindowSurfaceTmpl:697 error 3003 (EGL_BAD_ALLOC)
12-28 00:57:32.243 27344  1139 E BufferQueueProducer: [SurfaceTexture-0-27344-1029](id:6ad00000049c,api:1,p:27344,c:27344) query: BufferQueue has been abandoned
12-28 00:57:32.243 27344  1139 E BufferQueueProducer: [SurfaceTexture-0-27344-1029](id:6ad00000049c,api:1,p:27344,c:27344) connect: BufferQueue has been abandoned
12-28 00:57:32.244 27344  1139 E libEGL  : eglCreateWindowSurface: native_window_api_connect (win=0x75ced83350) failed (0xffffffed) (already connected to another API?)
12-28 00:57:32.244 27344  1139 E libEGL  : eglCreateWindowSurfaceTmpl:697 error 3003 (EGL_BAD_ALLOC)
12-28 00:57:32.260 27344  1139 E BufferQueueProducer: [SurfaceTexture-0-27344-1029](id:6ad00000049c,api:1,p:27344,c:27344) query: BufferQueue has been abandoned
12-28 00:57:32.260 27344  1139 E BufferQueueProducer: [SurfaceTexture-0-27344-1029](id:6ad00000049c,api:1,p:27344,c:27344) connect: BufferQueue has been abandoned
12-28 00:57:32.260 27344  1139 E libEGL  : eglCreateWindowSurface: native_window_api_connect (win=0x75ced83350) failed (0xffffffed) (already connected to another API?)
12-28 00:57:32.260 27344  1139 E libEGL  : eglCreateWindowSurfaceTmpl:697 error 3003 (EGL_BAD_ALLOC)
12-28 00:57:32.276 27344  1139 E BufferQueueProducer: [SurfaceTexture-0-27344-1029](id:6ad00000049c,api:1,p:27344,c:27344) query: BufferQueue has been abandoned
12-28 00:57:32.276 27344  1139 E BufferQueueProducer: [SurfaceTexture-0-27344-1029](id:6ad00000049c,api:1,p:27344,c:27344) connect: BufferQueue has been abandoned
12-28 00:57:32.277 27344  1139 E libEGL  : eglCreateWindowSurface: native_window_api_connect (win=0x75ced83350) failed (0xffffffed) (already connected to another API?)
12-28 00:57:32.277 27344  1139 E libEGL  : eglCreateWindowSurfaceTmpl:697 error 3003 (EGL_BAD_ALLOC)
12-28 00:57:32.293 27344  1139 E BufferQueueProducer: [SurfaceTexture-0-27344-1029](id:6ad00000049c,api:1,p:27344,c:27344) query: BufferQueue has been abandoned
12-28 00:57:32.293 27344  1139 E BufferQueueProducer: [SurfaceTexture-0-27344-1029](id:6ad00000049c,api:1,p:27344,c:27344) connect: BufferQueue has been abandoned
12-28 00:57:32.294 27344  1139 E libEGL  : eglCreateWindowSurface: native_window_api_connect (win=0x75ced83350) failed (0xffffffed) (already connected to another API?)
12-28 00:57:32.294 27344  1139 E libEGL  : eglCreateWindowSurfaceTmpl:697 error 3003 (EGL_BAD_ALLOC)
12-28 00:57:32.310 27344  1139 E BufferQueueProducer: [SurfaceTexture-0-27344-1029](id:6ad00000049c,api:1,p:27344,c:27344) query: BufferQueue has been abandoned
12-28 00:57:32.310 27344  1139 E BufferQueueProducer: [SurfaceTexture-0-27344-1029](id:6ad00000049c,api:1,p:27344,c:27344) connect: BufferQueue has been abandoned
12-28 00:57:32.310 27344  1139 E libEGL  : eglCreateWindowSurface: native_window_api_connect (win=0x75ced83350) failed (0xffffffed) (already connected to another API?)
12-28 00:57:32.310 27344  1139 E libEGL  : eglCreateWindowSurfaceTmpl:697 error 3003 (EGL_BAD_ALLOC)
12-28 00:57:32.326 27344  1139 E BufferQueueProducer: [SurfaceTexture-0-27344-1029](id:6ad00000049c,api:1,p:27344,c:27344) query: BufferQueue has been abandoned
12-28 00:57:32.327 27344  1139 E BufferQueueProducer: [SurfaceTexture-0-27344-1029](id:6ad00000049c,api:1,p:27344,c:27344) connect: BufferQueue has been abandoned
12-28 00:57:32.327 27344  1139 E libEGL  : eglCreateWindowSurface: native_window_api_connect (win=0x75ced83350) failed (0xffffffed) (already connected to another API?)
12-28 00:57:32.327 27344  1139 E libEGL  : eglCreateWindowSurfaceTmpl:697 error 3003 (EGL_BAD_ALLOC)
12-28 00:57:32.343 27344  1139 E BufferQueueProducer: [SurfaceTexture-0-27344-1029](id:6ad00000049c,api:1,p:27344,c:27344) query: BufferQueue has been abandoned
12-28 00:57:32.344 27344  1139 E BufferQueueProducer: [SurfaceTexture-0-27344-1029](id:6ad00000049c,api:1,p:27344,c:27344) connect: BufferQueue has been abandoned
12-28 00:57:32.344 27344  1139 E libEGL  : eglCreateWindowSurface: native_window_api_connect (win=0x75ced83350) failed (0xffffffed) (already connected to another API?)
12-28 00:57:32.345 27344  1139 E libEGL  : eglCreateWindowSurfaceTmpl:697 error 3003 (EGL_BAD_ALLOC)
12-28 00:57:32.360 27344  1139 E BufferQueueProducer: [SurfaceTexture-0-27344-1029](id:6ad00000049c,api:1,p:27344,c:27344) query: BufferQueue has been abandoned
12-28 00:57:32.360 27344  1139 E BufferQueueProducer: [SurfaceTexture-0-27344-1029](id:6ad00000049c,api:1,p:27344,c:27344) connect: BufferQueue has been abandoned
12-28 00:57:32.360 27344  1139 E libEGL  : eglCreateWindowSurface: native_window_api_connect (win=0x75ced83350) failed (0xffffffed) (already connected to another API?)
12-28 00:57:32.360 27344  1139 E libEGL  : eglCreateWindowSurfaceTmpl:697 error 3003 (EGL_BAD_ALLOC)
12-28 00:57:32.376 27344  1139 E BufferQueueProducer: [SurfaceTexture-0-27344-1029](id:6ad00000049c,api:1,p:27344,c:27344) query: BufferQueue has been abandoned
12-28 00:57:32.377 27344  1139 E BufferQueueProducer: [SurfaceTexture-0-27344-1029](id:6ad00000049c,api:1,p:27344,c:27344) connect: BufferQueue has been abandoned
12-28 00:57:32.377 27344  1139 E libEGL  : eglCreateWindowSurface: native_window_api_connect (win=0x75ced83350) failed (0xffffffed) (already connected to another API?)
12-28 00:57:32.377 27344  1139 E libEGL  : eglCreateWindowSurfaceTmpl:697 error 3003 (EGL_BAD_ALLOC)
12-28 00:57:32.382  2896  5167 I MiuiNetworkPolicy: bandwidth: 17 KB/s, Max bandwidth: 1474 KB/s
12-28 00:57:32.393 27344  1139 E BufferQueueProducer: [SurfaceTexture-0-27344-1029](id:6ad00000049c,api:1,p:27344,c:27344) query: BufferQueue has been abandoned
12-28 00:57:32.394 27344  1139 E BufferQueueProducer: [SurfaceTexture-0-27344-1029](id:6ad00000049c,api:1,p:27344,c:27344) connect: BufferQueue has been abandoned
12-28 00:57:32.394 27344  1139 E libEGL  : eglCreateWindowSurface: native_window_api_connect (win=0x75ced83350) failed (0xffffffed) (already connected to another API?)
12-28 00:57:32.395 27344  1139 E libEGL  : eglCreateWindowSurfaceTmpl:697 error 3003 (EGL_BAD_ALLOC)
12-28 00:57:32.410 27344  1139 E BufferQueueProducer: [SurfaceTexture-0-27344-1029](id:6ad00000049c,api:1,p:27344,c:27344) query: BufferQueue has been abandoned
12-28 00:57:32.410 27344  1139 E BufferQueueProducer: [SurfaceTexture-0-27344-1029](id:6ad00000049c,api:1,p:27344,c:27344) connect: BufferQueue has been abandoned
12-28 00:57:32.410 27344  1139 E libEGL  : eglCreateWindowSurface: native_window_api_connect (win=0x75ced83350) failed (0xffffffed) (already connected to another API?)
12-28 00:57:32.410 27344  1139 E libEGL  : eglCreateWindowSurfaceTmpl:697 error 3003 (EGL_BAD_ALLOC)
12-28 00:57:32.426 27344  1139 E BufferQueueProducer: [SurfaceTexture-0-27344-1029](id:6ad00000049c,api:1,p:27344,c:27344) query: BufferQueue has been abandoned
12-28 00:57:32.427 27344  1139 E BufferQueueProducer: [SurfaceTexture-0-27344-1029](id:6ad00000049c,api:1,p:27344,c:27344) connect: BufferQueue has been abandoned
12-28 00:57:32.427 27344  1139 E libEGL  : eglCreateWindowSurface: native_window_api_connect (win=0x75ced83350) failed (0xffffffed) (already connected to another API?)
12-28 00:57:32.427 27344  1139 E libEGL  : eglCreateWindowSurfaceTmpl:697 error 3003 (EGL_BAD_ALLOC)
12-28 00:57:32.443 27344  1139 E BufferQueueProducer: [SurfaceTexture-0-27344-1029](id:6ad00000049c,api:1,p:27344,c:27344) query: BufferQueue has been abandoned
12-28 00:57:32.443 27344  1139 E BufferQueueProducer: [SurfaceTexture-0-27344-1029](id:6ad00000049c,api:1,p:27344,c:27344) connect: BufferQueue has been abandoned
12-28 00:57:32.444 27344  1139 E libEGL  : eglCreateWindowSurface: native_window_api_connect (win=0x75ced83350) failed (0xffffffed) (already connected to another API?)
12-28 00:57:32.444 27344  1139 E libEGL  : eglCreateWindowSurfaceTmpl:697 error 3003 (EGL_BAD_ALLOC)
12-28 00:57:32.460 27344  1139 E BufferQueueProducer: [SurfaceTexture-0-27344-1029](id:6ad00000049c,api:1,p:27344,c:27344) query: BufferQueue has been abandoned
12-28 00:57:32.460 27344  1139 E BufferQueueProducer: [SurfaceTexture-0-27344-1029](id:6ad00000049c,api:1,p:27344,c:27344) connect: BufferQueue has been abandoned
12-28 00:57:32.460 27344  1139 E libEGL  : eglCreateWindowSurface: native_window_api_connect (win=0x75ced83350) failed (0xffffffed) (already connected to another API?)
12-28 00:57:32.461 27344  1139 E libEGL  : eglCreateWindowSurfaceTmpl:697 error 3003 (EGL_BAD_ALLOC)
12-28 00:57:32.476 27344  1139 E BufferQueueProducer: [SurfaceTexture-0-27344-1029](id:6ad00000049c,api:1,p:27344,c:27344) query: BufferQueue has been abandoned
12-28 00:57:32.476 27344  1139 E BufferQueueProducer: [SurfaceTexture-0-27344-1029](id:6ad00000049c,api:1,p:27344,c:27344) connect: BufferQueue has been abandoned
12-28 00:57:32.476 27344  1139 E libEGL  : eglCreateWindowSurface: native_window_api_connect (win=0x75ced83350) failed (0xffffffed) (already connected to another API?)
12-28 00:57:32.476 27344  1139 E libEGL  : eglCreateWindowSurfaceTmpl:697 error 3003 (EGL_BAD_ALLOC)
12-28 00:57:32.493 27344  1139 E BufferQueueProducer: [SurfaceTexture-0-27344-1029](id:6ad00000049c,api:1,p:27344,c:27344) query: BufferQueue has been abandoned
12-28 00:57:32.493 27344  1139 E BufferQueueProducer: [SurfaceTexture-0-27344-1029](id:6ad00000049c,api:1,p:27344,c:27344) connect: BufferQueue has been abandoned
12-28 00:57:32.493 27344  1139 E libEGL  : eglCreateWindowSurface: native_window_api_connect (win=0x75ced83350) failed (0xffffffed) (already connected to another API?)
12-28 00:57:32.493 27344  1139 E libEGL  : eglCreateWindowSurfaceTmpl:697 error 3003 (EGL_BAD_ALLOC)
12-28 00:57:32.509 27344  1139 E BufferQueueProducer: [SurfaceTexture-0-27344-1029](id:6ad00000049c,api:1,p:27344,c:27344) query: BufferQueue has been abandoned
12-28 00:57:32.510 27344  1139 E BufferQueueProducer: [SurfaceTexture-0-27344-1029](id:6ad00000049c,api:1,p:27344,c:27344) connect: BufferQueue has been abandoned
12-28 00:57:32.510 27344  1139 E libEGL  : eglCreateWindowSurface: native_window_api_connect (win=0x75ced83350) failed (0xffffffed) (already connected to another API?)
12-28 00:57:32.511 27344  1139 E libEGL  : eglCreateWindowSurfaceTmpl:697 error 3003 (EGL_BAD_ALLOC)
12-28 00:57:32.526 27344  1139 E BufferQueueProducer: [SurfaceTexture-0-27344-1029](id:6ad00000049c,api:1,p:27344,c:27344) query: BufferQueue has been abandoned
12-28 00:57:32.527 27344  1139 E BufferQueueProducer: [SurfaceTexture-0-27344-1029](id:6ad00000049c,api:1,p:27344,c:27344) connect: BufferQueue has been abandoned
12-28 00:57:32.527 27344  1139 E libEGL  : eglCreateWindowSurface: native_window_api_connect (win=0x75ced83350) failed (0xffffffed) (already connected to another API?)
12-28 00:57:32.527 27344  1139 E libEGL  : eglCreateWindowSurfaceTmpl:697 error 3003 (EGL_BAD_ALLOC)
12-28 00:57:32.543 27344  1139 E BufferQueueProducer: [SurfaceTexture-0-27344-1029](id:6ad00000049c,api:1,p:27344,c:27344) query: BufferQueue has been abandoned
12-28 00:57:32.543 27344  1139 E BufferQueueProducer: [SurfaceTexture-0-27344-1029](id:6ad00000049c,api:1,p:27344,c:27344) connect: BufferQueue has been abandoned
12-28 00:57:32.543 27344  1139 E libEGL  : eglCreateWindowSurface: native_window_api_connect (win=0x75ced83350) failed (0xffffffed) (already connected to another API?)
12-28 00:57:32.544 27344  1139 E libEGL  : eglCreateWindowSurfaceTmpl:697 error 3003 (EGL_BAD_ALLOC)
12-28 00:57:32.560 27344  1139 E BufferQueueProducer: [SurfaceTexture-0-27344-1029](id:6ad00000049c,api:1,p:27344,c:27344) query: BufferQueue has been abandoned
12-28 00:57:32.560 27344  1139 E BufferQueueProducer: [SurfaceTexture-0-27344-1029](id:6ad00000049c,api:1,p:27344,c:27344) connect: BufferQueue has been abandoned
12-28 00:57:32.560 27344  1139 E libEGL  : eglCreateWindowSurface: native_window_api_connect (win=0x75ced83350) failed (0xffffffed) (already connected to another API?)
12-28 00:57:32.560 27344  1139 E libEGL  : eglCreateWindowSurfaceTmpl:697 error 3003 (EGL_BAD_ALLOC)
12-28 00:57:32.563 32444 32562 I MediaCodec: [mId: 0] [audio-debug-dec] Stats over last 5026ms:
12-28 00:57:32.563 32444 32562 I MediaCodec: [mId: 0] [audio-debug-dec] ClientName: net.programmierecke.radiodroid2 ComponentName: c2.android.aac.decoder
12-28 00:57:32.563 32444 32562 I MediaCodec: [mId: 0] [audio-debug-dec] Qinput: 118, DQinput: 0 success out of 0 tries
12-28 00:57:32.563 32444 32562 I MediaCodec: [mId: 0] [audio-debug-dec] Render: 0, Drop: 118, DQoutput: 0 success out of 0 tries
12-28 00:57:32.576 27344  1139 E BufferQueueProducer: [SurfaceTexture-0-27344-1029](id:6ad00000049c,api:1,p:27344,c:27344) query: BufferQueue has been abandoned
12-28 00:57:32.576 27344  1139 E BufferQueueProducer: [SurfaceTexture-0-27344-1029](id:6ad00000049c,api:1,p:27344,c:27344) connect: BufferQueue has been abandoned
12-28 00:57:32.577 27344  1139 E libEGL  : eglCreateWindowSurface: native_window_api_connect (win=0x75ced83350) failed (0xffffffed) (already connected to another API?)
12-28 00:57:32.577 27344  1139 E libEGL  : eglCreateWindowSurfaceTmpl:697 error 3003 (EGL_BAD_ALLOC)
12-28 00:57:32.593 27344  1139 E BufferQueueProducer: [SurfaceTexture-0-27344-1029](id:6ad00000049c,api:1,p:27344,c:27344) query: BufferQueue has been abandoned
12-28 00:57:32.593 27344  1139 E BufferQueueProducer: [SurfaceTexture-0-27344-1029](id:6ad00000049c,api:1,p:27344,c:27344) connect: BufferQueue has been abandoned
12-28 00:57:32.594 27344  1139 E libEGL  : eglCreateWindowSurface: native_window_api_connect (win=0x75ced83350) failed (0xffffffed) (already connected to another API?)
12-28 00:57:32.594 27344  1139 E libEGL  : eglCreateWindowSurfaceTmpl:697 error 3003 (EGL_BAD_ALLOC)
12-28 00:57:32.610 27344  1139 E BufferQueueProducer: [SurfaceTexture-0-27344-1029](id:6ad00000049c,api:1,p:27344,c:27344) query: BufferQueue has been abandoned
12-28 00:57:32.610 27344  1139 E BufferQueueProducer: [SurfaceTexture-0-27344-1029](id:6ad00000049c,api:1,p:27344,c:27344) connect: BufferQueue has been abandoned
12-28 00:57:32.610 27344  1139 E libEGL  : eglCreateWindowSurface: native_window_api_connect (win=0x75ced83350) failed (0xffffffed) (already connected to another API?)
12-28 00:57:32.610 27344  1139 E libEGL  : eglCreateWindowSurfaceTmpl:697 error 3003 (EGL_BAD_ALLOC)
12-28 00:57:32.626 27344  1139 E BufferQueueProducer: [SurfaceTexture-0-27344-1029](id:6ad00000049c,api:1,p:27344,c:27344) query: BufferQueue has been abandoned
12-28 00:57:32.627 27344  1139 E BufferQueueProducer: [SurfaceTexture-0-27344-1029](id:6ad00000049c,api:1,p:27344,c:27344) connect: BufferQueue has been abandoned
12-28 00:57:32.627 27344  1139 E libEGL  : eglCreateWindowSurface: native_window_api_connect (win=0x75ced83350) failed (0xffffffed) (already connected to another API?)
12-28 00:57:32.627 27344  1139 E libEGL  : eglCreateWindowSurfaceTmpl:697 error 3003 (EGL_BAD_ALLOC)
12-28 00:57:32.643 27344  1139 E BufferQueueProducer: [SurfaceTexture-0-27344-1029](id:6ad00000049c,api:1,p:27344,c:27344) query: BufferQueue has been abandoned
12-28 00:57:32.644 27344  1139 E BufferQueueProducer: [SurfaceTexture-0-27344-1029](id:6ad00000049c,api:1,p:27344,c:27344) connect: BufferQueue has been abandoned
12-28 00:57:32.644 27344  1139 E libEGL  : eglCreateWindowSurface: native_window_api_connect (win=0x75ced83350) failed (0xffffffed) (already connected to another API?)
12-28 00:57:32.644 27344  1139 E libEGL  : eglCreateWindowSurfaceTmpl:697 error 3003 (EGL_BAD_ALLOC)
12-28 00:57:32.655  2896  6897 I NetworkBoostStatusManager: handle: 107
12-28 00:57:32.658  6410  7350 E PhoneAdapter: get ntnphones failed, exception: java.lang.IllegalStateException: Default phones haven't been made yet!
12-28 00:57:32.660 27344  1139 E BufferQueueProducer: [SurfaceTexture-0-27344-1029](id:6ad00000049c,api:1,p:27344,c:27344) query: BufferQueue has been abandoned
12-28 00:57:32.660 27344  1139 E BufferQueueProducer: [SurfaceTexture-0-27344-1029](id:6ad00000049c,api:1,p:27344,c:27344) connect: BufferQueue has been abandoned
12-28 00:57:32.660 27344  1139 E libEGL  : eglCreateWindowSurface: native_window_api_connect (win=0x75ced83350) failed (0xffffffed) (already connected to another API?)
12-28 00:57:32.660 27344  1139 E libEGL  : eglCreateWindowSurfaceTmpl:697 error 3003 (EGL_BAD_ALLOC)
12-28 00:57:32.662  2896  6897 D SLM-SRV-SLAService: isModemSingnalStrengthStatus = 0
12-28 00:57:32.676 27344  1139 E BufferQueueProducer: [SurfaceTexture-0-27344-1029](id:6ad00000049c,api:1,p:27344,c:27344) query: BufferQueue has been abandoned
12-28 00:57:32.676 27344  1139 E BufferQueueProducer: [SurfaceTexture-0-27344-1029](id:6ad00000049c,api:1,p:27344,c:27344) connect: BufferQueue has been abandoned
12-28 00:57:32.677 27344  1139 E libEGL  : eglCreateWindowSurface: native_window_api_connect (win=0x75ced83350) failed (0xffffffed) (already connected to another API?)
12-28 00:57:32.677 27344  1139 E libEGL  : eglCreateWindowSurfaceTmpl:697 error 3003 (EGL_BAD_ALLOC)
12-28 00:57:32.693 27344  1139 E BufferQueueProducer: [SurfaceTexture-0-27344-1029](id:6ad00000049c,api:1,p:27344,c:27344) query: BufferQueue has been abandoned
12-28 00:57:32.693 27344  1139 E BufferQueueProducer: [SurfaceTexture-0-27344-1029](id:6ad00000049c,api:1,p:27344,c:27344) connect: BufferQueue has been abandoned
12-28 00:57:32.693 27344  1139 E libEGL  : eglCreateWindowSurface: native_window_api_connect (win=0x75ced83350) failed (0xffffffed) (already connected to another API?)
12-28 00:57:32.694 27344  1139 E libEGL  : eglCreateWindowSurfaceTmpl:697 error 3003 (EGL_BAD_ALLOC)
12-28 00:57:32.710 27344  1139 E BufferQueueProducer: [SurfaceTexture-0-27344-1029](id:6ad00000049c,api:1,p:27344,c:27344) query: BufferQueue has been abandoned
12-28 00:57:32.710 27344  1139 E BufferQueueProducer: [SurfaceTexture-0-27344-1029](id:6ad00000049c,api:1,p:27344,c:27344) connect: BufferQueue has been abandoned
12-28 00:57:32.710 27344  1139 E libEGL  : eglCreateWindowSurface: native_window_api_connect (win=0x75ced83350) failed (0xffffffed) (already connected to another API?)
12-28 00:57:32.711 27344  1139 E libEGL  : eglCreateWindowSurfaceTmpl:697 error 3003 (EGL_BAD_ALLOC)
12-28 00:57:32.726 27344  1139 E BufferQueueProducer: [SurfaceTexture-0-27344-1029](id:6ad00000049c,api:1,p:27344,c:27344) query: BufferQueue has been abandoned
12-28 00:57:32.727 27344  1139 E BufferQueueProducer: [SurfaceTexture-0-27344-1029](id:6ad00000049c,api:1,p:27344,c:27344) connect: BufferQueue has been abandoned
12-28 00:57:32.727 27344  1139 E libEGL  : eglCreateWindowSurface: native_window_api_connect (win=0x75ced83350) failed (0xffffffed) (already connected to another API?)
12-28 00:57:32.727 27344  1139 E libEGL  : eglCreateWindowSurfaceTmpl:697 error 3003 (EGL_BAD_ALLOC)
12-28 00:57:32.743 27344  1139 E BufferQueueProducer: [SurfaceTexture-0-27344-1029](id:6ad00000049c,api:1,p:27344,c:27344) query: BufferQueue has been abandoned
12-28 00:57:32.743 27344  1139 E BufferQueueProducer: [SurfaceTexture-0-27344-1029](id:6ad00000049c,api:1,p:27344,c:27344) connect: BufferQueue has been abandoned
12-28 00:57:32.744 27344  1139 E libEGL  : eglCreateWindowSurface: native_window_api_connect (win=0x75ced83350) failed (0xffffffed) (already connected to another API?)
12-28 00:57:32.744 27344  1139 E libEGL  : eglCreateWindowSurfaceTmpl:697 error 3003 (EGL_BAD_ALLOC)
12-28 00:57:32.759 27344  1139 E BufferQueueProducer: [SurfaceTexture-0-27344-1029](id:6ad00000049c,api:1,p:27344,c:27344) query: BufferQueue has been abandoned
12-28 00:57:32.760 27344  1139 E BufferQueueProducer: [SurfaceTexture-0-27344-1029](id:6ad00000049c,api:1,p:27344,c:27344) connect: BufferQueue has been abandoned
12-28 00:57:32.760 27344  1139 E libEGL  : eglCreateWindowSurface: native_window_api_connect (win=0x75ced83350) failed (0xffffffed) (already connected to another API?)
12-28 00:57:32.760 27344  1139 E libEGL  : eglCreateWindowSurfaceTmpl:697 error 3003 (EGL_BAD_ALLOC)
12-28 00:57:32.776 27344  1139 E BufferQueueProducer: [SurfaceTexture-0-27344-1029](id:6ad00000049c,api:1,p:27344,c:27344) query: BufferQueue has been abandoned
12-28 00:57:32.777 27344  1139 E BufferQueueProducer: [SurfaceTexture-0-27344-1029](id:6ad00000049c,api:1,p:27344,c:27344) connect: BufferQueue has been abandoned
12-28 00:57:32.777 27344  1139 E libEGL  : eglCreateWindowSurface: native_window_api_connect (win=0x75ced83350) failed (0xffffffed) (already connected to another API?)
12-28 00:57:32.777 27344  1139 E libEGL  : eglCreateWindowSurfaceTmpl:697 error 3003 (EGL_BAD_ALLOC)
12-28 00:57:32.793 27344  1139 E BufferQueueProducer: [SurfaceTexture-0-27344-1029](id:6ad00000049c,api:1,p:27344,c:27344) query: BufferQueue has been abandoned
12-28 00:57:32.794 27344  1139 E BufferQueueProducer: [SurfaceTexture-0-27344-1029](id:6ad00000049c,api:1,p:27344,c:27344) connect: BufferQueue has been abandoned
12-28 00:57:32.794 27344  1139 E libEGL  : eglCreateWindowSurface: native_window_api_connect (win=0x75ced83350) failed (0xffffffed) (already connected to another API?)
12-28 00:57:32.794 27344  1139 E libEGL  : eglCreateWindowSurfaceTmpl:697 error 3003 (EGL_BAD_ALLOC)
12-28 00:57:32.810 27344  1139 E BufferQueueProducer: [SurfaceTexture-0-27344-1029](id:6ad00000049c,api:1,p:27344,c:27344) query: BufferQueue has been abandoned
12-28 00:57:32.813 27344  1139 E BufferQueueProducer: [SurfaceTexture-0-27344-1029](id:6ad00000049c,api:1,p:27344,c:27344) connect: BufferQueue has been abandoned
12-28 00:57:32.813 27344  1139 E libEGL  : eglCreateWindowSurface: native_window_api_connect (win=0x75ced83350) failed (0xffffffed) (already connected to another API?)
12-28 00:57:32.813 27344  1139 E libEGL  : eglCreateWindowSurfaceTmpl:697 error 3003 (EGL_BAD_ALLOC)
12-28 00:57:32.817  3219  3219 I wificond: station_bandwidth: P
12-28 00:57:32.819  2896 23446 D WifiScoreReportInjector: mCcaBusyRate change to 0; mBeaconLostRate change to 0
12-28 00:57:32.823  2896  6897 I NetworkBoostStatusManager: handle: 102
12-28 00:57:32.823  2896  6897 I NetworkBoostStatusManager: interfaceOnCapabilitiesChanged interface name:wlan0
12-28 00:57:32.826 27344  1139 E BufferQueueProducer: [SurfaceTexture-0-27344-1029](id:6ad00000049c,api:1,p:27344,c:27344) query: BufferQueue has been abandoned
12-28 00:57:32.826 27344  1139 E BufferQueueProducer: [SurfaceTexture-0-27344-1029](id:6ad00000049c,api:1,p:27344,c:27344) connect: BufferQueue has been abandoned
12-28 00:57:32.827 27344  1139 E libEGL  : eglCreateWindowSurface: native_window_api_connect (win=0x75ced83350) failed (0xffffffed) (already connected to another API?)
12-28 00:57:32.827 27344  1139 E libEGL  : eglCreateWindowSurfaceTmpl:697 error 3003 (EGL_BAD_ALLOC)
12-28 00:57:32.829  6343  8087 D QCNEJ/NativeHalConnector: -> SND notifyDefaultNetworkChanged(1)
12-28 00:57:32.831 14568 14943 W Settings: Setting device_provisioned has moved from android.provider.Settings.Secure to android.provider.Settings.Global.
12-28 00:57:32.831 11730 11730 I NetBusNetworkMonitor: onCapabilitiesChanged isPrimary = true
12-28 00:57:32.831 14568 14943 I JoyoseCloudControlManager3: network metered changed, network metered: false, deviceProvisioned: true, scAllowConn: true, try to setNetworkAccessEnabled: true
12-28 00:57:32.832 11730 11730 I NetBusNetworkMonitor: gateway=192.*.*.1
12-28 00:57:32.833 24159 24205 I Cir_Miplay_NetworkListenerHelper: onCapabilitiesChanged#network=344
12-28 00:57:32.834 24159 24205 I Cir_Miplay_NetworkListenerHelper: onCapabilitiesChanged network type wifi
12-28 00:57:32.835 11730 11730 I NetBusNetworkMonitor: addConnectNetworkInterface mediumType:256, detail:NetworkDetailInfo{mIsConnected=false, mIsSupportTdls=true, mNetworkType=0, mIpAddress=192.*.*.70, mIfName=wlan0, mGateway=192.*.*.1, mNetmask=255.*.*.0, mSsid=A**5G}
12-28 00:57:32.835 11730 11730 I NetBusNetworkMonitor: onCapabilitiesChanged handle=1480874446861, mediumType=256, ifName=wlan0
12-28 00:57:32.837 29477 29526 I pid=29477 NetworkStateTracker: onCapabilitiesChanged Network capabilities changed
12-28 00:57:32.845 27344  1139 E BufferQueueProducer: [SurfaceTexture-0-27344-1029](id:6ad00000049c,api:1,p:27344,c:27344) query: BufferQueue has been abandoned
12-28 00:57:32.845 27344  1139 E BufferQueueProducer: [SurfaceTexture-0-27344-1029](id:6ad00000049c,api:1,p:27344,c:27344) connect: BufferQueue has been abandoned
12-28 00:57:32.845 27344  1139 E libEGL  : eglCreateWindowSurface: native_window_api_connect (win=0x75ced83350) failed (0xffffffed) (already connected to another API?)
12-28 00:57:32.845 27344  1139 E libEGL  : eglCreateWindowSurfaceTmpl:697 error 3003 (EGL_BAD_ALLOC)
12-28 00:57:32.859 27344  1139 E BufferQueueProducer: [SurfaceTexture-0-27344-1029](id:6ad00000049c,api:1,p:27344,c:27344) query: BufferQueue has been abandoned
12-28 00:57:32.860 27344  1139 E BufferQueueProducer: [SurfaceTexture-0-27344-1029](id:6ad00000049c,api:1,p:27344,c:27344) connect: BufferQueue has been abandoned
12-28 00:57:32.860 27344  1139 E libEGL  : eglCreateWindowSurface: native_window_api_connect (win=0x75ced83350) failed (0xffffffed) (already connected to another API?)
12-28 00:57:32.860 27344  1139 E libEGL  : eglCreateWindowSurfaceTmpl:697 error 3003 (EGL_BAD_ALLOC)
12-28 00:57:32.876 27344  1139 E BufferQueueProducer: [SurfaceTexture-0-27344-1029](id:6ad00000049c,api:1,p:27344,c:27344) query: BufferQueue has been abandoned
12-28 00:57:32.876 27344  1139 E BufferQueueProducer: [SurfaceTexture-0-27344-1029](id:6ad00000049c,api:1,p:27344,c:27344) connect: BufferQueue has been abandoned
12-28 00:57:32.876 27344  1139 E libEGL  : eglCreateWindowSurface: native_window_api_connect (win=0x75ced83350) failed (0xffffffed) (already connected to another API?)
12-28 00:57:32.876 27344  1139 E libEGL  : eglCreateWindowSurfaceTmpl:697 error 3003 (EGL_BAD_ALLOC)
12-28 00:57:32.893 27344  1139 E BufferQueueProducer: [SurfaceTexture-0-27344-1029](id:6ad00000049c,api:1,p:27344,c:27344) query: BufferQueue has been abandoned
12-28 00:57:32.893 27344  1139 E BufferQueueProducer: [SurfaceTexture-0-27344-1029](id:6ad00000049c,api:1,p:27344,c:27344) connect: BufferQueue has been abandoned
12-28 00:57:32.894 27344  1139 E libEGL  : eglCreateWindowSurface: native_window_api_connect (win=0x75ced83350) failed (0xffffffed) (already connected to another API?)
12-28 00:57:32.894 27344  1139 E libEGL  : eglCreateWindowSurfaceTmpl:697 error 3003 (EGL_BAD_ALLOC)
12-28 00:57:32.910 27344  1139 E BufferQueueProducer: [SurfaceTexture-0-27344-1029](id:6ad00000049c,api:1,p:27344,c:27344) query: BufferQueue has been abandoned
12-28 00:57:32.910 27344  1139 E BufferQueueProducer: [SurfaceTexture-0-27344-1029](id:6ad00000049c,api:1,p:27344,c:27344) connect: BufferQueue has been abandoned
12-28 00:57:32.910 27344  1139 E libEGL  : eglCreateWindowSurface: native_window_api_connect (win=0x75ced83350) failed (0xffffffed) (already connected to another API?)
12-28 00:57:32.911 27344  1139 E libEGL  : eglCreateWindowSurfaceTmpl:697 error 3003 (EGL_BAD_ALLOC)
12-28 00:57:32.926 27344  1139 E BufferQueueProducer: [SurfaceTexture-0-27344-1029](id:6ad00000049c,api:1,p:27344,c:27344) query: BufferQueue has been abandoned
12-28 00:57:32.927 27344  1139 E BufferQueueProducer: [SurfaceTexture-0-27344-1029](id:6ad00000049c,api:1,p:27344,c:27344) connect: BufferQueue has been abandoned
12-28 00:57:32.927 27344  1139 E libEGL  : eglCreateWindowSurface: native_window_api_connect (win=0x75ced83350) failed (0xffffffed) (already connected to another API?)
12-28 00:57:32.927 27344  1139 E libEGL  : eglCreateWindowSurfaceTmpl:697 error 3003 (EGL_BAD_ALLOC)
12-28 00:57:32.943 27344  1139 E BufferQueueProducer: [SurfaceTexture-0-27344-1029](id:6ad00000049c,api:1,p:27344,c:27344) query: BufferQueue has been abandoned
12-28 00:57:32.943 27344  1139 E BufferQueueProducer: [SurfaceTexture-0-27344-1029](id:6ad00000049c,api:1,p:27344,c:27344) connect: BufferQueue has been abandoned
12-28 00:57:32.944 27344  1139 E libEGL  : eglCreateWindowSurface: native_window_api_connect (win=0x75ced83350) failed (0xffffffed) (already connected to another API?)
12-28 00:57:32.944 27344  1139 E libEGL  : eglCreateWindowSurfaceTmpl:697 error 3003 (EGL_BAD_ALLOC)
12-28 00:57:32.960 27344  1139 E BufferQueueProducer: [SurfaceTexture-0-27344-1029](id:6ad00000049c,api:1,p:27344,c:27344) query: BufferQueue has been abandoned
12-28 00:57:32.960 27344  1139 E BufferQueueProducer: [SurfaceTexture-0-27344-1029](id:6ad00000049c,api:1,p:27344,c:27344) connect: BufferQueue has been abandoned
12-28 00:57:32.961 27344  1139 E libEGL  : eglCreateWindowSurface: native_window_api_connect (win=0x75ced83350) failed (0xffffffed) (already connected to another API?)
12-28 00:57:32.961 27344  1139 E libEGL  : eglCreateWindowSurfaceTmpl:697 error 3003 (EGL_BAD_ALLOC)
12-28 00:57:32.976 27344  1139 E BufferQueueProducer: [SurfaceTexture-0-27344-1029](id:6ad00000049c,api:1,p:27344,c:27344) query: BufferQueue has been abandoned
12-28 00:57:32.976 27344  1139 E BufferQueueProducer: [SurfaceTexture-0-27344-1029](id:6ad00000049c,api:1,p:27344,c:27344) connect: BufferQueue has been abandoned
12-28 00:57:32.976 27344  1139 E libEGL  : eglCreateWindowSurface: native_window_api_connect (win=0x75ced83350) failed (0xffffffed) (already connected to another API?)
12-28 00:57:32.976 27344  1139 E libEGL  : eglCreateWindowSurfaceTmpl:697 error 3003 (EGL_BAD_ALLOC)
12-28 00:57:32.993 27344  1139 E BufferQueueProducer: [SurfaceTexture-0-27344-1029](id:6ad00000049c,api:1,p:27344,c:27344) query: BufferQueue has been abandoned
12-28 00:57:32.993 27344  1139 E BufferQueueProducer: [SurfaceTexture-0-27344-1029](id:6ad00000049c,api:1,p:27344,c:27344) connect: BufferQueue has been abandoned
12-28 00:57:32.994 27344  1139 E libEGL  : eglCreateWindowSurface: native_window_api_connect (win=0x75ced83350) failed (0xffffffed) (already connected to another API?)
12-28 00:57:32.994 27344  1139 E libEGL  : eglCreateWindowSurfaceTmpl:697 error 3003 (EGL_BAD_ALLOC)
12-28 00:57:33.010 27344  1139 E BufferQueueProducer: [SurfaceTexture-0-27344-1029](id:6ad00000049c,api:1,p:27344,c:27344) query: BufferQueue has been abandoned
12-28 00:57:33.010 27344  1139 E BufferQueueProducer: [SurfaceTexture-0-27344-1029](id:6ad00000049c,api:1,p:27344,c:27344) connect: BufferQueue has been abandoned
12-28 00:57:33.010 27344  1139 E libEGL  : eglCreateWindowSurface: native_window_api_connect (win=0x75ced83350) failed (0xffffffed) (already connected to another API?)
12-28 00:57:33.010 27344  1139 E libEGL  : eglCreateWindowSurfaceTmpl:697 error 3003 (EGL_BAD_ALLOC)
12-28 00:57:33.018  6431 32599 I SafeBinderCall: onPositionChange binder cost:0
12-28 00:57:33.018  6431  6431 D MiPlayDetailViewModel: onPositionChangeSelf position = 135012
12-28 00:57:33.026 27344  1139 E BufferQueueProducer: [SurfaceTexture-0-27344-1029](id:6ad00000049c,api:1,p:27344,c:27344) query: BufferQueue has been abandoned
12-28 00:57:33.026 27344  1139 E BufferQueueProducer: [SurfaceTexture-0-27344-1029](id:6ad00000049c,api:1,p:27344,c:27344) connect: BufferQueue has been abandoned
12-28 00:57:33.027 27344  1139 E libEGL  : eglCreateWindowSurface: native_window_api_connect (win=0x75ced83350) failed (0xffffffed) (already connected to another API?)
12-28 00:57:33.027 27344  1139 E libEGL  : eglCreateWindowSurfaceTmpl:697 error 3003 (EGL_BAD_ALLOC)
12-28 00:57:33.043 27344  1139 E BufferQueueProducer: [SurfaceTexture-0-27344-1029](id:6ad00000049c,api:1,p:27344,c:27344) query: BufferQueue has been abandoned
12-28 00:57:33.043 27344  1139 E BufferQueueProducer: [SurfaceTexture-0-27344-1029](id:6ad00000049c,api:1,p:27344,c:27344) connect: BufferQueue has been abandoned
12-28 00:57:33.044 27344  1139 E libEGL  : eglCreateWindowSurface: native_window_api_connect (win=0x75ced83350) failed (0xffffffed) (already connected to another API?)
12-28 00:57:33.044 27344  1139 E libEGL  : eglCreateWindowSurfaceTmpl:697 error 3003 (EGL_BAD_ALLOC)
12-28 00:57:33.060 27344  1139 E BufferQueueProducer: [SurfaceTexture-0-27344-1029](id:6ad00000049c,api:1,p:27344,c:27344) query: BufferQueue has been abandoned
12-28 00:57:33.061 27344  1139 E BufferQueueProducer: [SurfaceTexture-0-27344-1029](id:6ad00000049c,api:1,p:27344,c:27344) connect: BufferQueue has been abandoned
12-28 00:57:33.061 27344  1139 E libEGL  : eglCreateWindowSurface: native_window_api_connect (win=0x75ced83350) failed (0xffffffed) (already connected to another API?)
12-28 00:57:33.061 27344  1139 E libEGL  : eglCreateWindowSurfaceTmpl:697 error 3003 (EGL_BAD_ALLOC)
