12-28 00:57:30.744 27344  1139 E libEGL  : eglCreateWindowSurface: native_window_api_connect (win=0x75ced83350) failed (0xffffffed) (already connected to another API?)
12-28 00:57:30.744 27344  1139 E libEGL  : eglCreateWindowSurfaceTmpl:697 error 3003 (EGL_BAD_ALLOC)
12-28 00:57:30.761 27344  1139 E BufferQueueProducer: [SurfaceTexture-0-27344-1029](id:6ad00000049c,api:1,p:27344,c:27344) query: BufferQueue has been abandoned
12-28 00:57:30.762 27344  1139 E BufferQueueProducer: [SurfaceTexture-0-27344-1029](id:6ad00000049c,api:1,p:27344,c:27344) connect: BufferQueue has been abandoned
12-28 00:57:30.762 27344  1139 E libEGL  : eglCreateWindowSurface: native_window_api_connect (win=0x75ced83350) failed (0xffffffed) (already connected to another API?)
12-28 00:57:30.762 27344  1139 E libEGL  : eglCreateWindowSurfaceTmpl:697 error 3003 (EGL_BAD_ALLOC)
12-28 00:57:30.776 27344  1139 E BufferQueueProducer: [SurfaceTexture-0-27344-1029](id:6ad00000049c,api:1,p:27344,c:27344) query: BufferQueue has been abandoned
12-28 00:57:30.777 27344  1139 E BufferQueueProducer: [SurfaceTexture-0-27344-1029](id:6ad00000049c,api:1,p:27344,c:27344) connect: BufferQueue has been abandoned
12-28 00:57:30.777 27344  1139 E libEGL  : eglCreateWindowSurface: native_window_api_connect (win=0x75ced83350) failed (0xffffffed) (already connected to another API?)
12-28 00:57:30.777 27344  1139 E libEGL  : eglCreateWindowSurfaceTmpl:697 error 3003 (EGL_BAD_ALLOC)
12-28 00:57:30.793 27344  1139 E BufferQueueProducer: [SurfaceTexture-0-27344-1029](id:6ad00000049c,api:1,p:27344,c:27344) query: BufferQueue has been abandoned
12-28 00:57:30.793 27344  1139 E BufferQueueProducer: [SurfaceTexture-0-27344-1029](id:6ad00000049c,api:1,p:27344,c:27344) connect: BufferQueue has been abandoned
12-28 00:57:30.794 27344  1139 E libEGL  : eglCreateWindowSurface: native_window_api_connect (win=0x75ced83350) failed (0xffffffed) (already connected to another API?)
12-28 00:57:30.794 27344  1139 E libEGL  : eglCreateWindowSurfaceTmpl:697 error 3003 (EGL_BAD_ALLOC)
12-28 00:57:30.810 27344  1139 E BufferQueueProducer: [SurfaceTexture-0-27344-1029](id:6ad00000049c,api:1,p:27344,c:27344) query: BufferQueue has been abandoned
12-28 00:57:30.810 27344  1139 E BufferQueueProducer: [SurfaceTexture-0-27344-1029](id:6ad00000049c,api:1,p:27344,c:27344) connect: BufferQueue has been abandoned
12-28 00:57:30.810 27344  1139 E libEGL  : eglCreateWindowSurface: native_window_api_connect (win=0x75ced83350) failed (0xffffffed) (already connected to another API?)
12-28 00:57:30.810 27344  1139 E libEGL  : eglCreateWindowSurfaceTmpl:697 error 3003 (EGL_BAD_ALLOC)
12-28 00:57:30.826 27344  1139 E BufferQueueProducer: [SurfaceTexture-0-27344-1029](id:6ad00000049c,api:1,p:27344,c:27344) query: BufferQueue has been abandoned
12-28 00:57:30.827 27344  1139 E BufferQueueProducer: [SurfaceTexture-0-27344-1029](id:6ad00000049c,api:1,p:27344,c:27344) connect: BufferQueue has been abandoned
12-28 00:57:30.827 27344  1139 E libEGL  : eglCreateWindowSurface: native_window_api_connect (win=0x75ced83350) failed (0xffffffed) (already connected to another API?)
12-28 00:57:30.827 27344  1139 E libEGL  : eglCreateWindowSurfaceTmpl:697 error 3003 (EGL_BAD_ALLOC)
12-28 00:57:30.843 27344  1139 E BufferQueueProducer: [SurfaceTexture-0-27344-1029](id:6ad00000049c,api:1,p:27344,c:27344) query: BufferQueue has been abandoned
12-28 00:57:30.843 27344  1139 E BufferQueueProducer: [SurfaceTexture-0-27344-1029](id:6ad00000049c,api:1,p:27344,c:27344) connect: BufferQueue has been abandoned
12-28 00:57:30.844 27344  1139 E libEGL  : eglCreateWindowSurface: native_window_api_connect (win=0x75ced83350) failed (0xffffffed) (already connected to another API?)
12-28 00:57:30.844 27344  1139 E libEGL  : eglCreateWindowSurfaceTmpl:697 error 3003 (EGL_BAD_ALLOC)
12-28 00:57:30.860 27344  1139 E BufferQueueProducer: [SurfaceTexture-0-27344-1029](id:6ad00000049c,api:1,p:27344,c:27344) query: BufferQueue has been abandoned
12-28 00:57:30.860 27344  1139 E BufferQueueProducer: [SurfaceTexture-0-27344-1029](id:6ad00000049c,api:1,p:27344,c:27344) connect: BufferQueue has been abandoned
12-28 00:57:30.860 27344  1139 E libEGL  : eglCreateWindowSurface: native_window_api_connect (win=0x75ced83350) failed (0xffffffed) (already connected to another API?)
12-28 00:57:30.861 27344  1139 E libEGL  : eglCreateWindowSurfaceTmpl:697 error 3003 (EGL_BAD_ALLOC)
12-28 00:57:30.876 27344  1139 E BufferQueueProducer: [SurfaceTexture-0-27344-1029](id:6ad00000049c,api:1,p:27344,c:27344) query: BufferQueue has been abandoned
12-28 00:57:30.876 27344  1139 E BufferQueueProducer: [SurfaceTexture-0-27344-1029](id:6ad00000049c,api:1,p:27344,c:27344) connect: BufferQueue has been abandoned
12-28 00:57:30.876 27344  1139 E libEGL  : eglCreateWindowSurface: native_window_api_connect (win=0x75ced83350) failed (0xffffffed) (already connected to another API?)
12-28 00:57:30.876 27344  1139 E libEGL  : eglCreateWindowSurfaceTmpl:697 error 3003 (EGL_BAD_ALLOC)
12-28 00:57:30.893 27344  1139 E BufferQueueProducer: [SurfaceTexture-0-27344-1029](id:6ad00000049c,api:1,p:27344,c:27344) query: BufferQueue has been abandoned
12-28 00:57:30.893 27344  1139 E BufferQueueProducer: [SurfaceTexture-0-27344-1029](id:6ad00000049c,api:1,p:27344,c:27344) connect: BufferQueue has been abandoned
12-28 00:57:30.894 27344  1139 E libEGL  : eglCreateWindowSurface: native_window_api_connect (win=0x75ced83350) failed (0xffffffed) (already connected to another API?)
12-28 00:57:30.894 27344  1139 E libEGL  : eglCreateWindowSurfaceTmpl:697 error 3003 (EGL_BAD_ALLOC)
12-28 00:57:30.910 27344  1139 E BufferQueueProducer: [SurfaceTexture-0-27344-1029](id:6ad00000049c,api:1,p:27344,c:27344) query: BufferQueue has been abandoned
12-28 00:57:30.910 27344  1139 E BufferQueueProducer: [SurfaceTexture-0-27344-1029](id:6ad00000049c,api:1,p:27344,c:27344) connect: BufferQueue has been abandoned
12-28 00:57:30.910 27344  1139 E libEGL  : eglCreateWindowSurface: native_window_api_connect (win=0x75ced83350) failed (0xffffffed) (already connected to another API?)
12-28 00:57:30.910 27344  1139 E libEGL  : eglCreateWindowSurfaceTmpl:697 error 3003 (EGL_BAD_ALLOC)
12-28 00:57:30.926 27344  1139 E BufferQueueProducer: [SurfaceTexture-0-27344-1029](id:6ad00000049c,api:1,p:27344,c:27344) query: BufferQueue has been abandoned
12-28 00:57:30.927 27344  1139 E BufferQueueProducer: [SurfaceTexture-0-27344-1029](id:6ad00000049c,api:1,p:27344,c:27344) connect: BufferQueue has been abandoned
12-28 00:57:30.928 27344  1139 E libEGL  : eglCreateWindowSurface: native_window_api_connect (win=0x75ced83350) failed (0xffffffed) (already connected to another API?)
12-28 00:57:30.928 27344  1139 E libEGL  : eglCreateWindowSurfaceTmpl:697 error 3003 (EGL_BAD_ALLOC)
12-28 00:57:30.943 27344  1139 E BufferQueueProducer: [SurfaceTexture-0-27344-1029](id:6ad00000049c,api:1,p:27344,c:27344) query: BufferQueue has been abandoned
12-28 00:57:30.944 27344  1139 E BufferQueueProducer: [SurfaceTexture-0-27344-1029](id:6ad00000049c,api:1,p:27344,c:27344) connect: BufferQueue has been abandoned
12-28 00:57:30.944 27344  1139 E libEGL  : eglCreateWindowSurface: native_window_api_connect (win=0x75ced83350) failed (0xffffffed) (already connected to another API?)
12-28 00:57:30.944 27344  1139 E libEGL  : eglCreateWindowSurfaceTmpl:697 error 3003 (EGL_BAD_ALLOC)
12-28 00:57:30.960 27344  1139 E BufferQueueProducer: [SurfaceTexture-0-27344-1029](id:6ad00000049c,api:1,p:27344,c:27344) query: BufferQueue has been abandoned
12-28 00:57:30.960 27344  1139 E BufferQueueProducer: [SurfaceTexture-0-27344-1029](id:6ad00000049c,api:1,p:27344,c:27344) connect: BufferQueue has been abandoned
12-28 00:57:30.961 27344  1139 E libEGL  : eglCreateWindowSurface: native_window_api_connect (win=0x75ced83350) failed (0xffffffed) (already connected to another API?)
12-28 00:57:30.961 27344  1139 E libEGL  : eglCreateWindowSurfaceTmpl:697 error 3003 (EGL_BAD_ALLOC)
12-28 00:57:30.976 27344  1139 E BufferQueueProducer: [SurfaceTexture-0-27344-1029](id:6ad00000049c,api:1,p:27344,c:27344) query: BufferQueue has been abandoned
12-28 00:57:30.976 27344  1139 E BufferQueueProducer: [SurfaceTexture-0-27344-1029](id:6ad00000049c,api:1,p:27344,c:27344) connect: BufferQueue has been abandoned
12-28 00:57:30.977 27344  1139 E libEGL  : eglCreateWindowSurface: native_window_api_connect (win=0x75ced83350) failed (0xffffffed) (already connected to another API?)
12-28 00:57:30.977 27344  1139 E libEGL  : eglCreateWindowSurfaceTmpl:697 error 3003 (EGL_BAD_ALLOC)
12-28 00:57:30.993 27344  1139 E BufferQueueProducer: [SurfaceTexture-0-27344-1029](id:6ad00000049c,api:1,p:27344,c:27344) query: BufferQueue has been abandoned
12-28 00:57:30.993 27344  1139 E BufferQueueProducer: [SurfaceTexture-0-27344-1029](id:6ad00000049c,api:1,p:27344,c:27344) connect: BufferQueue has been abandoned
12-28 00:57:30.993 27344  1139 E libEGL  : eglCreateWindowSurface: native_window_api_connect (win=0x75ced83350) failed (0xffffffed) (already connected to another API?)
12-28 00:57:30.993 27344  1139 E libEGL  : eglCreateWindowSurfaceTmpl:697 error 3003 (EGL_BAD_ALLOC)
12-28 00:57:31.010 27344  1139 E BufferQueueProducer: [SurfaceTexture-0-27344-1029](id:6ad00000049c,api:1,p:27344,c:27344) query: BufferQueue has been abandoned
12-28 00:57:31.010 27344  1139 E BufferQueueProducer: [SurfaceTexture-0-27344-1029](id:6ad00000049c,api:1,p:27344,c:27344) connect: BufferQueue has been abandoned
12-28 00:57:31.010 27344  1139 E libEGL  : eglCreateWindowSurface: native_window_api_connect (win=0x75ced83350) failed (0xffffffed) (already connected to another API?)
12-28 00:57:31.010 27344  1139 E libEGL  : eglCreateWindowSurfaceTmpl:697 error 3003 (EGL_BAD_ALLOC)
12-28 00:57:31.018  6431 32599 I SafeBinderCall: onPositionChange binder cost:0
12-28 00:57:31.018  6431  6431 D MiPlayDetailViewModel: onPositionChangeSelf position = 133012
12-28 00:57:31.026 27344  1139 E BufferQueueProducer: [SurfaceTexture-0-27344-1029](id:6ad00000049c,api:1,p:27344,c:27344) query: BufferQueue has been abandoned
12-28 00:57:31.027 27344  1139 E BufferQueueProducer: [SurfaceTexture-0-27344-1029](id:6ad00000049c,api:1,p:27344,c:27344) connect: BufferQueue has been abandoned
12-28 00:57:31.027 27344  1139 E libEGL  : eglCreateWindowSurface: native_window_api_connect (win=0x75ced83350) failed (0xffffffed) (already connected to another API?)
12-28 00:57:31.027 27344  1139 E libEGL  : eglCreateWindowSurfaceTmpl:697 error 3003 (EGL_BAD_ALLOC)
12-28 00:57:31.043 27344  1139 E BufferQueueProducer: [SurfaceTexture-0-27344-1029](id:6ad00000049c,api:1,p:27344,c:27344) query: BufferQueue has been abandoned
12-28 00:57:31.043 27344  1139 E BufferQueueProducer: [SurfaceTexture-0-27344-1029](id:6ad00000049c,api:1,p:27344,c:27344) connect: BufferQueue has been abandoned
12-28 00:57:31.044 27344  1139 E libEGL  : eglCreateWindowSurface: native_window_api_connect (win=0x75ced83350) failed (0xffffffed) (already connected to another API?)
12-28 00:57:31.044 27344  1139 E libEGL  : eglCreateWindowSurfaceTmpl:697 error 3003 (EGL_BAD_ALLOC)
12-28 00:57:31.060 27344  1139 E BufferQueueProducer: [SurfaceTexture-0-27344-1029](id:6ad00000049c,api:1,p:27344,c:27344) query: BufferQueue has been abandoned
12-28 00:57:31.060 27344  1139 E BufferQueueProducer: [SurfaceTexture-0-27344-1029](id:6ad00000049c,api:1,p:27344,c:27344) connect: BufferQueue has been abandoned
12-28 00:57:31.060 27344  1139 E libEGL  : eglCreateWindowSurface: native_window_api_connect (win=0x75ced83350) failed (0xffffffed) (already connected to another API?)
12-28 00:57:31.060 27344  1139 E libEGL  : eglCreateWindowSurfaceTmpl:697 error 3003 (EGL_BAD_ALLOC)
12-28 00:57:31.076 27344  1139 E BufferQueueProducer: [SurfaceTexture-0-27344-1029](id:6ad00000049c,api:1,p:27344,c:27344) query: BufferQueue has been abandoned
12-28 00:57:31.077 27344  1139 E BufferQueueProducer: [SurfaceTexture-0-27344-1029](id:6ad00000049c,api:1,p:27344,c:27344) connect: BufferQueue has been abandoned
12-28 00:57:31.077 27344  1139 E libEGL  : eglCreateWindowSurface: native_window_api_connect (win=0x75ced83350) failed (0xffffffed) (already connected to another API?)
12-28 00:57:31.077 27344  1139 E libEGL  : eglCreateWindowSurfaceTmpl:697 error 3003 (EGL_BAD_ALLOC)
12-28 00:57:31.093 27344  1139 E BufferQueueProducer: [SurfaceTexture-0-27344-1029](id:6ad00000049c,api:1,p:27344,c:27344) query: BufferQueue has been abandoned
12-28 00:57:31.093 27344  1139 E BufferQueueProducer: [SurfaceTexture-0-27344-1029](id:6ad00000049c,api:1,p:27344,c:27344) connect: BufferQueue has been abandoned
12-28 00:57:31.093 27344  1139 E libEGL  : eglCreateWindowSurface: native_window_api_connect (win=0x75ced83350) failed (0xffffffed) (already connected to another API?)
12-28 00:57:31.093 27344  1139 E libEGL  : eglCreateWindowSurfaceTmpl:697 error 3003 (EGL_BAD_ALLOC)
12-28 00:57:31.110 27344  1139 E BufferQueueProducer: [SurfaceTexture-0-27344-1029](id:6ad00000049c,api:1,p:27344,c:27344) query: BufferQueue has been abandoned
12-28 00:57:31.111 27344  1139 E BufferQueueProducer: [SurfaceTexture-0-27344-1029](id:6ad00000049c,api:1,p:27344,c:27344) connect: BufferQueue has been abandoned
12-28 00:57:31.111 27344  1139 E libEGL  : eglCreateWindowSurface: native_window_api_connect (win=0x75ced83350) failed (0xffffffed) (already connected to another API?)
12-28 00:57:31.111 27344  1139 E libEGL  : eglCreateWindowSurfaceTmpl:697 error 3003 (EGL_BAD_ALLOC)
12-28 00:57:31.126 27344  1139 E BufferQueueProducer: [SurfaceTexture-0-27344-1029](id:6ad00000049c,api:1,p:27344,c:27344) query: BufferQueue has been abandoned
12-28 00:57:31.127 27344  1139 E BufferQueueProducer: [SurfaceTexture-0-27344-1029](id:6ad00000049c,api:1,p:27344,c:27344) connect: BufferQueue has been abandoned
12-28 00:57:31.127 27344  1139 E libEGL  : eglCreateWindowSurface: native_window_api_connect (win=0x75ced83350) failed (0xffffffed) (already connected to another API?)
12-28 00:57:31.127 27344  1139 E libEGL  : eglCreateWindowSurfaceTmpl:697 error 3003 (EGL_BAD_ALLOC)
12-28 00:57:31.143 27344  1139 E BufferQueueProducer: [SurfaceTexture-0-27344-1029](id:6ad00000049c,api:1,p:27344,c:27344) query: BufferQueue has been abandoned
12-28 00:57:31.143 27344  1139 E BufferQueueProducer: [SurfaceTexture-0-27344-1029](id:6ad00000049c,api:1,p:27344,c:27344) connect: BufferQueue has been abandoned
12-28 00:57:31.144 27344  1139 E libEGL  : eglCreateWindowSurface: native_window_api_connect (win=0x75ced83350) failed (0xffffffed) (already connected to another API?)
12-28 00:57:31.144 27344  1139 E libEGL  : eglCreateWindowSurfaceTmpl:697 error 3003 (EGL_BAD_ALLOC)
12-28 00:57:31.157 23476 23520 E AuthPII : [RequestTokenManager] getToken() -> NETWORK_ERROR. App: com.android.vending, Service: oauth2:https://www.googleapis.com/auth/experimentsandconfigs
12-28 00:57:31.157 23476 23520 E AuthPII : bbyb: Error when calling server using GmsNetworkStack.
12-28 00:57:31.157 23476 23520 E AuthPII : 	at aehg.b(:com.google.android.gms@254730035@25.47.30 (260400-833691957):1595)
12-28 00:57:31.157 23476 23520 E AuthPII : 	at aehe.a(:com.google.android.gms@254730035@25.47.30 (260400-833691957):729)
12-28 00:57:31.157 23476 23520 E AuthPII : 	at aehd.b(:com.google.android.gms@254730035@25.47.30 (260400-833691957):144)
12-28 00:57:31.157 23476 23520 E AuthPII : 	at xwd.d(:com.google.android.gms@254730035@25.47.30 (260400-833691957):662)
12-28 00:57:31.157 23476 23520 E AuthPII : 	at aeap.getAuthToken(:com.google.android.gms@254730035@25.47.30 (260400-833691957):412)
12-28 00:57:31.157 23476 23520 E AuthPII : 	at android.accounts.AbstractAccountAuthenticator$Transport.getAuthToken(AbstractAccountAuthenticator.java:248)
12-28 00:57:31.157 23476 23520 E AuthPII : 	at android.accounts.IAccountAuthenticator$Stub.onTransact(IAccountAuthenticator.java:250)
12-28 00:57:31.157 23476 23520 E AuthPII : 	at android.os.Binder.transact(Binder.java:1352)
12-28 00:57:31.157 23476 23520 E AuthPII : 	at cfri.onTransact(:com.google.android.gms@254730035@25.47.30 (260400-833691957):10)
12-28 00:57:31.157 23476 23520 E AuthPII : 	at android.os.Binder.transact(Binder.java:1352)
12-28 00:57:31.157 23476 23520 E AuthPII : 	at btym.onTransact(:com.google.android.gms@254730035@25.47.30 (260400-833691957):161)
12-28 00:57:31.157 23476 23520 E AuthPII : 	at android.os.Binder.execTransactInternal(Binder.java:1512)
12-28 00:57:31.157 23476 23520 E AuthPII : 	at android.os.Binder.execTransact(Binder.java:1451)
12-28 00:57:31.157 23476 23520 E AuthPII : Caused by: bbyb: Error requesting token.
12-28 00:57:31.157 23476 23520 E AuthPII : 	at aehg.d(:com.google.android.gms@254730035@25.47.30 (260400-833691957):212)
12-28 00:57:31.157 23476 23520 E AuthPII : 	at aehg.b(:com.google.android.gms@254730035@25.47.30 (260400-833691957):48)
12-28 00:57:31.157 23476 23520 E AuthPII : 	... 12 more
12-28 00:57:31.157 23476 23520 E AuthPII : Caused by: java.util.concurrent.TimeoutException: Waited 30 seconds (plus 144156 nanoseconds delay) for gsdq@9df73b1[status=PENDING, info=[inputFuture=[gsdq@54a6096[status=PENDING, info=[inputFuture=[kim@41d0417[status=PENDING, info=[tag=[GmsUrlRequestImpl.startWithFuture()]]]], function=[admj@863f004]]]], function=[aehf@cc699ed]]]
12-28 00:57:31.157 23476 23520 E AuthPII : 	at gsdn.v(:com.google.android.gms@254730035@25.47.30 (260400-833691957):371)
12-28 00:57:31.157 23476 23520 E AuthPII : 	at aehg.d(:com.google.android.gms@254730035@25.47.30 (260400-833691957):197)
12-28 00:57:31.157 23476 23520 E AuthPII : 	... 13 more
12-28 00:57:31.157 23476 23520 E AuthPII : Message is Error when calling server using GmsNetworkStack.
12-28 00:57:31.157 23476 23520 E AuthPII : bbyb: Error when calling server using GmsNetworkStack.
12-28 00:57:31.157 23476 23520 E AuthPII : 	at aehg.b(:com.google.android.gms@254730035@25.47.30 (260400-833691957):1595)
12-28 00:57:31.157 23476 23520 E AuthPII : 	at aehe.a(:com.google.android.gms@254730035@25.47.30 (260400-833691957):729)
12-28 00:57:31.157 23476 23520 E AuthPII : 	at aehd.b(:com.google.android.gms@254730035@25.47.30 (260400-833691957):144)
12-28 00:57:31.157 23476 23520 E AuthPII : 	at xwd.d(:com.google.android.gms@254730035@25.47.30 (260400-833691957):662)
12-28 00:57:31.157 23476 23520 E AuthPII : 	at aeap.getAuthToken(:com.google.android.gms@254730035@25.47.30 (260400-833691957):412)
12-28 00:57:31.157 23476 23520 E AuthPII : 	at android.accounts.AbstractAccountAuthenticator$Transport.getAuthToken(AbstractAccountAuthenticator.java:248)
12-28 00:57:31.157 23476 23520 E AuthPII : 	at android.accounts.IAccountAuthenticator$Stub.onTransact(IAccountAuthenticator.java:250)
12-28 00:57:31.157 23476 23520 E AuthPII : 	at android.os.Binder.transact(Binder.java:1352)
12-28 00:57:31.157 23476 23520 E AuthPII : 	at cfri.onTransact(:com.google.android.gms@254730035@25.47.30 (260400-833691957):10)
12-28 00:57:31.157 23476 23520 E AuthPII : 	at android.os.Binder.transact(Binder.java:1352)
12-28 00:57:31.157 23476 23520 E AuthPII : 	at btym.onTransact(:com.google.android.gms@254730035@25.47.30 (260400-833691957):161)
12-28 00:57:31.157 23476 23520 E AuthPII : 	at android.os.Binder.execTransactInternal(Binder.java:1512)
12-28 00:57:31.157 23476 23520 E AuthPII : 	at android.os.Binder.execTransact(Binder.java:1451)
12-28 00:57:31.157 23476 23520 E AuthPII : Caused by: bbyb: Error requesting token.
12-28 00:57:31.157 23476 23520 E AuthPII : 	at aehg.d(:com.google.android.gms@254730035@25.47.30 (260400-833691957):212)
12-28 00:57:31.157 23476 23520 E AuthPII : 	at aehg.b(:com.google.android.gms@254730035@25.47.30 (260400-833691957):48)
12-28 00:57:31.157 23476 23520 E AuthPII : 	... 12 more
12-28 00:57:31.157 23476 23520 E AuthPII : Caused by: java.util.concurrent.TimeoutException: Waited 30 seconds (plus 144156 nanoseconds delay) for gsdq@9df73b1[status=PENDING, info=[inputFuture=[gsdq@54a6096[status=PENDING, info=[inputFuture=[kim@41d0417[status=PENDING, info=[tag=[GmsUrlRequestImpl.startWithFuture()]]]], function=[admj@863f004]]]], function=[aehf@cc699ed]]]
12-28 00:57:31.157 23476 23520 E AuthPII : 	at gsdn.v(:com.google.android.gms@254730035@25.47.30 (260400-833691957):371)
12-28 00:57:31.157 23476 23520 E AuthPII : 	at aehg.d(:com.google.android.gms@254730035@25.47.30 (260400-833691957):197)
12-28 00:57:31.157 23476 23520 E AuthPII : 	... 13 more
12-28 00:57:31.157 23476 23520 I Auth    : (REDACTED) [GetToken] GetToken failed for app=%s with non recoverable status code: %s 
12-28 00:57:31.157 23476 23520 W Auth    : [ChimeraGetToken] exception while trying to fetch auth tokens for app=com.google.android.gms, scope=oauth2:https://www.googleapis.com/auth/experimentsandconfigs [CONTEXT service_id=153 ]
12-28 00:57:31.157 23476 23520 W Auth    : aegy: GetToken failed with status code: NetworkError
12-28 00:57:31.157 23476 23520 W Auth    : 	at aehd.b(:com.google.android.gms@254730035@25.47.30 (260400-833691957):349)
12-28 00:57:31.157 23476 23520 W Auth    : 	at xwd.d(:com.google.android.gms@254730035@25.47.30 (260400-833691957):662)
12-28 00:57:31.157 23476 23520 W Auth    : 	at aeap.getAuthToken(:com.google.android.gms@254730035@25.47.30 (260400-833691957):412)
12-28 00:57:31.157 23476 23520 W Auth    : 	at android.accounts.AbstractAccountAuthenticator$Transport.getAuthToken(AbstractAccountAuthenticator.java:248)
12-28 00:57:31.157 23476 23520 W Auth    : 	at android.accounts.IAccountAuthenticator$Stub.onTransact(IAccountAuthenticator.java:250)
12-28 00:57:31.157 23476 23520 W Auth    : 	at android.os.Binder.transact(Binder.java:1352)
12-28 00:57:31.157 23476 23520 W Auth    : 	at cfri.onTransact(:com.google.android.gms@254730035@25.47.30 (260400-833691957):10)
12-28 00:57:31.157 23476 23520 W Auth    : 	at android.os.Binder.transact(Binder.java:1352)
12-28 00:57:31.157 23476 23520 W Auth    : 	at btym.onTransact(:com.google.android.gms@254730035@25.47.30 (260400-833691957):161)
12-28 00:57:31.157 23476 23520 W Auth    : 	at android.os.Binder.execTransactInternal(Binder.java:1512)
12-28 00:57:31.157 23476 23520 W Auth    : 	at android.os.Binder.execTransact(Binder.java:1451)
12-28 00:57:31.157 23476 23520 W GLSActivity: [GmsAccountAuthenticatorImpl] error status while fetching token:NetworkError
12-28 00:57:31.158 23476 23520 W .gms.persistent: PerfMonitor async binderTransact :  time=30024ms interface=android.accounts.IAccountAuthenticator code=3
12-28 00:57:31.160 27344  1139 E BufferQueueProducer: [SurfaceTexture-0-27344-1029](id:6ad00000049c,api:1,p:27344,c:27344) query: BufferQueue has been abandoned
12-28 00:57:31.160 27344  1139 E BufferQueueProducer: [SurfaceTexture-0-27344-1029](id:6ad00000049c,api:1,p:27344,c:27344) connect: BufferQueue has been abandoned
12-28 00:57:31.160 27344  1139 E libEGL  : eglCreateWindowSurface: native_window_api_connect (win=0x75ced83350) failed (0xffffffed) (already connected to another API?)
12-28 00:57:31.160 27344  1139 E libEGL  : eglCreateWindowSurfaceTmpl:697 error 3003 (EGL_BAD_ALLOC)
12-28 00:57:31.166 27265  4806 E Finsky  : [261] rsl.a(69): Failed to get auth token
12-28 00:57:31.166 27265  4806 E Finsky  : com.android.volley.AuthFailureError: Error while retrieving auth token
12-28 00:57:31.166 27265  4806 E Finsky  : 	at jhu.a(PG:86)
12-28 00:57:31.166 27265  4806 E Finsky  : 	at rsl.a(PG:54)
12-28 00:57:31.166 27265  4806 E Finsky  : 	at aqlq.d(PG:7)
12-28 00:57:31.166 27265  4806 E Finsky  : 	at anpq.r(PG:7)
12-28 00:57:31.166 27265  4806 E Finsky  : 	at anpq.n(PG:20)
12-28 00:57:31.166 27265  4806 E Finsky  : 	at aqlh.call(PG:408)
12-28 00:57:31.166 27265  4806 E Finsky  : 	at aukd.a(PG:3)
12-28 00:57:31.166 27265  4806 E Finsky  : 	at auji.run(PG:21)
12-28 00:57:31.166 27265  4806 E Finsky  : 	at auke.run(PG:5)
12-28 00:57:31.166 27265  4806 E Finsky  : 	at java.util.concurrent.ThreadPoolExecutor.runWorker(ThreadPoolExecutor.java:1251)
12-28 00:57:31.166 27265  4806 E Finsky  : 	at java.util.concurrent.ThreadPoolExecutor$Worker.run(ThreadPoolExecutor.java:668)
12-28 00:57:31.166 27265  4806 E Finsky  : 	at aves.run(PG:74)
12-28 00:57:31.166 27265  4806 E Finsky  : 	at java.lang.Thread.run(Thread.java:1012)
12-28 00:57:31.166 27265  4806 E Finsky  : Caused by: java.io.IOException: NetworkError
12-28 00:57:31.166 27265  4806 E Finsky  : 	at android.accounts.AccountManager.convertErrorToException(AccountManager.java:2643)
12-28 00:57:31.166 27265  4806 E Finsky  : 	at android.accounts.AccountManager.-$$Nest$mconvertErrorToException(Unknown Source:0)
12-28 00:57:31.166 27265  4806 E Finsky  : 	at android.accounts.AccountManager$AmsTask$Response.onError(AccountManager.java:2494)
12-28 00:57:31.166 27265  4806 E Finsky  : 	at android.accounts.IAccountManagerResponse$Stub.onTransact(IAccountManagerResponse.java:105)
12-28 00:57:31.166 27265  4806 E Finsky  : 	at android.os.Binder.execTransactInternal(Binder.java:1512)
12-28 00:57:31.166 27265  4806 E Finsky  : 	at android.os.Binder.execTransact(Binder.java:1451)
12-28 00:57:31.176 27344  1139 E BufferQueueProducer: [SurfaceTexture-0-27344-1029](id:6ad00000049c,api:1,p:27344,c:27344) query: BufferQueue has been abandoned
12-28 00:57:31.176 27344  1139 E BufferQueueProducer: [SurfaceTexture-0-27344-1029](id:6ad00000049c,api:1,p:27344,c:27344) connect: BufferQueue has been abandoned
12-28 00:57:31.176 27344  1139 E libEGL  : eglCreateWindowSurface: native_window_api_connect (win=0x75ced83350) failed (0xffffffed) (already connected to another API?)
12-28 00:57:31.176 27344  1139 E libEGL  : eglCreateWindowSurfaceTmpl:697 error 3003 (EGL_BAD_ALLOC)
12-28 00:57:31.193 27344  1139 E BufferQueueProducer: [SurfaceTexture-0-27344-1029](id:6ad00000049c,api:1,p:27344,c:27344) query: BufferQueue has been abandoned
12-28 00:57:31.193 27344  1139 E BufferQueueProducer: [SurfaceTexture-0-27344-1029](id:6ad00000049c,api:1,p:27344,c:27344) connect: BufferQueue has been abandoned
12-28 00:57:31.194 27344  1139 E libEGL  : eglCreateWindowSurface: native_window_api_connect (win=0x75ced83350) failed (0xffffffed) (already connected to another API?)
12-28 00:57:31.194 27344  1139 E libEGL  : eglCreateWindowSurfaceTmpl:697 error 3003 (EGL_BAD_ALLOC)
12-28 00:57:31.210 27344  1139 E BufferQueueProducer: [SurfaceTexture-0-27344-1029](id:6ad00000049c,api:1,p:27344,c:27344) query: BufferQueue has been abandoned
12-28 00:57:31.210 27344  1139 E BufferQueueProducer: [SurfaceTexture-0-27344-1029](id:6ad00000049c,api:1,p:27344,c:27344) connect: BufferQueue has been abandoned
12-28 00:57:31.210 27344  1139 E libEGL  : eglCreateWindowSurface: native_window_api_connect (win=0x75ced83350) failed (0xffffffed) (already connected to another API?)
12-28 00:57:31.210 27344  1139 E libEGL  : eglCreateWindowSurfaceTmpl:697 error 3003 (EGL_BAD_ALLOC)
12-28 00:57:31.220  2896  3125 W PackageManager: Not removing package com.google.android.trichromelibrary hosting lib com.google.android.trichromelibrary version 749903433 used by [VersionedPackage[com.google.android.webview/749903433]] for user 0
12-28 00:57:31.226 27344  1139 E BufferQueueProducer: [SurfaceTexture-0-27344-1029](id:6ad00000049c,api:1,p:27344,c:27344) query: BufferQueue has been abandoned
12-28 00:57:31.227 27344  1139 E BufferQueueProducer: [SurfaceTexture-0-27344-1029](id:6ad00000049c,api:1,p:27344,c:27344) connect: BufferQueue has been abandoned
12-28 00:57:31.227 27344  1139 E libEGL  : eglCreateWindowSurface: native_window_api_connect (win=0x75ced83350) failed (0xffffffed) (already connected to another API?)
12-28 00:57:31.227 27344  1139 E libEGL  : eglCreateWindowSurfaceTmpl:697 error 3003 (EGL_BAD_ALLOC)
12-28 00:57:31.243 27344  1139 E BufferQueueProducer: [SurfaceTexture-0-27344-1029](id:6ad00000049c,api:1,p:27344,c:27344) query: BufferQueue has been abandoned
12-28 00:57:31.244 27344  1139 E BufferQueueProducer: [SurfaceTexture-0-27344-1029](id:6ad00000049c,api:1,p:27344,c:27344) connect: BufferQueue has been abandoned
12-28 00:57:31.244 27344  1139 E libEGL  : eglCreateWindowSurface: native_window_api_connect (win=0x75ced83350) failed (0xffffffed) (already connected to another API?)
12-28 00:57:31.244 27344  1139 E libEGL  : eglCreateWindowSurfaceTmpl:697 error 3003 (EGL_BAD_ALLOC)
12-28 00:57:31.248 23476 23480 I .gms.persistent: This is sticky GC, maxfree is 33554432 minfree is 8388608
12-28 00:57:31.250 23476 23483 D JavaheapMonitor: Java heap used=22M max=256M, proc: com.google.android.gms.persistent
12-28 00:57:31.250 23476 23483 V JavaheapMonitor: Check java heap usage finished! Next check delay: 0
12-28 00:57:31.260 27344  1139 E BufferQueueProducer: [SurfaceTexture-0-27344-1029](id:6ad00000049c,api:1,p:27344,c:27344) query: BufferQueue has been abandoned
12-28 00:57:31.260 27344  1139 E BufferQueueProducer: [SurfaceTexture-0-27344-1029](id:6ad00000049c,api:1,p:27344,c:27344) connect: BufferQueue has been abandoned
12-28 00:57:31.260 27344  1139 E libEGL  : eglCreateWindowSurface: native_window_api_connect (win=0x75ced83350) failed (0xffffffed) (already connected to another API?)
12-28 00:57:31.260 27344  1139 E libEGL  : eglCreateWindowSurfaceTmpl:697 error 3003 (EGL_BAD_ALLOC)
12-28 00:57:31.263  1460  1460 E KeymasterUtils: rsp_header->status: -28
12-28 00:57:31.263  1460  1460 E KeyMasterHalDevice: abort_operation
12-28 00:57:31.263  1460  1460 E KeyMasterHalDevice: ret: -28
12-28 00:57:31.275 27265 13133 D TrafficStats: tagSocket(4) with statsTag=0xffffffff, statsUid=-1
12-28 00:57:31.276 27344  1139 E BufferQueueProducer: [SurfaceTexture-0-27344-1029](id:6ad00000049c,api:1,p:27344,c:27344) query: BufferQueue has been abandoned
12-28 00:57:31.276 27344  1139 E BufferQueueProducer: [SurfaceTexture-0-27344-1029](id:6ad00000049c,api:1,p:27344,c:27344) connect: BufferQueue has been abandoned
12-28 00:57:31.277 27344  1139 E libEGL  : eglCreateWindowSurface: native_window_api_connect (win=0x75ced83350) failed (0xffffffed) (already connected to another API?)
12-28 00:57:31.277 27344  1139 E libEGL  : eglCreateWindowSurfaceTmpl:697 error 3003 (EGL_BAD_ALLOC)
12-28 00:57:31.293 27344  1139 E BufferQueueProducer: [SurfaceTexture-0-27344-1029](id:6ad00000049c,api:1,p:27344,c:27344) query: BufferQueue has been abandoned
12-28 00:57:31.293 27344  1139 E BufferQueueProducer: [SurfaceTexture-0-27344-1029](id:6ad00000049c,api:1,p:27344,c:27344) connect: BufferQueue has been abandoned
12-28 00:57:31.293 27344  1139 E libEGL  : eglCreateWindowSurface: native_window_api_connect (win=0x75ced83350) failed (0xffffffed) (already connected to another API?)
12-28 00:57:31.293 27344  1139 E libEGL  : eglCreateWindowSurfaceTmpl:697 error 3003 (EGL_BAD_ALLOC)
12-28 00:57:31.310 27344  1139 E BufferQueueProducer: [SurfaceTexture-0-27344-1029](id:6ad00000049c,api:1,p:27344,c:27344) query: BufferQueue has been abandoned
12-28 00:57:31.310 27344  1139 E BufferQueueProducer: [SurfaceTexture-0-27344-1029](id:6ad00000049c,api:1,p:27344,c:27344) connect: BufferQueue has been abandoned
12-28 00:57:31.310 27344  1139 E libEGL  : eglCreateWindowSurface: native_window_api_connect (win=0x75ced83350) failed (0xffffffed) (already connected to another API?)
12-28 00:57:31.311 27344  1139 E libEGL  : eglCreateWindowSurfaceTmpl:697 error 3003 (EGL_BAD_ALLOC)
12-28 00:57:31.326 27344  1139 E BufferQueueProducer: [SurfaceTexture-0-27344-1029](id:6ad00000049c,api:1,p:27344,c:27344) query: BufferQueue has been abandoned
12-28 00:57:31.327 27344  1139 E BufferQueueProducer: [SurfaceTexture-0-27344-1029](id:6ad00000049c,api:1,p:27344,c:27344) connect: BufferQueue has been abandoned
12-28 00:57:31.327 27344  1139 E libEGL  : eglCreateWindowSurface: native_window_api_connect (win=0x75ced83350) failed (0xffffffed) (already connected to another API?)
12-28 00:57:31.327 27344  1139 E libEGL  : eglCreateWindowSurfaceTmpl:697 error 3003 (EGL_BAD_ALLOC)
12-28 00:57:31.343 27344  1139 E BufferQueueProducer: [SurfaceTexture-0-27344-1029](id:6ad00000049c,api:1,p:27344,c:27344) query: BufferQueue has been abandoned
12-28 00:57:31.343 27344  1139 E BufferQueueProducer: [SurfaceTexture-0-27344-1029](id:6ad00000049c,api:1,p:27344,c:27344) connect: BufferQueue has been abandoned
12-28 00:57:31.344 27344  1139 E libEGL  : eglCreateWindowSurface: native_window_api_connect (win=0x75ced83350) failed (0xffffffed) (already connected to another API?)
12-28 00:57:31.344 27344  1139 E libEGL  : eglCreateWindowSurfaceTmpl:697 error 3003 (EGL_BAD_ALLOC)
12-28 00:57:31.351 32689 22625 D TrafficStats: tagSocket(143) with statsTag=0x8003, statsUid=-1
12-28 00:57:31.360 27344  1139 E BufferQueueProducer: [SurfaceTexture-0-27344-1029](id:6ad00000049c,api:1,p:27344,c:27344) query: BufferQueue has been abandoned
12-28 00:57:31.360 27344  1139 E BufferQueueProducer: [SurfaceTexture-0-27344-1029](id:6ad00000049c,api:1,p:27344,c:27344) connect: BufferQueue has been abandoned
12-28 00:57:31.360 27344  1139 E libEGL  : eglCreateWindowSurface: native_window_api_connect (win=0x75ced83350) failed (0xffffffed) (already connected to another API?)
12-28 00:57:31.361 27344  1139 E libEGL  : eglCreateWindowSurfaceTmpl:697 error 3003 (EGL_BAD_ALLOC)
12-28 00:57:31.376 27344  1139 E BufferQueueProducer: [SurfaceTexture-0-27344-1029](id:6ad00000049c,api:1,p:27344,c:27344) query: BufferQueue has been abandoned
12-28 00:57:31.377 27344  1139 E BufferQueueProducer: [SurfaceTexture-0-27344-1029](id:6ad00000049c,api:1,p:27344,c:27344) connect: BufferQueue has been abandoned
12-28 00:57:31.377 27344  1139 E libEGL  : eglCreateWindowSurface: native_window_api_connect (win=0x75ced83350) failed (0xffffffed) (already connected to another API?)
12-28 00:57:31.377 27344  1139 E libEGL  : eglCreateWindowSurfaceTmpl:697 error 3003 (EGL_BAD_ALLOC)
12-28 00:57:31.393 27344  1139 E BufferQueueProducer: [SurfaceTexture-0-27344-1029](id:6ad00000049c,api:1,p:27344,c:27344) query: BufferQueue has been abandoned
12-28 00:57:31.393 27344  1139 E BufferQueueProducer: [SurfaceTexture-0-27344-1029](id:6ad00000049c,api:1,p:27344,c:27344) connect: BufferQueue has been abandoned
12-28 00:57:31.394 27344  1139 E libEGL  : eglCreateWindowSurface: native_window_api_connect (win=0x75ced83350) failed (0xffffffed) (already connected to another API?)
12-28 00:57:31.394 27344  1139 E libEGL  : eglCreateWindowSurfaceTmpl:697 error 3003 (EGL_BAD_ALLOC)
12-28 00:57:31.410 27344  1139 E BufferQueueProducer: [SurfaceTexture-0-27344-1029](id:6ad00000049c,api:1,p:27344,c:27344) query: BufferQueue has been abandoned
12-28 00:57:31.411 27344  1139 E BufferQueueProducer: [SurfaceTexture-0-27344-1029](id:6ad00000049c,api:1,p:27344,c:27344) connect: BufferQueue has been abandoned
12-28 00:57:31.411 27344  1139 E libEGL  : eglCreateWindowSurface: native_window_api_connect (win=0x75ced83350) failed (0xffffffed) (already connected to another API?)
12-28 00:57:31.411 27344  1139 E libEGL  : eglCreateWindowSurfaceTmpl:697 error 3003 (EGL_BAD_ALLOC)
12-28 00:57:31.426 27344  1139 E BufferQueueProducer: [SurfaceTexture-0-27344-1029](id:6ad00000049c,api:1,p:27344,c:27344) query: BufferQueue has been abandoned
12-28 00:57:31.427 27344  1139 E BufferQueueProducer: [SurfaceTexture-0-27344-1029](id:6ad00000049c,api:1,p:27344,c:27344) connect: BufferQueue has been abandoned
12-28 00:57:31.427 27344  1139 E libEGL  : eglCreateWindowSurface: native_window_api_connect (win=0x75ced83350) failed (0xffffffed) (already connected to another API?)
12-28 00:57:31.427 27344  1139 E libEGL  : eglCreateWindowSurfaceTmpl:697 error 3003 (EGL_BAD_ALLOC)
12-28 00:57:31.436  2896  5167 D MiuiNetworkPolicy: updateLimit mLimitEnabled=true,enabled=false,mNetworkPriorityMode=1,mThermalForceMode=0
12-28 00:57:31.439  2896  5167 I MiuiNetworkPolicy: getDisableLimitTimeout when thermal mode is:0
12-28 00:57:31.443 27344  1139 E BufferQueueProducer: [SurfaceTexture-0-27344-1029](id:6ad00000049c,api:1,p:27344,c:27344) query: BufferQueue has been abandoned
12-28 00:57:31.443 27344  1139 E BufferQueueProducer: [SurfaceTexture-0-27344-1029](id:6ad00000049c,api:1,p:27344,c:27344) connect: BufferQueue has been abandoned
12-28 00:57:31.444 27344  1139 E libEGL  : eglCreateWindowSurface: native_window_api_connect (win=0x75ced83350) failed (0xffffffed) (already connected to another API?)
12-28 00:57:31.444 27344  1139 E libEGL  : eglCreateWindowSurfaceTmpl:697 error 3003 (EGL_BAD_ALLOC)
12-28 00:57:31.460 27344  1139 E BufferQueueProducer: [SurfaceTexture-0-27344-1029](id:6ad00000049c,api:1,p:27344,c:27344) query: BufferQueue has been abandoned
12-28 00:57:31.461 27344  1139 E BufferQueueProducer: [SurfaceTexture-0-27344-1029](id:6ad00000049c,api:1,p:27344,c:27344) connect: BufferQueue has been abandoned
12-28 00:57:31.461 27344  1139 E libEGL  : eglCreateWindowSurface: native_window_api_connect (win=0x75ced83350) failed (0xffffffed) (already connected to another API?)
12-28 00:57:31.461 27344  1139 E libEGL  : eglCreateWindowSurfaceTmpl:697 error 3003 (EGL_BAD_ALLOC)
12-28 00:57:31.476 27344  1139 E BufferQueueProducer: [SurfaceTexture-0-27344-1029](id:6ad00000049c,api:1,p:27344,c:27344) query: BufferQueue has been abandoned
12-28 00:57:31.477 27344  1139 E BufferQueueProducer: [SurfaceTexture-0-27344-1029](id:6ad00000049c,api:1,p:27344,c:27344) connect: BufferQueue has been abandoned
12-28 00:57:31.477 27344  1139 E libEGL  : eglCreateWindowSurface: native_window_api_connect (win=0x75ced83350) failed (0xffffffed) (already connected to another API?)
12-28 00:57:31.477 27344  1139 E libEGL  : eglCreateWindowSurfaceTmpl:697 error 3003 (EGL_BAD_ALLOC)
12-28 00:57:31.492  7086  7086 I adbd    : in ShellService: export ANDROID_LOG_TAGS=''; exec logcat
12-28 00:57:31.493 27344  1139 E BufferQueueProducer: [SurfaceTexture-0-27344-1029](id:6ad00000049c,api:1,p:27344,c:27344) query: BufferQueue has been abandoned
12-28 00:57:31.493 27344  1139 E BufferQueueProducer: [SurfaceTexture-0-27344-1029](id:6ad00000049c,api:1,p:27344,c:27344) connect: BufferQueue has been abandoned
12-28 00:57:31.493 27344  1139 E libEGL  : eglCreateWindowSurface: native_window_api_connect (win=0x75ced83350) failed (0xffffffed) (already connected to another API?)
12-28 00:57:31.493 27344  1139 E libEGL  : eglCreateWindowSurfaceTmpl:697 error 3003 (EGL_BAD_ALLOC)
12-28 00:57:31.510 27344  1139 E BufferQueueProducer: [SurfaceTexture-0-27344-1029](id:6ad00000049c,api:1,p:27344,c:27344) query: BufferQueue has been abandoned
12-28 00:57:31.510 27344  1139 E BufferQueueProducer: [SurfaceTexture-0-27344-1029](id:6ad00000049c,api:1,p:27344,c:27344) connect: BufferQueue has been abandoned
12-28 00:57:31.510 27344  1139 E libEGL  : eglCreateWindowSurface: native_window_api_connect (win=0x75ced83350) failed (0xffffffed) (already connected to another API?)
12-28 00:57:31.510 27344  1139 E libEGL  : eglCreateWindowSurfaceTmpl:697 error 3003 (EGL_BAD_ALLOC)
12-28 00:57:31.526 27344  1139 E BufferQueueProducer: [SurfaceTexture-0-27344-1029](id:6ad00000049c,api:1,p:27344,c:27344) query: BufferQueue has been abandoned
12-28 00:57:31.527 27344  1139 E BufferQueueProducer: [SurfaceTexture-0-27344-1029](id:6ad00000049c,api:1,p:27344,c:27344) connect: BufferQueue has been abandoned
12-28 00:57:31.527 27344  1139 E libEGL  : eglCreateWindowSurface: native_window_api_connect (win=0x75ced83350) failed (0xffffffed) (already connected to another API?)
12-28 00:57:31.527 27344  1139 E libEGL  : eglCreateWindowSurfaceTmpl:697 error 3003 (EGL_BAD_ALLOC)
12-28 00:57:31.543 27344  1139 E BufferQueueProducer: [SurfaceTexture-0-27344-1029](id:6ad00000049c,api:1,p:27344,c:27344) query: BufferQueue has been abandoned
12-28 00:57:31.544 27344  1139 E BufferQueueProducer: [SurfaceTexture-0-27344-1029](id:6ad00000049c,api:1,p:27344,c:27344) connect: BufferQueue has been abandoned
12-28 00:57:31.544 27344  1139 E libEGL  : eglCreateWindowSurface: native_window_api_connect (win=0x75ced83350) failed (0xffffffed) (already connected to another API?)
12-28 00:57:31.544 27344  1139 E libEGL  : eglCreateWindowSurfaceTmpl:697 error 3003 (EGL_BAD_ALLOC)
12-28 00:57:31.560 27344  1139 E BufferQueueProducer: [SurfaceTexture-0-27344-1029](id:6ad00000049c,api:1,p:27344,c:27344) query: BufferQueue has been abandoned
12-28 00:57:31.560 27344  1139 E BufferQueueProducer: [SurfaceTexture-0-27344-1029](id:6ad00000049c,api:1,p:27344,c:27344) connect: BufferQueue has been abandoned
12-28 00:57:31.560 27344  1139 E libEGL  : eglCreateWindowSurface: native_window_api_connect (win=0x75ced83350) failed (0xffffffed) (already connected to another API?)
12-28 00:57:31.560 27344  1139 E libEGL  : eglCreateWindowSurfaceTmpl:697 error 3003 (EGL_BAD_ALLOC)
12-28 00:57:31.576 27344  1139 E BufferQueueProducer: [SurfaceTexture-0-27344-1029](id:6ad00000049c,api:1,p:27344,c:27344) query: BufferQueue has been abandoned
12-28 00:57:31.576 27344  1139 E BufferQueueProducer: [SurfaceTexture-0-27344-1029](id:6ad00000049c,api:1,p:27344,c:27344) connect: BufferQueue has been abandoned
12-28 00:57:31.577 27344  1139 E libEGL  : eglCreateWindowSurface: native_window_api_connect (win=0x75ced83350) failed (0xffffffed) (already connected to another API?)
12-28 00:57:31.577 27344  1139 E libEGL  : eglCreateWindowSurfaceTmpl:697 error 3003 (EGL_BAD_ALLOC)
12-28 00:57:31.593 27344  1139 E BufferQueueProducer: [SurfaceTexture-0-27344-1029](id:6ad00000049c,api:1,p:27344,c:27344) query: BufferQueue has been abandoned
12-28 00:57:31.593 27344  1139 E BufferQueueProducer: [SurfaceTexture-0-27344-1029](id:6ad00000049c,api:1,p:27344,c:27344) connect: BufferQueue has been abandoned
12-28 00:57:31.594 27344  1139 E libEGL  : eglCreateWindowSurface: native_window_api_connect (win=0x75ced83350) failed (0xffffffed) (already connected to another API?)
12-28 00:57:31.594 27344  1139 E libEGL  : eglCreateWindowSurfaceTmpl:697 error 3003 (EGL_BAD_ALLOC)
12-28 00:57:31.610 27344  1139 E BufferQueueProducer: [SurfaceTexture-0-27344-1029](id:6ad00000049c,api:1,p:27344,c:27344) query: BufferQueue has been abandoned
12-28 00:57:31.610 27344  1139 E BufferQueueProducer: [SurfaceTexture-0-27344-1029](id:6ad00000049c,api:1,p:27344,c:27344) connect: BufferQueue has been abandoned
12-28 00:57:31.610 27344  1139 E libEGL  : eglCreateWindowSurface: native_window_api_connect (win=0x75ced83350) failed (0xffffffed) (already connected to another API?)
12-28 00:57:31.610 27344  1139 E libEGL  : eglCreateWindowSurfaceTmpl:697 error 3003 (EGL_BAD_ALLOC)
12-28 00:57:31.626 27344  1139 E BufferQueueProducer: [SurfaceTexture-0-27344-1029](id:6ad00000049c,api:1,p:27344,c:27344) query: BufferQueue has been abandoned
12-28 00:57:31.627 27344  1139 E BufferQueueProducer: [SurfaceTexture-0-27344-1029](id:6ad00000049c,api:1,p:27344,c:27344) connect: BufferQueue has been abandoned
12-28 00:57:31.627 27344  1139 E libEGL  : eglCreateWindowSurface: native_window_api_connect (win=0x75ced83350) failed (0xffffffed) (already connected to another API?)
12-28 00:57:31.627 27344  1139 E libEGL  : eglCreateWindowSurfaceTmpl:697 error 3003 (EGL_BAD_ALLOC)
12-28 00:57:31.643 27344  1139 E BufferQueueProducer: [SurfaceTexture-0-27344-1029](id:6ad00000049c,api:1,p:27344,c:27344) query: BufferQueue has been abandoned
12-28 00:57:31.643 27344  1139 E BufferQueueProducer: [SurfaceTexture-0-27344-1029](id:6ad00000049c,api:1,p:27344,c:27344) connect: BufferQueue has been abandoned
12-28 00:57:31.644 27344  1139 E libEGL  : eglCreateWindowSurface: native_window_api_connect (win=0x75ced83350) failed (0xffffffed) (already connected to another API?)
12-28 00:57:31.644 27344  1139 E libEGL  : eglCreateWindowSurfaceTmpl:697 error 3003 (EGL_BAD_ALLOC)
12-28 00:57:31.660 27344  1139 E BufferQueueProducer: [SurfaceTexture-0-27344-1029](id:6ad00000049c,api:1,p:27344,c:27344) query: BufferQueue has been abandoned
12-28 00:57:31.660 27344  1139 E BufferQueueProducer: [SurfaceTexture-0-27344-1029](id:6ad00000049c,api:1,p:27344,c:27344) connect: BufferQueue has been abandoned
12-28 00:57:31.660 27344  1139 E libEGL  : eglCreateWindowSurface: native_window_api_connect (win=0x75ced83350) failed (0xffffffed) (already connected to another API?)
12-28 00:57:31.661 27344  1139 E libEGL  : eglCreateWindowSurfaceTmpl:697 error 3003 (EGL_BAD_ALLOC)
12-28 00:57:31.676 27344  1139 E BufferQueueProducer: [SurfaceTexture-0-27344-1029](id:6ad00000049c,api:1,p:27344,c:27344) query: BufferQueue has been abandoned
12-28 00:57:31.676 27344  1139 E BufferQueueProducer: [SurfaceTexture-0-27344-1029](id:6ad00000049c,api:1,p:27344,c:27344) connect: BufferQueue has been abandoned
12-28 00:57:31.676 27344  1139 E libEGL  : eglCreateWindowSurface: native_window_api_connect (win=0x75ced83350) failed (0xffffffed) (already connected to another API?)
12-28 00:57:31.677 27344  1139 E libEGL  : eglCreateWindowSurfaceTmpl:697 error 3003 (EGL_BAD_ALLOC)
12-28 00:57:31.693 27344  1139 E BufferQueueProducer: [SurfaceTexture-0-27344-1029](id:6ad00000049c,api:1,p:27344,c:27344) query: BufferQueue has been abandoned
12-28 00:57:31.693 27344  1139 E BufferQueueProducer: [SurfaceTexture-0-27344-1029](id:6ad00000049c,api:1,p:27344,c:27344) connect: BufferQueue has been abandoned
12-28 00:57:31.693 27344  1139 E libEGL  : eglCreateWindowSurface: native_window_api_connect (win=0x75ced83350) failed (0xffffffed) (already connected to another API?)
12-28 00:57:31.693 27344  1139 E libEGL  : eglCreateWindowSurfaceTmpl:697 error 3003 (EGL_BAD_ALLOC)
12-28 00:57:31.710 27344  1139 E BufferQueueProducer: [SurfaceTexture-0-27344-1029](id:6ad00000049c,api:1,p:27344,c:27344) query: BufferQueue has been abandoned
12-28 00:57:31.710 27344  1139 E BufferQueueProducer: [SurfaceTexture-0-27344-1029](id:6ad00000049c,api:1,p:27344,c:27344) connect: BufferQueue has been abandoned
12-28 00:57:31.710 27344  1139 E libEGL  : eglCreateWindowSurface: native_window_api_connect (win=0x75ced83350) failed (0xffffffed) (already connected to another API?)
12-28 00:57:31.710 27344  1139 E libEGL  : eglCreateWindowSurfaceTmpl:697 error 3003 (EGL_BAD_ALLOC)
12-28 00:57:31.726 27344  1139 E BufferQueueProducer: [SurfaceTexture-0-27344-1029](id:6ad00000049c,api:1,p:27344,c:27344) query: BufferQueue has been abandoned
12-28 00:57:31.727 27344  1139 E BufferQueueProducer: [SurfaceTexture-0-27344-1029](id:6ad00000049c,api:1,p:27344,c:27344) connect: BufferQueue has been abandoned
12-28 00:57:31.727 27344  1139 E libEGL  : eglCreateWindowSurface: native_window_api_connect (win=0x75ced83350) failed (0xffffffed) (already connected to another API?)
12-28 00:57:31.727 27344  1139 E libEGL  : eglCreateWindowSurfaceTmpl:697 error 3003 (EGL_BAD_ALLOC)
12-28 00:57:31.743 27344  1139 E BufferQueueProducer: [SurfaceTexture-0-27344-1029](id:6ad00000049c,api:1,p:27344,c:27344) query: BufferQueue has been abandoned
12-28 00:57:31.743 27344  1139 E BufferQueueProducer: [SurfaceTexture-0-27344-1029](id:6ad00000049c,api:1,p:27344,c:27344) connect: BufferQueue has been abandoned
12-28 00:57:31.744 27344  1139 E libEGL  : eglCreateWindowSurface: native_window_api_connect (win=0x75ced83350) failed (0xffffffed) (already connected to another API?)
12-28 00:57:31.744 27344  1139 E libEGL  : eglCreateWindowSurfaceTmpl:697 error 3003 (EGL_BAD_ALLOC)
12-28 00:57:31.760 27344  1139 E BufferQueueProducer: [SurfaceTexture-0-27344-1029](id:6ad00000049c,api:1,p:27344,c:27344) query: BufferQueue has been abandoned
12-28 00:57:31.760 27344  1139 E BufferQueueProducer: [SurfaceTexture-0-27344-1029](id:6ad00000049c,api:1,p:27344,c:27344) connect: BufferQueue has been abandoned
12-28 00:57:31.760 27344  1139 E libEGL  : eglCreateWindowSurface: native_window_api_connect (win=0x75ced83350) failed (0xffffffed) (already connected to another API?)
12-28 00:57:31.760 27344  1139 E libEGL  : eglCreateWindowSurfaceTmpl:697 error 3003 (EGL_BAD_ALLOC)
12-28 00:57:31.776 27344  1139 E BufferQueueProducer: [SurfaceTexture-0-27344-1029](id:6ad00000049c,api:1,p:27344,c:27344) query: BufferQueue has been abandoned
12-28 00:57:31.777 27344  1139 E BufferQueueProducer: [SurfaceTexture-0-27344-1029](id:6ad00000049c,api:1,p:27344,c:27344) connect: BufferQueue has been abandoned
12-28 00:57:31.777 27344  1139 E libEGL  : eglCreateWindowSurface: native_window_api_connect (win=0x75ced83350) failed (0xffffffed) (already connected to another API?)
12-28 00:57:31.777 27344  1139 E libEGL  : eglCreateWindowSurfaceTmpl:697 error 3003 (EGL_BAD_ALLOC)
12-28 00:57:31.793 27344  1139 E BufferQueueProducer: [SurfaceTexture-0-27344-1029](id:6ad00000049c,api:1,p:27344,c:27344) query: BufferQueue has been abandoned
12-28 00:57:31.793 27344  1139 E BufferQueueProducer: [SurfaceTexture-0-27344-1029](id:6ad00000049c,api:1,p:27344,c:27344) connect: BufferQueue has been abandoned
12-28 00:57:31.793 27344  1139 E libEGL  : eglCreateWindowSurface: native_window_api_connect (win=0x75ced83350) failed (0xffffffed) (already connected to another API?)
12-28 00:57:31.793 27344  1139 E libEGL  : eglCreateWindowSurfaceTmpl:697 error 3003 (EGL_BAD_ALLOC)
12-28 00:57:31.809  6431  6431 D ControlCenterHeaderExpandController: onExpansionChanged: progress =  0.0
12-28 00:57:31.810 27344  1139 E BufferQueueProducer: [SurfaceTexture-0-27344-1029](id:6ad00000049c,api:1,p:27344,c:27344) query: BufferQueue has been abandoned
12-28 00:57:31.810 27344  1139 E BufferQueueProducer: [SurfaceTexture-0-27344-1029](id:6ad00000049c,api:1,p:27344,c:27344) connect: BufferQueue has been abandoned
12-28 00:57:31.810 27344  1139 E libEGL  : eglCreateWindowSurface: native_window_api_connect (win=0x75ced83350) failed (0xffffffed) (already connected to another API?)
12-28 00:57:31.810 27344  1139 E libEGL  : eglCreateWindowSurfaceTmpl:697 error 3003 (EGL_BAD_ALLOC)
12-28 00:57:31.826 27344  1139 E BufferQueueProducer: [SurfaceTexture-0-27344-1029](id:6ad00000049c,api:1,p:27344,c:27344) query: BufferQueue has been abandoned
12-28 00:57:31.827 27344  1139 E BufferQueueProducer: [SurfaceTexture-0-27344-1029](id:6ad00000049c,api:1,p:27344,c:27344) connect: BufferQueue has been abandoned
