12-23 12:38:12.640 27967 27967 D DatabaseUpdateProgressDialog: Dialog created and shown successfully, isShowing=true
12-23 12:38:12.640 27967 27967 D DatabaseUpdateProgressDialog: updateProgress called: isUpdating=false, current=2250, total=50225, isShowing=true, dialog.isShowing=true
12-23 12:38:12.640 27967 27967 D DatabaseUpdateProgressDialog: Update not in progress, scheduling delayed check
12-23 12:38:12.663 27967 27967 D DatabaseUpdateProgressDialog: updateProgress called: isUpdating=false, current=2250, total=50225, isShowing=true, dialog.isShowing=true
12-23 12:38:12.663 27967 27967 D DatabaseUpdateProgressDialog: Update not in progress, scheduling delayed check
12-23 12:38:12.672 27967 28088 D DatabaseUpdateWorker: Starting database update work with lock
12-23 12:38:12.673 27967 28088 D DatabaseUpdateWorker: Starting new update with ID: 1766464692673
12-23 12:38:12.674 27967 28088 D DatabaseUpdateWorker: Starting new update with ID: 1766464692673
12-23 12:38:12.674 27967 28088 D RadioStationRepository: 寮€濮嬪悓姝ョ數鍙版暟鎹?
12-23 12:38:12.674 27967 28088 D DatabaseUpdateWorker: Progress: 姝ｅ湪妫€鏌ョ綉缁滆繛鎺?(0/100)
12-23 12:38:12.675 27967 28088 D RadioStationRepository: 浣跨敤24灏忔椂鍐呯殑缃戠粶妫€鏌ョ粨鏋?
12-23 12:38:12.675 27967 28088 D RadioStationRepository: 鎵惧埌鏈€蹇殑鏈嶅姟鍣? fi1.api.radio-browser.info (HTTPS: false)
12-23 12:38:12.676 27967 28088 D DatabaseUpdateWorker: Progress: 姝ｅ湪鑾峰彇鐢靛彴鎬绘暟 (0/100)
12-23 12:38:12.676 27967 28088 D RadioStationRepository: Attempting to download stats from: fi1.api.radio-browser.info/json/stats
12-23 12:38:13.164 27967 27967 D DatabaseUpdateProgressDialog: updateProgress called: isUpdating=true, current=0, total=100, isShowing=true, dialog.isShowing=true
12-23 12:38:13.642 27967 28088 D RadioStationRepository: Download completed, result is non-null
12-23 12:38:13.642 27967 28088 D RadioStationRepository: 鏈嶅姟鍣ㄨ繑鍥炵殑鍘熷缁熻淇℃伅: {"supported_version":1,"software_version":"0.7.31","status":"OK","stations":50223,"stations_broken":344,"tags":10523,"clicks_last_hour":3301,"clicks_last_day":135444,"languages":596,"countries":238}
12-23 12:38:13.642 27967 28088 D RadioStationRepository: 瑙ｆ瀽寰楀埌鐨勭數鍙版€绘暟: 50223
12-23 12:38:13.642 27967 28088 D DatabaseUpdateWorker: Progress: 鏌ヨ鍒扮綉缁滄暟鎹簱鐜板瓨 50223 涓數鍙?(0/50223)
12-23 12:38:13.643 27967 28088 D RadioStationRepository: 涓绘暟鎹簱涓殑鐢靛彴鏁伴噺: 50116
12-23 12:38:13.643 27967 28088 D DatabaseUpdateWorker: Progress: 寮€濮嬫洿鏂颁复鏃舵暟鎹簱 (0/50223)
12-23 12:38:13.669 27967 27967 D DatabaseUpdateProgressDialog: updateProgress called: isUpdating=true, current=0, total=50223, isShowing=true, dialog.isShowing=true
12-23 12:38:14.171 27967 27967 D DatabaseUpdateProgressDialog: updateProgress called: isUpdating=true, current=0, total=50223, isShowing=true, dialog.isShowing=true
12-23 12:38:14.545 27967 28088 D RadioStationRepository: 宸叉竻绌轰复鏃舵暟鎹簱
12-23 12:38:14.675 27967 27967 D DatabaseUpdateProgressDialog: updateProgress called: isUpdating=true, current=0, total=50223, isShowing=true, dialog.isShowing=true
12-23 12:38:15.178 27967 27967 D DatabaseUpdateProgressDialog: updateProgress called: isUpdating=true, current=0, total=50223, isShowing=true, dialog.isShowing=true
12-23 12:38:15.560 27967 28088 D RadioStationRepository: 宸蹭笅杞?50/50223 涓數鍙?
12-23 12:38:15.560 27967 28088 D DatabaseUpdateWorker: Progress: 姝ｅ湪涓嬭浇鐢靛彴鏁版嵁 (50/50223)
12-23 12:38:16.528 27967 28088 D RadioStationRepository: 宸蹭笅杞?100/50223 涓數鍙?
12-23 12:38:16.528 27967 28088 D DatabaseUpdateWorker: Progress: 姝ｅ湪涓嬭浇鐢靛彴鏁版嵁 (100/50223)
12-23 12:38:18.359 27967 28088 D RadioStationRepository: 宸蹭笅杞?150/50223 涓數鍙?
12-23 12:38:18.359 27967 28088 D DatabaseUpdateWorker: Progress: 姝ｅ湪涓嬭浇鐢靛彴鏁版嵁 (150/50223)
12-23 12:38:19.401 27967 28088 D RadioStationRepository: 宸蹭笅杞?200/50223 涓數鍙?
12-23 12:38:19.401 27967 28088 D DatabaseUpdateWorker: Progress: 姝ｅ湪涓嬭浇鐢靛彴鏁版嵁 (200/50223)
12-23 12:38:21.245 27967 28088 D RadioStationRepository: 宸蹭笅杞?250/50223 涓數鍙?
12-23 12:38:21.245 27967 28088 D DatabaseUpdateWorker: Progress: 姝ｅ湪涓嬭浇鐢靛彴鏁版嵁 (250/50223)
12-23 12:38:23.101 27967 28088 D RadioStationRepository: 宸蹭笅杞?300/50223 涓數鍙?
12-23 12:38:23.101 27967 28088 D DatabaseUpdateWorker: Progress: 姝ｅ湪涓嬭浇鐢靛彴鏁版嵁 (300/50223)
12-23 12:38:26.569 27967 28088 D RadioStationRepository: 宸蹭笅杞?350/50223 涓數鍙?
12-23 12:38:26.569 27967 28088 D DatabaseUpdateWorker: Progress: 姝ｅ湪涓嬭浇鐢靛彴鏁版嵁 (350/50223)
12-23 12:38:29.657 27967 28088 D RadioStationRepository: 宸蹭笅杞?400/50223 涓數鍙?
12-23 12:38:29.658 27967 28088 D DatabaseUpdateWorker: Progress: 姝ｅ湪涓嬭浇鐢靛彴鏁版嵁 (400/50223)
12-23 12:38:35.088 27967 28088 D RadioStationRepository: 宸蹭笅杞?450/50223 涓數鍙?
12-23 12:38:35.088 27967 28088 D DatabaseUpdateWorker: Progress: 姝ｅ湪涓嬭浇鐢靛彴鏁版嵁 (450/50223)
12-23 12:38:41.720 27967 28088 D RadioStationRepository: 宸蹭笅杞?500/50223 涓數鍙?
12-23 12:38:41.843 27967 28088 D RadioStationRepository: 鎵归噺鎻掑叆浜?500 涓數鍙板埌涓存椂鏁版嵁搴?
12-23 12:38:41.843 27967 28088 D DatabaseUpdateWorker: Progress: 姝ｅ湪涓嬭浇鐢靛彴鏁版嵁 (500/50223)
12-23 12:38:44.574 27967 28088 D RadioStationRepository: 宸蹭笅杞?550/50223 涓數鍙?
12-23 12:38:44.574 27967 28088 D DatabaseUpdateWorker: Progress: 姝ｅ湪涓嬭浇鐢靛彴鏁版嵁 (550/50223)
12-23 12:38:46.636 27967 28088 D RadioStationRepository: 宸蹭笅杞?600/50223 涓數鍙?
12-23 12:38:46.636 27967 28088 D DatabaseUpdateWorker: Progress: 姝ｅ湪涓嬭浇鐢靛彴鏁版嵁 (600/50223)
12-23 12:38:58.089 28499 28499 D FragmentSettings: onResume called
12-23 12:38:58.095 28499 28499 D FragmentSettings: checkAndRestoreUpdateDialog called
12-23 12:38:58.095 28499 28499 D DatabaseUpdateWorker: isUpdating called with lock
12-23 12:38:58.095 28499 28499 D DatabaseUpdateWorker: SharedPreferences isUpdating: true
12-23 12:38:58.095 28499 28499 D DatabaseUpdateWorker: SharedPreferences shows updating, checking start time: 1766464692673, current: 1766464738095
12-23 12:38:58.095 28499 28499 D DatabaseUpdateWorker: Update started recently, assuming still in progress
12-23 12:38:58.097 28499 28499 D DatabaseUpdateWorker: WorkManager workInfos: 1 items
12-23 12:38:58.097 28499 28499 D DatabaseUpdateWorker: WorkInfo state: RUNNING, id: 1a0b79b3-caba-447d-8ccd-3ea60003c89b
12-23 12:38:58.097 28499 28499 D DatabaseUpdateWorker: Confirmed: WorkManager has running/enqueued task, update is in progress
12-23 12:38:58.097 28499 28499 D FragmentSettings: DatabaseUpdateManager.isUpdating() returned: true
12-23 12:38:58.097 28499 28499 D FragmentSettings: updateDialog exists: false
12-23 12:38:58.097 28499 28499 D FragmentSettings: Restoring dialog - isUpdating: true, dialogExists: false
12-23 12:38:58.097 28499 28499 D FragmentSettings: Creating new DatabaseUpdateProgressDialog
12-23 12:38:58.097 28499 28499 D DatabaseUpdateProgressDialog: isShowing() called, returning false (dialog=null, dialog.isShowing=N/A, internal isShowing=false)
12-23 12:38:58.098 28499 28499 D FragmentSettings: Dialog is not showing, calling show()
12-23 12:38:58.098 28499 28499 D DatabaseUpdateWorker: App foreground time updated
12-23 12:38:58.401 28499 28578 D DatabaseUpdateWorker: Starting database update work with lock
12-23 12:38:58.404 28499 28578 D DatabaseUpdateWorker: Resuming existing update with ID: 1766464692673
12-23 12:38:58.404 28499 28578 D DatabaseUpdateWorker: Resuming existing update with ID: 1766464692673
12-23 12:38:58.404 28499 28578 D DatabaseUpdateWorker: Progress: 姝ｅ湪涓嬭浇鐢靛彴鏁版嵁 (600/50223)
12-23 12:38:58.404 28499 28578 D RadioStationRepository: 寮€濮嬪悓姝ョ數鍙版暟鎹?
12-23 12:38:58.404 28499 28578 D DatabaseUpdateWorker: Progress: 姝ｅ湪妫€鏌ョ綉缁滆繛鎺?(0/100)
12-23 12:38:58.406 28499 28578 D RadioStationRepository: 浣跨敤24灏忔椂鍐呯殑缃戠粶妫€鏌ョ粨鏋?
12-23 12:38:58.406 28499 28578 D RadioStationRepository: 鎵惧埌鏈€蹇殑鏈嶅姟鍣? fi1.api.radio-browser.info (HTTPS: false)
12-23 12:38:58.406 28499 28578 D DatabaseUpdateWorker: Progress: 姝ｅ湪鑾峰彇鐢靛彴鎬绘暟 (0/100)
12-23 12:38:58.406 28499 28578 D RadioStationRepository: Attempting to download stats from: fi1.api.radio-browser.info/json/stats
12-23 12:38:58.598 28499 28499 D DatabaseUpdateProgressDialog: isShowing() called, returning false (dialog=null, dialog.isShowing=N/A, internal isShowing=false)
12-23 12:38:58.598 28499 28499 D FragmentSettings: In delayed runnable: updateDialog.isShowing=false
12-23 12:38:58.598 28499 28499 D DatabaseUpdateProgressDialog: show() called, isShowing=false, dialog=null, dialog.isShowing=N/A
12-23 12:38:58.620 28499 28499 D DatabaseUpdateProgressDialog: Dialog created and shown successfully, isShowing=true
12-23 12:38:58.620 28499 28499 D DatabaseUpdateProgressDialog: updateProgress called: isUpdating=true, current=0, total=100, isShowing=true, dialog.isShowing=true
12-23 12:38:58.620 28499 28499 D FragmentSettings: Dialog shown for active update
12-23 12:38:58.654 28499 28499 D DatabaseUpdateProgressDialog: updateProgress called: isUpdating=true, current=0, total=100, isShowing=true, dialog.isShowing=true
12-23 12:38:59.156 28499 28499 D DatabaseUpdateProgressDialog: updateProgress called: isUpdating=true, current=0, total=100, isShowing=true, dialog.isShowing=true
12-23 12:38:59.313 28499 28578 D RadioStationRepository: Download completed, result is non-null
12-23 12:38:59.313 28499 28578 D RadioStationRepository: 鏈嶅姟鍣ㄨ繑鍥炵殑鍘熷缁熻淇℃伅: {"supported_version":1,"software_version":"0.7.31","status":"OK","stations":50223,"stations_broken":344,"tags":10523,"clicks_last_hour":3301,"clicks_last_day":135444,"languages":596,"countries":238}
12-23 12:38:59.314 28499 28578 D RadioStationRepository: 瑙ｆ瀽寰楀埌鐨勭數鍙版€绘暟: 50223
12-23 12:38:59.314 28499 28578 D DatabaseUpdateWorker: Progress: 鏌ヨ鍒扮綉缁滄暟鎹簱鐜板瓨 50223 涓數鍙?(0/50223)
12-23 12:38:59.314 28499 28578 D RadioStationRepository: 涓绘暟鎹簱涓殑鐢靛彴鏁伴噺: 50116
12-23 12:38:59.314 28499 28578 D DatabaseUpdateWorker: Progress: 寮€濮嬫洿鏂颁复鏃舵暟鎹簱 (0/50223)
12-23 12:38:59.320 28499 28578 D RadioStationRepository: 鎭㈠妯″紡锛氫复鏃舵暟鎹簱涓凡鏈?500 涓數鍙?
12-23 12:38:59.320 28499 28578 D DatabaseUpdateWorker: Progress: 鎭㈠涓嬭浇杩涘害 (500/50223)
12-23 12:38:59.321 28499 28578 D RadioStationRepository: 鎭㈠妯″紡锛氫粠绗?11 椤靛紑濮嬩笅杞斤紝宸叉湁 500 涓數鍙?
12-23 12:38:59.656 28499 28499 D DatabaseUpdateProgressDialog: updateProgress called: isUpdating=true, current=500, total=50223, isShowing=true, dialog.isShowing=true
12-23 12:38:59.712 28499 28578 D RadioStationRepository: 宸蹭笅杞?550/50223 涓數鍙?
12-23 12:38:59.712 28499 28578 D DatabaseUpdateWorker: Progress: 姝ｅ湪涓嬭浇鐢靛彴鏁版嵁 (550/50223)
12-23 12:39:00.162 28499 28499 D DatabaseUpdateProgressDialog: updateProgress called: isUpdating=true, current=550, total=50223, isShowing=true, dialog.isShowing=true
12-23 12:39:00.666 28499 28499 D DatabaseUpdateProgressDialog: updateProgress called: isUpdating=true, current=550, total=50223, isShowing=true, dialog.isShowing=true
12-23 12:39:01.169 28499 28499 D DatabaseUpdateProgressDialog: updateProgress called: isUpdating=true, current=550, total=50223, isShowing=true, dialog.isShowing=true
12-23 12:39:01.361 28499 28578 D RadioStationRepository: 宸蹭笅杞?600/50223 涓數鍙?
12-23 12:39:01.361 28499 28578 D DatabaseUpdateWorker: Progress: 姝ｅ湪涓嬭浇鐢靛彴鏁版嵁 (600/50223)
12-23 12:39:01.670 28499 28499 D DatabaseUpdateProgressDialog: updateProgress called: isUpdating=true, current=600, total=50223, isShowing=true, dialog.isShowing=true
12-23 12:39:02.174 28499 28499 D DatabaseUpdateProgressDialog: updateProgress called: isUpdating=true, current=600, total=50223, isShowing=true, dialog.isShowing=true
12-23 12:39:02.677 28499 28499 D DatabaseUpdateProgressDialog: updateProgress called: isUpdating=true, current=600, total=50223, isShowing=true, dialog.isShowing=true
12-23 12:39:03.178 28499 28499 D DatabaseUpdateProgressDialog: updateProgress called: isUpdating=true, current=600, total=50223, isShowing=true, dialog.isShowing=true
12-23 12:39:03.683 28499 28499 D DatabaseUpdateProgressDialog: updateProgress called: isUpdating=true, current=600, total=50223, isShowing=true, dialog.isShowing=true
12-23 12:39:03.726 28499 28578 D RadioStationRepository: 宸蹭笅杞?650/50223 涓數鍙?
12-23 12:39:03.726 28499 28578 D DatabaseUpdateWorker: Progress: 姝ｅ湪涓嬭浇鐢靛彴鏁版嵁 (650/50223)
12-23 12:39:04.189 28499 28499 D DatabaseUpdateProgressDialog: updateProgress called: isUpdating=true, current=650, total=50223, isShowing=true, dialog.isShowing=true
12-23 12:39:04.652 28499 28578 D RadioStationRepository: 宸蹭笅杞?700/50223 涓數鍙?
12-23 12:39:04.652 28499 28578 D DatabaseUpdateWorker: Progress: 姝ｅ湪涓嬭浇鐢靛彴鏁版嵁 (700/50223)
12-23 12:39:04.691 28499 28499 D DatabaseUpdateProgressDialog: updateProgress called: isUpdating=true, current=700, total=50223, isShowing=true, dialog.isShowing=true
12-23 12:39:05.193 28499 28499 D DatabaseUpdateProgressDialog: updateProgress called: isUpdating=true, current=700, total=50223, isShowing=true, dialog.isShowing=true
12-23 12:39:05.598 28499 28578 D RadioStationRepository: 宸蹭笅杞?750/50223 涓數鍙?
12-23 12:39:05.598 28499 28578 D DatabaseUpdateWorker: Progress: 姝ｅ湪涓嬭浇鐢靛彴鏁版嵁 (750/50223)
12-23 12:39:05.698 28499 28499 D DatabaseUpdateProgressDialog: updateProgress called: isUpdating=true, current=750, total=50223, isShowing=true, dialog.isShowing=true
12-23 12:39:06.207 28499 28499 D DatabaseUpdateProgressDialog: updateProgress called: isUpdating=true, current=750, total=50223, isShowing=true, dialog.isShowing=true
12-23 12:39:06.511 28499 28578 D RadioStationRepository: 宸蹭笅杞?800/50223 涓數鍙?
12-23 12:39:06.511 28499 28578 D DatabaseUpdateWorker: Progress: 姝ｅ湪涓嬭浇鐢靛彴鏁版嵁 (800/50223)
12-23 12:39:06.715 28499 28499 D DatabaseUpdateProgressDialog: updateProgress called: isUpdating=true, current=800, total=50223, isShowing=true, dialog.isShowing=true
12-23 12:39:07.222 28499 28499 D DatabaseUpdateProgressDialog: updateProgress called: isUpdating=true, current=800, total=50223, isShowing=true, dialog.isShowing=true
12-23 12:39:07.728 28499 28499 D DatabaseUpdateProgressDialog: updateProgress called: isUpdating=true, current=800, total=50223, isShowing=true, dialog.isShowing=true
12-23 12:39:08.240 28499 28499 D DatabaseUpdateProgressDialog: updateProgress called: isUpdating=true, current=800, total=50223, isShowing=true, dialog.isShowing=true
12-23 12:39:08.751 28499 28499 D DatabaseUpdateProgressDialog: updateProgress called: isUpdating=true, current=800, total=50223, isShowing=true, dialog.isShowing=true
12-23 12:39:09.255 28499 28499 D DatabaseUpdateProgressDialog: updateProgress called: isUpdating=true, current=800, total=50223, isShowing=true, dialog.isShowing=true
12-23 12:39:09.644 28499 28578 D RadioStationRepository: 宸蹭笅杞?850/50223 涓數鍙?
12-23 12:39:09.644 28499 28578 D DatabaseUpdateWorker: Progress: 姝ｅ湪涓嬭浇鐢靛彴鏁版嵁 (850/50223)
12-23 12:39:09.759 28499 28499 D DatabaseUpdateProgressDialog: updateProgress called: isUpdating=true, current=850, total=50223, isShowing=true, dialog.isShowing=true
12-23 12:39:10.265 28499 28499 D DatabaseUpdateProgressDialog: updateProgress called: isUpdating=true, current=850, total=50223, isShowing=true, dialog.isShowing=true
12-23 12:39:10.776 28499 28499 D DatabaseUpdateProgressDialog: updateProgress called: isUpdating=true, current=850, total=50223, isShowing=true, dialog.isShowing=true
12-23 12:39:11.280 28499 28499 D DatabaseUpdateProgressDialog: updateProgress called: isUpdating=true, current=850, total=50223, isShowing=true, dialog.isShowing=true
12-23 12:39:11.793 28499 28499 D DatabaseUpdateProgressDialog: updateProgress called: isUpdating=true, current=850, total=50223, isShowing=true, dialog.isShowing=true
12-23 12:39:12.304 28499 28499 D DatabaseUpdateProgressDialog: updateProgress called: isUpdating=true, current=850, total=50223, isShowing=true, dialog.isShowing=true
12-23 12:39:12.814 28499 28499 D DatabaseUpdateProgressDialog: updateProgress called: isUpdating=true, current=850, total=50223, isShowing=true, dialog.isShowing=true
12-23 12:39:13.057 28499 28578 D RadioStationRepository: 宸蹭笅杞?900/50223 涓數鍙?
12-23 12:39:13.058 28499 28578 D DatabaseUpdateWorker: Progress: 姝ｅ湪涓嬭浇鐢靛彴鏁版嵁 (900/50223)
12-23 12:39:13.322 28499 28499 D DatabaseUpdateProgressDialog: updateProgress called: isUpdating=true, current=900, total=50223, isShowing=true, dialog.isShowing=true
12-23 12:39:13.828 28499 28499 D DatabaseUpdateProgressDialog: updateProgress called: isUpdating=true, current=900, total=50223, isShowing=true, dialog.isShowing=true
12-23 12:39:14.338 28499 28499 D DatabaseUpdateProgressDialog: updateProgress called: isUpdating=true, current=900, total=50223, isShowing=true, dialog.isShowing=true
12-23 12:39:14.847 28499 28499 D DatabaseUpdateProgressDialog: updateProgress called: isUpdating=true, current=900, total=50223, isShowing=true, dialog.isShowing=true
12-23 12:39:15.360 28499 28499 D DatabaseUpdateProgressDialog: updateProgress called: isUpdating=true, current=900, total=50223, isShowing=true, dialog.isShowing=true
12-23 12:39:15.871 28499 28499 D DatabaseUpdateProgressDialog: updateProgress called: isUpdating=true, current=900, total=50223, isShowing=true, dialog.isShowing=true
12-23 12:39:16.147 28499 28578 D RadioStationRepository: 宸蹭笅杞?950/50223 涓數鍙?
12-23 12:39:16.147 28499 28578 D DatabaseUpdateWorker: Progress: 姝ｅ湪涓嬭浇鐢靛彴鏁版嵁 (950/50223)
12-23 12:39:16.383 28499 28499 D DatabaseUpdateProgressDialog: updateProgress called: isUpdating=true, current=950, total=50223, isShowing=true, dialog.isShowing=true
12-23 12:39:16.895 28499 28499 D DatabaseUpdateProgressDialog: updateProgress called: isUpdating=true, current=950, total=50223, isShowing=true, dialog.isShowing=true
12-23 12:39:17.406 28499 28499 D DatabaseUpdateProgressDialog: updateProgress called: isUpdating=true, current=950, total=50223, isShowing=true, dialog.isShowing=true
12-23 12:39:17.474 28499 28578 D RadioStationRepository: 宸蹭笅杞?1000/50223 涓數鍙?
12-23 12:39:17.563 28499 28578 D RadioStationRepository: 鎵归噺鎻掑叆浜?500 涓數鍙板埌涓存椂鏁版嵁搴?
12-23 12:39:17.563 28499 28578 D DatabaseUpdateWorker: Progress: 姝ｅ湪涓嬭浇鐢靛彴鏁版嵁 (1000/50223)
12-23 12:39:17.914 28499 28499 D DatabaseUpdateProgressDialog: updateProgress called: isUpdating=true, current=1000, total=50223, isShowing=true, dialog.isShowing=true
12-23 12:39:18.420 28499 28499 D DatabaseUpdateProgressDialog: updateProgress called: isUpdating=true, current=1000, total=50223, isShowing=true, dialog.isShowing=true
12-23 12:39:18.927 28499 28499 D DatabaseUpdateProgressDialog: updateProgress called: isUpdating=true, current=1000, total=50223, isShowing=true, dialog.isShowing=true
12-23 12:39:19.435 28499 28499 D DatabaseUpdateProgressDialog: updateProgress called: isUpdating=true, current=1000, total=50223, isShowing=true, dialog.isShowing=true
12-23 12:39:19.784 28499 28578 D RadioStationRepository: 宸蹭笅杞?1050/50223 涓數鍙?
12-23 12:39:19.784 28499 28578 D DatabaseUpdateWorker: Progress: 姝ｅ湪涓嬭浇鐢靛彴鏁版嵁 (1050/50223)
12-23 12:39:19.944 28499 28499 D DatabaseUpdateProgressDialog: updateProgress called: isUpdating=true, current=1050, total=50223, isShowing=true, dialog.isShowing=true
12-23 12:39:20.457 28499 28499 D DatabaseUpdateProgressDialog: updateProgress called: isUpdating=true, current=1050, total=50223, isShowing=true, dialog.isShowing=true
12-23 12:39:20.969 28499 28499 D DatabaseUpdateProgressDialog: updateProgress called: isUpdating=true, current=1050, total=50223, isShowing=true, dialog.isShowing=true
12-23 12:39:21.168 28499 28578 D RadioStationRepository: 宸蹭笅杞?1100/50223 涓數鍙?
12-23 12:39:21.168 28499 28578 D DatabaseUpdateWorker: Progress: 姝ｅ湪涓嬭浇鐢靛彴鏁版嵁 (1100/50223)
12-23 12:39:21.482 28499 28499 D DatabaseUpdateProgressDialog: updateProgress called: isUpdating=true, current=1100, total=50223, isShowing=true, dialog.isShowing=true
12-23 12:39:21.995 28499 28499 D DatabaseUpdateProgressDialog: updateProgress called: isUpdating=true, current=1100, total=50223, isShowing=true, dialog.isShowing=true
12-23 12:39:22.507 28499 28499 D DatabaseUpdateProgressDialog: updateProgress called: isUpdating=true, current=1100, total=50223, isShowing=true, dialog.isShowing=true
12-23 12:39:23.018 28499 28499 D DatabaseUpdateProgressDialog: updateProgress called: isUpdating=true, current=1100, total=50223, isShowing=true, dialog.isShowing=true
12-23 12:39:23.395 28499 28578 D RadioStationRepository: 宸蹭笅杞?1150/50223 涓數鍙?
12-23 12:39:23.395 28499 28578 D DatabaseUpdateWorker: Progress: 姝ｅ湪涓嬭浇鐢靛彴鏁版嵁 (1150/50223)
12-23 12:39:23.525 28499 28499 D DatabaseUpdateProgressDialog: updateProgress called: isUpdating=true, current=1150, total=50223, isShowing=true, dialog.isShowing=true
12-23 12:39:24.036 28499 28499 D DatabaseUpdateProgressDialog: updateProgress called: isUpdating=true, current=1150, total=50223, isShowing=true, dialog.isShowing=true
12-23 12:39:24.548 28499 28499 D DatabaseUpdateProgressDialog: updateProgress called: isUpdating=true, current=1150, total=50223, isShowing=true, dialog.isShowing=true
12-23 12:39:25.059 28499 28499 D DatabaseUpdateProgressDialog: updateProgress called: isUpdating=true, current=1150, total=50223, isShowing=true, dialog.isShowing=true
12-23 12:39:25.571 28499 28499 D DatabaseUpdateProgressDialog: updateProgress called: isUpdating=true, current=1150, total=50223, isShowing=true, dialog.isShowing=true
12-23 12:39:26.063 28499 28578 D RadioStationRepository: 宸蹭笅杞?1200/50223 涓數鍙?
12-23 12:39:26.063 28499 28578 D DatabaseUpdateWorker: Progress: 姝ｅ湪涓嬭浇鐢靛彴鏁版嵁 (1200/50223)
12-23 12:39:26.082 28499 28499 D DatabaseUpdateProgressDialog: updateProgress called: isUpdating=true, current=1200, total=50223, isShowing=true, dialog.isShowing=true
12-23 12:39:26.592 28499 28499 D DatabaseUpdateProgressDialog: updateProgress called: isUpdating=true, current=1200, total=50223, isShowing=true, dialog.isShowing=true
12-23 12:39:27.105 28499 28499 D DatabaseUpdateProgressDialog: updateProgress called: isUpdating=true, current=1200, total=50223, isShowing=true, dialog.isShowing=true
12-23 12:39:27.615 28499 28499 D DatabaseUpdateProgressDialog: updateProgress called: isUpdating=true, current=1200, total=50223, isShowing=true, dialog.isShowing=true
12-23 12:39:28.126 28499 28499 D DatabaseUpdateProgressDialog: updateProgress called: isUpdating=true, current=1200, total=50223, isShowing=true, dialog.isShowing=true
12-23 12:39:28.632 28499 28499 D DatabaseUpdateProgressDialog: updateProgress called: isUpdating=true, current=1200, total=50223, isShowing=true, dialog.isShowing=true
12-23 12:39:29.143 28499 28499 D DatabaseUpdateProgressDialog: updateProgress called: isUpdating=true, current=1200, total=50223, isShowing=true, dialog.isShowing=true
12-23 12:39:29.151 28499 28578 D RadioStationRepository: 宸蹭笅杞?1250/50223 涓數鍙?
12-23 12:39:29.152 28499 28578 D DatabaseUpdateWorker: Progress: 姝ｅ湪涓嬭浇鐢靛彴鏁版嵁 (1250/50223)
12-23 12:39:29.650 28499 28499 D DatabaseUpdateProgressDialog: updateProgress called: isUpdating=true, current=1250, total=50223, isShowing=true, dialog.isShowing=true
12-23 12:39:30.160 28499 28499 D DatabaseUpdateProgressDialog: updateProgress called: isUpdating=true, current=1250, total=50223, isShowing=true, dialog.isShowing=true
12-23 12:39:30.669 28499 28499 D DatabaseUpdateProgressDialog: updateProgress called: isUpdating=true, current=1250, total=50223, isShowing=true, dialog.isShowing=true
12-23 12:39:31.004 28499 28578 D RadioStationRepository: 宸蹭笅杞?1300/50223 涓數鍙?
12-23 12:39:31.004 28499 28578 D DatabaseUpdateWorker: Progress: 姝ｅ湪涓嬭浇鐢靛彴鏁版嵁 (1300/50223)
12-23 12:39:31.180 28499 28499 D DatabaseUpdateProgressDialog: updateProgress called: isUpdating=true, current=1300, total=50223, isShowing=true, dialog.isShowing=true
12-23 12:39:31.694 28499 28499 D DatabaseUpdateProgressDialog: updateProgress called: isUpdating=true, current=1300, total=50223, isShowing=true, dialog.isShowing=true
12-23 12:39:32.213 28499 28499 D DatabaseUpdateProgressDialog: updateProgress called: isUpdating=true, current=1300, total=50223, isShowing=true, dialog.isShowing=true
12-23 12:39:32.728 28499 28499 D DatabaseUpdateProgressDialog: updateProgress called: isUpdating=true, current=1300, total=50223, isShowing=true, dialog.isShowing=true
12-23 12:39:33.236 28499 28499 D DatabaseUpdateProgressDialog: updateProgress called: isUpdating=true, current=1300, total=50223, isShowing=true, dialog.isShowing=true
12-23 12:39:33.355 28499 28578 D RadioStationRepository: 宸蹭笅杞?1350/50223 涓數鍙?
12-23 12:39:33.356 28499 28578 D DatabaseUpdateWorker: Progress: 姝ｅ湪涓嬭浇鐢靛彴鏁版嵁 (1350/50223)
12-23 12:39:33.747 28499 28499 D DatabaseUpdateProgressDialog: updateProgress called: isUpdating=true, current=1350, total=50223, isShowing=true, dialog.isShowing=true
12-23 12:39:34.260 28499 28499 D DatabaseUpdateProgressDialog: updateProgress called: isUpdating=true, current=1350, total=50223, isShowing=true, dialog.isShowing=true
12-23 12:39:34.765 28499 28499 D DatabaseUpdateProgressDialog: updateProgress called: isUpdating=true, current=1350, total=50223, isShowing=true, dialog.isShowing=true
12-23 12:39:35.272 28499 28499 D DatabaseUpdateProgressDialog: updateProgress called: isUpdating=true, current=1350, total=50223, isShowing=true, dialog.isShowing=true
12-23 12:39:35.309 28499 28578 D RadioStationRepository: 宸蹭笅杞?1400/50223 涓數鍙?
12-23 12:39:35.310 28499 28578 D DatabaseUpdateWorker: Progress: 姝ｅ湪涓嬭浇鐢靛彴鏁版嵁 (1400/50223)
12-23 12:39:35.794 28499 28539 D DatabaseUpdateWorker: Worker stopped
12-23 12:39:40.010 28499 28578 D RadioStationRepository: 宸蹭笅杞?1450/50223 涓數鍙?
12-23 12:39:40.010 28499 28578 D DatabaseUpdateWorker: Progress: 姝ｅ湪涓嬭浇鐢靛彴鏁版嵁 (1450/50223)
12-23 12:39:43.382 28499 28578 D RadioStationRepository: 宸蹭笅杞?1500/50223 涓數鍙?
12-23 12:39:43.477 28499 28578 D RadioStationRepository: 鎵归噺鎻掑叆浜?500 涓數鍙板埌涓存椂鏁版嵁搴?
12-23 12:39:43.477 28499 28578 D DatabaseUpdateWorker: Progress: 姝ｅ湪涓嬭浇鐢靛彴鏁版嵁 (1500/50223)
12-23 12:39:45.392 28499 28578 D RadioStationRepository: 宸蹭笅杞?1550/50223 涓數鍙?
12-23 12:39:45.392 28499 28578 D DatabaseUpdateWorker: Progress: 姝ｅ湪涓嬭浇鐢靛彴鏁版嵁 (1550/50223)
12-23 12:39:46.728 28499 28578 D RadioStationRepository: 宸蹭笅杞?1600/50223 涓數鍙?
12-23 12:39:46.728 28499 28578 D DatabaseUpdateWorker: Progress: 姝ｅ湪涓嬭浇鐢靛彴鏁版嵁 (1600/50223)
12-23 12:39:47.686 28499 28578 D RadioStationRepository: 宸蹭笅杞?1650/50223 涓數鍙?
12-23 12:39:47.686 28499 28578 D DatabaseUpdateWorker: Progress: 姝ｅ湪涓嬭浇鐢靛彴鏁版嵁 (1650/50223)
12-23 12:41:45.448  8640  8640 D FragmentSettings: onResume called
12-23 12:41:45.457  8640  8640 D FragmentSettings: checkAndRestoreUpdateDialog called
12-23 12:41:45.458  8640  8640 D DatabaseUpdateWorker: isUpdating called with lock
12-23 12:41:45.460  8640  8640 D DatabaseUpdateWorker: SharedPreferences isUpdating: false
12-23 12:41:45.467  8640  8640 D DatabaseUpdateWorker: WorkManager workInfos: 1 items
12-23 12:41:45.467  8640  8640 D DatabaseUpdateWorker: WorkInfo state: CANCELLED, id: 1a0b79b3-caba-447d-8ccd-3ea60003c89b
12-23 12:41:45.467  8640  8640 D DatabaseUpdateWorker: No update in progress, returning false
12-23 12:41:45.467  8640  8640 D FragmentSettings: DatabaseUpdateManager.isUpdating() returned: false
12-23 12:41:45.467  8640  8640 D FragmentSettings: updateDialog exists: false
12-23 12:41:45.467  8640  8640 D FragmentSettings: No database update in progress
12-23 12:41:45.469  8640  8640 D DatabaseUpdateWorker: App foreground time updated
12-23 12:45:01.679  8640  8640 D FragmentSettings: onResume called
12-23 12:45:01.682  8640  8640 D FragmentSettings: checkAndRestoreUpdateDialog called
12-23 12:45:01.682  8640  8640 D DatabaseUpdateWorker: isUpdating called with lock
12-23 12:45:01.683  8640  8640 D DatabaseUpdateWorker: SharedPreferences isUpdating: false
12-23 12:45:01.683  8640  8640 D DatabaseUpdateWorker: WorkManager workInfos: 1 items
12-23 12:45:01.683  8640  8640 D DatabaseUpdateWorker: WorkInfo state: CANCELLED, id: 1a0b79b3-caba-447d-8ccd-3ea60003c89b
12-23 12:45:01.683  8640  8640 D DatabaseUpdateWorker: No update in progress, returning false
12-23 12:45:01.683  8640  8640 D FragmentSettings: DatabaseUpdateManager.isUpdating() returned: false
12-23 12:45:01.683  8640  8640 D FragmentSettings: updateDialog exists: false
12-23 12:45:01.683  8640  8640 D FragmentSettings: No database update in progress
12-23 12:45:01.684  8640  8640 D DatabaseUpdateWorker: App foreground time updated
